Component: ARM Compiler 5.06 update 7 (build 960) Tool: armlink [4d3601]

==============================================================================

Section Cross References

    main.o(i.AnalyseCommand_Task) refers to queue.o(i.xQueueGenericReceive) for xQueueGenericReceive
    main.o(i.AnalyseCommand_Task) refers to printfa.o(i.__0printf) for __2printf
    main.o(i.AnalyseCommand_Task) refers to tasks.o(i.vTaskSuspend) for vTaskSuspend
    main.o(i.AnalyseCommand_Task) refers to stm32f10x_tim.o(i.TIM_SetCompare1) for TIM_SetCompare1
    main.o(i.AnalyseCommand_Task) refers to stm32f10x_tim.o(i.TIM_SetCompare2) for TIM_SetCompare2
    main.o(i.AnalyseCommand_Task) refers to dflti.o(.text) for __aeabi_i2d
    main.o(i.AnalyseCommand_Task) refers to dmul.o(.text) for __aeabi_dmul
    main.o(i.AnalyseCommand_Task) refers to dadd.o(.text) for __aeabi_dadd
    main.o(i.AnalyseCommand_Task) refers to d2f.o(.text) for __aeabi_d2f
    main.o(i.AnalyseCommand_Task) refers to f2d.o(.text) for __aeabi_f2d
    main.o(i.AnalyseCommand_Task) refers to tasks.o(i.vTaskResume) for vTaskResume
    main.o(i.AnalyseCommand_Task) refers to main.o(.data) for wirelessCommandHandle
    main.o(i.AppTaskCreate) refers to port.o(i.vPortEnterCritical) for vPortEnterCritical
    main.o(i.AppTaskCreate) refers to queue.o(i.xQueueCreateCountingSemaphoreStatic) for xQueueCreateCountingSemaphoreStatic
    main.o(i.AppTaskCreate) refers to printfa.o(i.__0printf) for __2printf
    main.o(i.AppTaskCreate) refers to queue.o(i.xQueueGenericCreateStatic) for xQueueGenericCreateStatic
    main.o(i.AppTaskCreate) refers to tasks.o(i.xTaskCreateStatic) for xTaskCreateStatic
    main.o(i.AppTaskCreate) refers to main.o(.bss) for vSensorLCount_Structure
    main.o(i.AppTaskCreate) refers to main.o(.data) for vSensorLCountHandle
    main.o(i.AppTaskCreate) refers to main.o(i.LED_Task) for LED_Task
    main.o(i.AppTaskCreate) refers to main.o(i.Motor_Task) for Motor_Task
    main.o(i.AppTaskCreate) refers to main.o(i.ListeningSensors_Task) for ListeningSensors_Task
    main.o(i.AppTaskCreate) refers to main.o(i.lCalcVelocity_Task) for lCalcVelocity_Task
    main.o(i.AppTaskCreate) refers to main.o(i.rCalcVelocity_Task) for rCalcVelocity_Task
    main.o(i.AppTaskCreate) refers to main.o(i.AnalyseCommand_Task) for AnalyseCommand_Task
    main.o(i.AppTaskCreate) refers to main.o(i.PIDCalculator_Task) for PIDCalculator_Task
    main.o(i.AppTaskCreate) refers to main.o(i.Selfcruising_Task) for Selfcruising_Task
    main.o(i.AppTaskCreate) refers to tasks.o(i.vTaskDelete) for vTaskDelete
    main.o(i.AppTaskCreate) refers to tasks.o(i.vTaskSuspend) for vTaskSuspend
    main.o(i.AppTaskCreate) refers to port.o(i.vPortExitCritical) for vPortExitCritical
    main.o(i.AppTaskCreate) refers to main.o(i.Tracking_Task) for Tracking_Task
    main.o(i.AppTaskCreate) refers to main.o(i.OLEDShowing_Task) for OLEDShowing_Task
    main.o(i.AppTaskCreate) refers to main.o(i.MetalDetection_Task) for MetalDetection_Task
    main.o(i.Filter) refers to fadd.o(.text) for __aeabi_fsub
    main.o(i.Filter) refers to fmul.o(.text) for __aeabi_fmul
    main.o(i.LED_Task) refers to tasks.o(i.vTaskDelay) for vTaskDelay
    main.o(i.ListeningSensors_Task) refers to stm32f10x_gpio.o(i.GPIO_ReadInputDataBit) for GPIO_ReadInputDataBit
    main.o(i.ListeningSensors_Task) refers to queue.o(i.xQueueGenericSend) for xQueueGenericSend
    main.o(i.ListeningSensors_Task) refers to printfa.o(i.__0printf) for __2printf
    main.o(i.ListeningSensors_Task) refers to main.o(.data) for vSensorLCountHandle
    main.o(i.MetalDetection_Task) refers to stm32f10x_gpio.o(i.GPIO_ReadInputDataBit) for GPIO_ReadInputDataBit
    main.o(i.MetalDetection_Task) refers to stm32f10x_tim.o(i.TIM_SetCompare1) for TIM_SetCompare1
    main.o(i.MetalDetection_Task) refers to stm32f10x_tim.o(i.TIM_SetCompare2) for TIM_SetCompare2
    main.o(i.MetalDetection_Task) refers to tasks.o(i.vTaskSuspend) for vTaskSuspend
    main.o(i.MetalDetection_Task) refers to tasks.o(i.vTaskDelay) for vTaskDelay
    main.o(i.MetalDetection_Task) refers to tasks.o(i.vTaskResume) for vTaskResume
    main.o(i.MetalDetection_Task) refers to f2d.o(.text) for __aeabi_f2d
    main.o(i.MetalDetection_Task) refers to cdrcmple.o(.text) for __aeabi_cdrcmple
    main.o(i.MetalDetection_Task) refers to main.o(.data) for coinCounter
    main.o(i.Motor_Task) refers to tasks.o(i.vTaskDelay) for vTaskDelay
    main.o(i.Motor_Task) refers to cfcmple.o(.text) for __aeabi_cfcmpeq
    main.o(i.Motor_Task) refers to fadd.o(.text) for __aeabi_fsub
    main.o(i.Motor_Task) refers to cfrcmple.o(.text) for __aeabi_cfrcmple
    main.o(i.Motor_Task) refers to stm32f10x_tim.o(i.TIM_SetCompare1) for TIM_SetCompare1
    main.o(i.Motor_Task) refers to stm32f10x_tim.o(i.TIM_SetCompare2) for TIM_SetCompare2
    main.o(i.Motor_Task) refers to f2d.o(.text) for __aeabi_f2d
    main.o(i.Motor_Task) refers to printfa.o(i.__0printf) for __2printf
[...]
    i.u8g2_draw_l90_r1                       0x0800437a   Section        0  u8g2_setup.o(i.u8g2_draw_l90_r1)
    i.u8g2_draw_l90_r2                       0x080043be   Section        0  u8g2_setup.o(i.u8g2_draw_l90_r2)
    i.u8g2_draw_l90_r3                       0x08004414   Section        0  u8g2_setup.o(i.u8g2_draw_l90_r3)
    i.u8g2_draw_mirror_vertical_r0           0x08004464   Section        0  u8g2_setup.o(i.u8g2_draw_mirror_vertical_r0)
    i.u8g2_font_calc_vref_font               0x080044a0   Section        0  u8g2_font.o(i.u8g2_font_calc_vref_font)
    i.u8g2_is_intersection_decision_tree     0x080044a6   Section        0  u8g2_intersection.o(i.u8g2_is_intersection_decision_tree)
    i.u8g2_ll_hvline_vertical_top_lsb        0x080044d6   Section        0  u8g2_ll_hvline.o(i.u8g2_ll_hvline_vertical_top_lsb)
    i.u8g2_m_16_8_f                          0x080045c4   Section        0  u8g2_d_memory.o(i.u8g2_m_16_8_f)
    i.u8g2_update_dimension_common           0x080045d4   Section        0  u8g2_setup.o(i.u8g2_update_dimension_common)
    u8g2_update_dimension_common             0x080045d5   Thumb Code    96  u8g2_setup.o(i.u8g2_update_dimension_common)
    i.u8g2_update_dimension_r0               0x08004634   Section        0  u8g2_setup.o(i.u8g2_update_dimension_r0)
    i.u8g2_update_dimension_r1               0x08004640   Section        0  u8g2_setup.o(i.u8g2_update_dimension_r1)
    i.u8g2_update_dimension_r2               0x0800465c   Section        0  u8g2_setup.o(i.u8g2_update_dimension_r2)
    i.u8g2_update_dimension_r3               0x08004668   Section        0  u8g2_setup.o(i.u8g2_update_dimension_r3)
    i.u8g2_update_page_win_r0                0x08004684   Section        0  u8g2_setup.o(i.u8g2_update_page_win_r0)
    i.u8g2_update_page_win_r1                0x080046a4   Section        0  u8g2_setup.o(i.u8g2_update_page_win_r1)
    i.u8g2_update_page_win_r2                0x080046c4   Section        0  u8g2_setup.o(i.u8g2_update_page_win_r2)
    i.u8g2_update_page_win_r3                0x08004700   Section        0  u8g2_setup.o(i.u8g2_update_page_win_r3)
    i.u8x8_InitDisplay                       0x0800473c   Section        0  u8x8_display.o(i.u8x8_InitDisplay)
    i.u8x8_SetPowerSave                      0x0800474e   Section        0  u8x8_display.o(i.u8x8_SetPowerSave)
    i.u8x8_Setup                             0x08004762   Section        0  u8x8_setup.o(i.u8x8_Setup)
    i.u8x8_SetupDefaults                     0x0800478c   Section        0  u8x8_setup.o(i.u8x8_SetupDefaults)
    i.u8x8_SetupMemory                       0x080047b8   Section        0  u8x8_display.o(i.u8x8_SetupMemory)
    i.u8x8_byte_EndTransfer                  0x080047ca   Section        0  u8x8_byte.o(i.u8x8_byte_EndTransfer)
    i.u8x8_byte_SendByte                     0x080047dc   Section        0  u8x8_byte.o(i.u8x8_byte_SendByte)
    i.u8x8_byte_SendBytes                    0x080047ec   Section        0  u8x8_byte.o(i.u8x8_byte_SendBytes)
    i.u8x8_byte_StartTransfer                0x08004806   Section        0  u8x8_byte.o(i.u8x8_byte_StartTransfer)
    i.u8x8_byte_hw_i2c                       0x08004818   Section        0  oled.o(i.u8x8_byte_hw_i2c)
    i.u8x8_cad_EndTransfer                   0x080048ac   Section        0  u8x8_cad.o(i.u8x8_cad_EndTransfer)
    i.u8x8_cad_SendArg                       0x080048be   Section        0  u8x8_cad.o(i.u8x8_cad_SendArg)
    i.u8x8_cad_SendCmd                       0x080048d2   Section        0  u8x8_cad.o(i.u8x8_cad_SendCmd)
    i.u8x8_cad_SendData                      0x080048e6   Section        0  u8x8_cad.o(i.u8x8_cad_SendData)
    i.u8x8_cad_SendSequence                  0x08004900   Section        0  u8x8_cad.o(i.u8x8_cad_SendSequence)
    i.u8x8_cad_StartTransfer                 0x0800497c   Section        0  u8x8_cad.o(i.u8x8_cad_StartTransfer)
    i.u8x8_cad_ssd13xx_fast_i2c              0x08004990   Section        0  u8x8_cad.o(i.u8x8_cad_ssd13xx_fast_i2c)
    i.u8x8_d_helper_display_init             0x08004a64   Section        0  u8x8_display.o(i.u8x8_d_helper_display_init)
    i.u8x8_d_helper_display_setup_memory     0x08004ac4   Section        0  u8x8_display.o(i.u8x8_d_helper_display_setup_memory)
    i.u8x8_d_ssd1306_128x64_noname           0x08004ad0   Section        0  u8x8_d_ssd1306_128x64_noname.o(i.u8x8_d_ssd1306_128x64_noname)
    i.u8x8_d_ssd1306_sh1106_generic          0x08004b24   Section        0  u8x8_d_ssd1306_128x64_noname.o(i.u8x8_d_ssd1306_sh1106_generic)
    u8x8_d_ssd1306_sh1106_generic            0x08004b25   Thumb Code   242  u8x8_d_ssd1306_128x64_noname.o(i.u8x8_d_ssd1306_sh1106_generic)
    i.u8x8_dummy_cb                          0x08004c28   Section        0  u8x8_setup.o(i.u8x8_dummy_cb)
    i.u8x8_gpio_and_delay                    0x08004c30   Section        0  oled.o(i.u8x8_gpio_and_delay)
    i.u8x8_gpio_call                         0x08004c68   Section        0  u8x8_gpio.o(i.u8x8_gpio_call)
    i.u8x8_i2c_data_transfer                 0x08004c82   Section        0  u8x8_cad.o(i.u8x8_i2c_data_transfer)
    u8x8_i2c_data_transfer                   0x08004c83   Thumb Code    46  u8x8_cad.o(i.u8x8_i2c_data_transfer)
    i.uxListRemove                           0x08004cb0   Section        0  list.o(i.uxListRemove)
    i.uxQueueMessagesWaiting                 0x08004cd8   Section        0  queue.o(i.uxQueueMessagesWaiting)
    i.vApplicationGetIdleTaskMemory          0x08004cec   Section        0  main.o(i.vApplicationGetIdleTaskMemory)
    i.vListInitialise                        0x08004d04   Section        0  list.o(i.vListInitialise)
    i.vListInitialiseItem                    0x08004d1e   Section        0  list.o(i.vListInitialiseItem)
    i.vListInsert                            0x08004d24   Section        0  list.o(i.vListInsert)
    i.vListInsertEnd                         0x08004d58   Section        0  list.o(i.vListInsertEnd)
    i.vPortEnterCritical                     0x08004d70   Section        0  port.o(i.vPortEnterCritical)
    i.vPortExitCritical                      0x08004d94   Section        0  port.o(i.vPortExitCritical)
    i.vPortFree                              0x08004db4   Section        0  heap_4.o(i.vPortFree)
    i.vPortSetupTimerInterrupt               0x08004dfc   Section        0  port.o(i.vPortSetupTimerInterrupt)
    i.vSensorL_Init                          0x08004e10   Section        0  vsensor.o(i.vSensorL_Init)
    i.vSensorR_Init                          0x08004e34   Section        0  vsensor.o(i.vSensorR_Init)
    i.vSensors_Init                          0x08004e58   Section        0  vsensor.o(i.vSensors_Init)
    i.vTaskDelay                             0x08004e64   Section        0  tasks.o(i.vTaskDelay)
    i.vTaskDelete                            0x08004e98   Section        0  tasks.o(i.vTaskDelete)
    i.vTaskMissedYield                       0x08004f64   Section        0  tasks.o(i.vTaskMissedYield)
    i.vTaskPlaceOnEventList                  0x08004f70   Section        0  tasks.o(i.vTaskPlaceOnEventList)
    i.vTaskPriorityInherit                   0x08004f90   Section        0  tasks.o(i.vTaskPriorityInherit)
    i.vTaskResume                            0x08005040   Section        0  tasks.o(i.vTaskResume)
    i.vTaskSetTimeOutState                   0x080050b8   Section        0  tasks.o(i.vTaskSetTimeOutState)
    i.vTaskStartScheduler                    0x080050d0   Section        0  tasks.o(i.vTaskStartScheduler)
    i.vTaskSuspend                           0x0800515c   Section        0  tasks.o(i.vTaskSuspend)
    i.vTaskSuspendAll                        0x08005218   Section        0  tasks.o(i.vTaskSuspendAll)
    i.vTaskSwitchContext                     0x08005228   Section        0  tasks.o(i.vTaskSwitchContext)
    i.xPortStartScheduler                    0x08005288   Section        0  port.o(i.xPortStartScheduler)
    i.xPortSysTickHandler                    0x080052bc   Section        0  port.o(i.xPortSysTickHandler)
    i.xQueueCreateCountingSemaphoreStatic    0x080052f0   Section        0  queue.o(i.xQueueCreateCountingSemaphoreStatic)
    i.xQueueGenericCreateStatic              0x08005312   Section        0  queue.o(i.xQueueGenericCreateStatic)
    i.xQueueGenericReceive                   0x08005340   Section        0  queue.o(i.xQueueGenericReceive)
    i.xQueueGenericReset                     0x0800549c   Section        0  queue.o(i.xQueueGenericReset)
    i.xQueueGenericSend                      0x0800551c   Section        0  queue.o(i.xQueueGenericSend)
    i.xQueueGenericSendFromISR               0x08005634   Section        0  queue.o(i.xQueueGenericSendFromISR)
    i.xTaskCheckForTimeOut                   0x080056bc   Section        0  tasks.o(i.xTaskCheckForTimeOut)
    i.xTaskCreateStatic                      0x08005718   Section        0  tasks.o(i.xTaskCreateStatic)
    i.xTaskIncrementTick                     0x08005768   Section        0  tasks.o(i.xTaskIncrementTick)
    i.xTaskPriorityDisinherit                0x08005884   Section        0  tasks.o(i.xTaskPriorityDisinherit)
    i.xTaskRemoveFromEventList               0x08005908   Section        0  tasks.o(i.xTaskRemoveFromEventList)
    i.xTaskResumeAll                         0x08005988   Section        0  tasks.o(i.xTaskResumeAll)
    .constdata                               0x08005a70   Section       12  main.o(.constdata)
    .constdata                               0x08005a7c   Section       72  u8g2_setup.o(.constdata)
    .constdata                               0x08005ac4   Section      344  u8x8_d_ssd1306_128x64_noname.o(.constdata)
    u8x8_d_ssd1306_128x64_noname_init_seq    0x08005ac4   Data          53  u8x8_d_ssd1306_128x64_noname.o(.constdata)
    u8x8_d_ssd1306_128x64_vcomh0_init_seq    0x08005af9   Data          53  u8x8_d_ssd1306_128x64_noname.o(.constdata)
    u8x8_d_ssd1306_128x64_alt0_init_seq      0x08005b2e   Data          53  u8x8_d_ssd1306_128x64_noname.o(.constdata)
    u8x8_d_sh1106_128x64_winstar_init_seq    0x08005b63   Data          45  u8x8_d_ssd1306_128x64_noname.o(.constdata)
    u8x8_d_ssd1312_128x64_noname_init_seq    0x08005b90   Data          53  u8x8_d_ssd1306_128x64_noname.o(.constdata)
    u8x8_d_ssd1306_128x64_noname_powersave0_seq 0x08005bc5   Data           5  u8x8_d_ssd1306_128x64_noname.o(.constdata)
    u8x8_d_ssd1306_128x64_noname_powersave1_seq 0x08005bca   Data           5  u8x8_d_ssd1306_128x64_noname.o(.constdata)
    u8x8_d_ssd1306_128x64_noname_flip0_seq   0x08005bcf   Data           7  u8x8_d_ssd1306_128x64_noname.o(.constdata)
    u8x8_d_ssd1306_128x64_noname_flip1_seq   0x08005bd6   Data           7  u8x8_d_ssd1306_128x64_noname.o(.constdata)
    u8x8_d_ssd1312_128x64_noname_flip0_seq   0x08005bdd   Data           7  u8x8_d_ssd1306_128x64_noname.o(.constdata)
    u8x8_d_ssd1312_128x64_noname_flip1_seq   0x08005be4   Data           7  u8x8_d_ssd1306_128x64_noname.o(.constdata)
    u8x8_ssd1306_128x64_noname_display_info  0x08005bec   Data          24  u8x8_d_ssd1306_128x64_noname.o(.constdata)
    u8x8_sh1106_128x64_noname_display_info   0x08005c04   Data          24  u8x8_d_ssd1306_128x64_noname.o(.constdata)
    .conststring                             0x08005c1c   Section       93  main.o(.conststring)
    .data                                    0x20000000   Section      116  main.o(.data)
    AppTaskCreate_Handle                     0x20000000   Data           4  main.o(.data)
    LED_Task_Handle                          0x20000004   Data           4  main.o(.data)
    Motor_Task_Handle                        0x20000008   Data           4  main.o(.data)
    ListeningSensors_Task_Handle             0x2000000c   Data           4  main.o(.data)
    lCalcVelocity_Task_Handle                0x20000010   Data           4  main.o(.data)
    rCalcVelocity_Task_Handle                0x20000014   Data           4  main.o(.data)
    AnalyseCommand_Task_Handle               0x20000018   Data           4  main.o(.data)
    PIDCalculator_Task_Handle                0x2000001c   Data           4  main.o(.data)
    Tracking_Task_Handle                     0x20000020   Data           4  main.o(.data)
    Selfcruising_Task_Handle                 0x20000024   Data           4  main.o(.data)
    OLEDShowing_Task_Handle                  0x20000028   Data           4  main.o(.data)
    MetalDetection_Task_Handle               0x2000002c   Data           4  main.o(.data)
    vSensorLCountHandle                      0x20000030   Data           4  main.o(.data)
    vSensorRCountHandle                      0x20000034   Data           4  main.o(.data)
    ReplaceVHandle                           0x20000038   Data           4  main.o(.data)
    wirelessCommandHandle                    0x2000003c   Data           4  main.o(.data)
    .data                                    0x20000074   Section        1  oled.o(.data)
    buf_idx                                  0x20000074   Data           1  oled.o(.data)
    .data                                    0x20000078   Section       11  usart.o(.data)
    .data                                    0x20000083   Section       20  stm32f10x_rcc.o(.data)
    APBAHBPrescTable                         0x20000083   Data          16  stm32f10x_rcc.o(.data)
    ADCPrescTable                            0x20000093   Data           4  stm32f10x_rcc.o(.data)
    .data                                    0x20000098   Section        4  port.o(.data)
    uxCriticalNesting                        0x20000098   Data           4  port.o(.data)
    .data                                    0x2000009c   Section       24  heap_4.o(.data)
    xStart                                   0x2000009c   Data           8  heap_4.o(.data)
    pxEnd                                    0x200000a4   Data           4  heap_4.o(.data)
    xFreeBytesRemaining                      0x200000a8   Data           4  heap_4.o(.data)
    xMinimumEverFreeBytesRemaining           0x200000ac   Data           4  heap_4.o(.data)
    xBlockAllocatedBit                       0x200000b0   Data           4  heap_4.o(.data)
    .data                                    0x200000b4   Section       60  tasks.o(.data)
    pxDelayedTaskList                        0x200000b8   Data           4  tasks.o(.data)
    pxOverflowDelayedTaskList                0x200000bc   Data           4  tasks.o(.data)
    uxDeletedTasksWaitingCleanUp             0x200000c0   Data           4  tasks.o(.data)
    uxCurrentNumberOfTasks                   0x200000c4   Data           4  tasks.o(.data)
    xTickCount                               0x200000c8   Data           4  tasks.o(.data)
    uxTopReadyPriority                       0x200000cc   Data           4  tasks.o(.data)
    xSchedulerRunning                        0x200000d0   Data           4  tasks.o(.data)
    uxPendedTicks                            0x200000d4   Data           4  tasks.o(.data)
    xYieldPending                            0x200000d8   Data           4  tasks.o(.data)
    xNumOfOverflows                          0x200000dc   Data           4  tasks.o(.data)
    uxTaskNumber                             0x200000e0   Data           4  tasks.o(.data)
    xNextTaskUnblockTime                     0x200000e4   Data           4  tasks.o(.data)
    xIdleTaskHandle                          0x200000e8   Data           4  tasks.o(.data)
    uxSchedulerSuspended                     0x200000ec   Data           4  tasks.o(.data)
    .data                                    0x200000f0   Section        6  u8x8_cad.o(.data)
    in_transfer                              0x200000f0   Data           1  u8x8_cad.o(.data)
    in_transfer                              0x200000f1   Data           1  u8x8_cad.o(.data)
    in_transfer                              0x200000f2   Data           1  u8x8_cad.o(.data)
    is_data                                  0x200000f3   Data           1  u8x8_cad.o(.data)
    in_transfer                              0x200000f4   Data           1  u8x8_cad.o(.data)
    is_data                                  0x200000f5   Data           1  u8x8_cad.o(.data)
    .data                                    0x200000f8   Section        4  mvars.o(.data)
    .data                                    0x200000fc   Section        4  mvars.o(.data)
    .bss                                     0x20000100   Section     9144  main.o(.bss)
    Idle_Task_Stack                          0x20000100   Data         512  main.o(.bss)
    Timer_Task_Stack                         0x20000300   Data         512  main.o(.bss)
    Idle_Task_TCB                            0x20000500   Data          84  main.o(.bss)
    Timer_Task_TCB                           0x20000554   Data          84  main.o(.bss)
    AppTaskCreate_Stack                      0x200005a8   Data         512  main.o(.bss)
    LED_Task_Stack                           0x200007a8   Data         512  main.o(.bss)
    Motor_Task_Stack                         0x200009a8   Data         512  main.o(.bss)
    ListeningSensors_Task_Stack              0x20000ba8   Data         512  main.o(.bss)
    lCalcVelocity_Task_Stack                 0x20000da8   Data         512  main.o(.bss)
    rCalcVelocity_Task_Stack                 0x20000fa8   Data         512  main.o(.bss)
    AnalyseCommand_Task_Stack                0x200011a8   Data         512  main.o(.bss)
    PIDCalculator_Task_Stack                 0x200013a8   Data         512  main.o(.bss)
    Selfcruising_Task_Stack                  0x200015a8   Data         512  main.o(.bss)
    Tracking_Task_Stack                      0x200017a8   Data         512  main.o(.bss)
    OLEDShowing_Task_Stack                   0x200019a8   Data        1024  main.o(.bss)
    MetalDetection_Task_Stack                0x20001da8   Data         512  main.o(.bss)
    AppTaskCreate_TCB                        0x20001fa8   Data          84  main.o(.bss)
    LED_Task_TCB                             0x20001ffc   Data          84  main.o(.bss)
    Motor_Task_TCB                           0x20002050   Data          84  main.o(.bss)
    ListeningSensors_Task_TCB                0x200020a4   Data          84  main.o(.bss)
    lCalcVelocity_Task_TCB                   0x200020f8   Data          84  main.o(.bss)
    rCalcVelocity_Task_TCB                   0x2000214c   Data          84  main.o(.bss)
    AnalyseCommand_Task_TCB                  0x200021a0   Data          84  main.o(.bss)
    PIDCalculator_Task_TCB                   0x200021f4   Data          84  main.o(.bss)
    Selfcruising_Task_TCB                    0x20002248   Data          84  main.o(.bss)
    Tracking_Task_TCB                        0x2000229c   Data          84  main.o(.bss)
    OLEDShowing_Task_TCB                     0x200022f0   Data          84  main.o(.bss)
    MetalDetection_Task_TCB                  0x20002344   Data          84  main.o(.bss)
    vSensorLCount_Structure                  0x20002398   Data          72  main.o(.bss)
    vSensorRCount_Structure                  0x200023e0   Data          72  main.o(.bss)
    ReplaceV_Structure                       0x20002428   Data          72  main.o(.bss)
    wirelessCommand_Structure                0x20002470   Data          72  main.o(.bss)
    .bss                                     0x200024b8   Section       32  oled.o(.bss)
    buffer                                   0x200024b8   Data          32  oled.o(.bss)
    .bss                                     0x200024d8   Section      400  usart.o(.bss)
    .bss                                     0x20002668   Section      200  tasks.o(.bss)
    pxReadyTasksLists                        0x20002668   Data         100  tasks.o(.bss)
    xDelayedTaskList1                        0x200026cc   Data          20  tasks.o(.bss)
    xDelayedTaskList2                        0x200026e0   Data          20  tasks.o(.bss)
    xPendingReadyList                        0x200026f4   Data          20  tasks.o(.bss)
    xTasksWaitingTermination                 0x20002708   Data          20  tasks.o(.bss)
    xSuspendedTaskList                       0x2000271c   Data          20  tasks.o(.bss)
    .bss                                     0x20002730   Section     1024  u8g2_d_memory.o(.bss)
    buf                                      0x20002730   Data        1024  u8g2_d_memory.o(.bss)
    HEAP                                     0x20002b30   Section     4096  startup_stm32f10x_md.o(HEAP)
    STACK                                    0x20003b30   Section     4096  startup_stm32f10x_md.o(STACK)

    Global Symbols

    Symbol Name                              Value     Ov Type        Size  Object(Section)

    BuildAttributes$$THM_ISAv4$P$D$K$B$S$PE$A:L22UL41UL21$X:L11$S22US41US21$IEEE1$IW$USESV6$~STKCKD$USESV7$~SHL$OTIME$ROPI$EBA8$MICROLIB$REQ8$PRES8$EABIv2 0x00000000   Number         0  anon$$obj.o ABSOLUTE
    __ARM_use_no_argv                        0x00000000   Number         0  main.o ABSOLUTE
    __use_no_errno                           0x00000000   Number         0  useno.o ABSOLUTE
    __use_no_exception_handling              0x00000000   Number         0  useno.o ABSOLUTE
    __use_no_fp                              0x00000000   Number         0  useno.o ABSOLUTE
    __use_no_heap                            0x00000000   Number         0  useno.o ABSOLUTE
    __use_no_heap_region                     0x00000000   Number         0  useno.o ABSOLUTE
    __use_no_semihosting                     0x00000000   Number         0  useno.o ABSOLUTE
    __use_no_semihosting_swi                 0x00000000   Number         0  useno.o ABSOLUTE
    __use_no_signal_handling                 0x00000000   Number         0  useno.o ABSOLUTE
    _printf_a                                0x00000000   Number         0  stubs.o ABSOLUTE
    _printf_c                                0x00000000   Number         0  stubs.o ABSOLUTE
    _printf_charcount                        0x00000000   Number         0  stubs.o ABSOLUTE
    _printf_d                                0x00000000   Number         0  stubs.o ABSOLUTE
    _printf_e                                0x00000000   Number         0  stubs.o ABSOLUTE
    _printf_f                                0x00000000   Number         0  stubs.o ABSOLUTE
    _printf_flags                            0x00000000   Number         0  stubs.o ABSOLUTE
    _printf_fp_dec                           0x00000000   Number         0  stubs.o ABSOLUTE
    _printf_fp_hex                           0x00000000   Number         0  stubs.o ABSOLUTE
    _printf_g                                0x00000000   Number         0  stubs.o ABSOLUTE
    _printf_i                                0x00000000   Number         0  stubs.o ABSOLUTE
    _printf_int_dec                          0x00000000   Number         0  stubs.o ABSOLUTE
    _printf_l                                0x00000000   Number         0  stubs.o ABSOLUTE
    _printf_lc                               0x00000000   Number         0  stubs.o ABSOLUTE
    _printf_ll                               0x00000000   Number         0  stubs.o ABSOLUTE
    _printf_lld                              0x00000000   Number         0  stubs.o ABSOLUTE
    _printf_lli                              0x00000000   Number         0  stubs.o ABSOLUTE
    _printf_llo                              0x00000000   Number         0  stubs.o ABSOLUTE
    _printf_llu                              0x00000000   Number         0  stubs.o ABSOLUTE
    _printf_llx                              0x00000000   Number         0  stubs.o ABSOLUTE
    _printf_longlong_dec                     0x00000000   Number         0  stubs.o ABSOLUTE
    _printf_longlong_hex                     0x00000000   Number         0  stubs.o ABSOLUTE
    _printf_longlong_oct                     0x00000000   Number         0  stubs.o ABSOLUTE
    _printf_ls                               0x00000000   Number         0  stubs.o ABSOLUTE
    _printf_mbtowc                           0x00000000   Number         0  stubs.o ABSOLUTE
    _printf_n                                0x00000000   Number         0  stubs.o ABSOLUTE
    _printf_o                                0x00000000   Number         0  stubs.o ABSOLUTE
    _printf_p                                0x00000000   Number         0  stubs.o ABSOLUTE
    _printf_percent                          0x00000000   Number         0  stubs.o ABSOLUTE
    _printf_pre_padding                      0x00000000   Number         0  stubs.o ABSOLUTE
    _printf_return_value                     0x00000000   Number         0  stubs.o ABSOLUTE
    _printf_s                                0x00000000   Number         0  stubs.o ABSOLUTE
    _printf_sizespec                         0x00000000   Number         0  stubs.o ABSOLUTE
    _printf_str                              0x00000000   Number         0  stubs.o ABSOLUTE
    _printf_truncate_signed                  0x00000000   Number         0  stubs.o ABSOLUTE
    _printf_truncate_unsigned                0x00000000   Number         0  stubs.o ABSOLUTE
    _printf_u                                0x00000000   Number         0  stubs.o ABSOLUTE
    _printf_wc                               0x00000000   Number         0  stubs.o ABSOLUTE
    _printf_wctomb                           0x00000000   Number         0  stubs.o ABSOLUTE
    _printf_widthprec                        0x00000000   Number         0  stubs.o ABSOLUTE
    _printf_x                                0x00000000   Number         0  stubs.o ABSOLUTE
    __arm_fini_                               - Undefined Weak Reference
    __cpp_initialize__aeabi_                  - Undefined Weak Reference
    __cxa_finalize                            - Undefined Weak Reference
    __decompress                              - Undefined Weak Reference
    _clock_init                               - Undefined Weak Reference
    _microlib_exit                            - Undefined Weak Reference
    __Vectors_Size                           0x000000ec   Number         0  startup_stm32f10x_md.o ABSOLUTE
    __Vectors                                0x08000000   Data           4  startup_stm32f10x_md.o(RESET)
    __Vectors_End                            0x080000ec   Data           0  startup_stm32f10x_md.o(RESET)
    __main                                   0x080000ed   Thumb Code     0  entry.o(.ARM.Collect$$$$00000000)
    _main_stk                                0x080000ed   Thumb Code     0  entry2.o(.ARM.Collect$$$$00000001)
    _main_scatterload                        0x080000f1   Thumb Code     0  entry5.o(.ARM.Collect$$$$00000004)
    __main_after_scatterload                 0x080000f5   Thumb Code     0  entry5.o(.ARM.Collect$$$$00000004)
    _main_clock                              0x080000f5   Thumb Code     0  entry7b.o(.ARM.Collect$$$$00000008)
    _main_cpp_init                           0x080000f5   Thumb Code     0  entry8b.o(.ARM.Collect$$$$0000000A)
    _main_init                               0x080000f5   Thumb Code     0  entry9a.o(.ARM.Collect$$$$0000000B)
    __rt_lib_shutdown_fini                   0x080000fd   Thumb Code     0  entry12b.o(.ARM.Collect$$$$0000000E)
    __rt_final_cpp                           0x08000101   Thumb Code     0  entry10a.o(.ARM.Collect$$$$0000000F)
    __rt_final_exit                          0x08000101   Thumb Code     0  entry11a.o(.ARM.Collect$$$$00000011)
    SVC_Handler                              0x08000105   Thumb Code    32  port.o(.emb_text)
    __asm___6_port_c_39a90d8d__prvStartFirstTask 0x08000129   Thumb Code    28  port.o(.emb_text)
    PendSV_Handler                           0x08000149   Thumb Code    72  port.o(.emb_text)
    vPortGetIPSR                             0x08000195   Thumb Code     6  port.o(.emb_text)
    Reset_Handler                            0x0800019d   Thumb Code     8  startup_stm32f10x_md.o(.text)
    ADC1_2_IRQHandler                        0x080001b7   Thumb Code     0  startup_stm32f10x_md.o(.text)
    CAN1_RX1_IRQHandler                      0x080001b7   Thumb Code     0  startup_stm32f10x_md.o(.text)
    CAN1_SCE_IRQHandler                      0x080001b7   Thumb Code     0  startup_stm32f10x_md.o(.text)
    DMA1_Channel1_IRQHandler                 0x080001b7   Thumb Code     0  startup_stm32f10x_md.o(.text)
    DMA1_Channel2_IRQHandler                 0x080001b7   Thumb Code     0  startup_stm32f10x_md.o(.text)
    DMA1_Channel3_IRQHandler                 0x080001b7   Thumb Code     0  startup_stm32f10x_md.o(.text)
    DMA1_Channel4_IRQHandler                 0x080001b7   Thumb Code     0  startup_stm32f10x_md.o(.text)
    DMA1_Channel5_IRQHandler                 0x080001b7   Thumb Code     0  startup_stm32f10x_md.o(.text)
    DMA1_Channel6_IRQHandler                 0x080001b7   Thumb Code     0  startup_stm32f10x_md.o(.text)
    DMA1_Channel7_IRQHandler                 0x080001b7   Thumb Code     0  startup_stm32f10x_md.o(.text)
    EXTI0_IRQHandler                         0x080001b7   Thumb Code     0  startup_stm32f10x_md.o(.text)
    EXTI15_10_IRQHandler                     0x080001b7   Thumb Code     0  startup_stm32f10x_md.o(.text)
    EXTI1_IRQHandler                         0x080001b7   Thumb Code     0  startup_stm32f10x_md.o(.text)
    EXTI2_IRQHandler                         0x080001b7   Thumb Code     0  startup_stm32f10x_md.o(.text)
    EXTI3_IRQHandler                         0x080001b7   Thumb Code     0  startup_stm32f10x_md.o(.text)
    EXTI4_IRQHandler                         0x080001b7   Thumb Code     0  startup_stm32f10x_md.o(.text)
    EXTI9_5_IRQHandler                       0x080001b7   Thumb Code     0  startup_stm32f10x_md.o(.text)
    FLASH_IRQHandler                         0x080001b7   Thumb Code     0  startup_stm32f10x_md.o(.text)
    I2C1_ER_IRQHandler                       0x080001b7   Thumb Code     0  startup_stm32f10x_md.o(.text)
    I2C1_EV_IRQHandler                       0x080001b7   Thumb Code     0  startup_stm32f10x_md.o(.text)
    I2C2_ER_IRQHandler                       0x080001b7   Thumb Code     0  startup_stm32f10x_md.o(.text)
    I2C2_EV_IRQHandler                       0x080001b7   Thumb Code     0  startup_stm32f10x_md.o(.text)
    PVD_IRQHandler                           0x080001b7   Thumb Code     0  startup_stm32f10x_md.o(.text)
    RCC_IRQHandler                           0x080001b7   Thumb Code     0  startup_stm32f10x_md.o(.text)
    RTCAlarm_IRQHandler                      0x080001b7   Thumb Code     0  startup_stm32f10x_md.o(.text)
    RTC_IRQHandler                           0x080001b7   Thumb Code     0  startup_stm32f10x_md.o(.text)
    SPI1_IRQHandler                          0x080001b7   Thumb Code     0  startup_stm32f10x_md.o(.text)
    SPI2_IRQHandler                          0x080001b7   Thumb Code     0  startup_stm32f10x_md.o(.text)
    TAMPER_IRQHandler                        0x080001b7   Thumb Code     0  startup_stm32f10x_md.o(.text)
    TIM1_BRK_IRQHandler                      0x080001b7   Thumb Code     0  startup_stm32f10x_md.o(.text)
    TIM1_CC_IRQHandler                       0x080001b7   Thumb Code     0  startup_stm32f10x_md.o(.text)
    TIM1_TRG_COM_IRQHandler                  0x080001b7   Thumb Code     0  startup_stm32f10x_md.o(.text)
    TIM1_UP_IRQHandler                       0x080001b7   Thumb Code     0  startup_stm32f10x_md.o(.text)
    TIM3_IRQHandler                          0x080001b7   Thumb Code     0  startup_stm32f10x_md.o(.text)
    TIM4_IRQHandler                          0x080001b7   Thumb Code     0  startup_stm32f10x_md.o(.text)
    USART3_IRQHandler                        0x080001b7   Thumb Code     0  startup_stm32f10x_md.o(.text)
    USBWakeUp_IRQHandler                     0x080001b7   Thumb Code     0  startup_stm32f10x_md.o(.text)
    USB_HP_CAN1_TX_IRQHandler                0x080001b7   Thumb Code     0  startup_stm32f10x_md.o(.text)
    USB_LP_CAN1_RX0_IRQHandler               0x080001b7   Thumb Code     0  startup_stm32f10x_md.o(.text)
    WWDG_IRQHandler                          0x080001b7   Thumb Code     0  startup_stm32f10x_md.o(.text)
    __aeabi_memcpy                           0x080001c1   Thumb Code    36  memcpya.o(.text)
    __aeabi_memcpy4                          0x080001c1   Thumb Code     0  memcpya.o(.text)
    __aeabi_memcpy8                          0x080001c1   Thumb Code     0  memcpya.o(.text)
    __aeabi_memset                           0x080001e5   Thumb Code    14  memseta.o(.text)
    __aeabi_memset4                          0x080001e5   Thumb Code     0  memseta.o(.text)
    __aeabi_memset8                          0x080001e5   Thumb Code     0  memseta.o(.text)
    __aeabi_memclr                           0x080001f3   Thumb Code     4  memseta.o(.text)
    __aeabi_memclr4                          0x080001f3   Thumb Code     0  memseta.o(.text)
    __aeabi_memclr8                          0x080001f3   Thumb Code     0  memseta.o(.text)
    _memset$wrapper                          0x080001f7   Thumb Code    18  memseta.o(.text)
    __aeabi_fadd                             0x08000209   Thumb Code   164  fadd.o(.text)
    __aeabi_fsub                             0x080002ad   Thumb Code     6  fadd.o(.text)
    __aeabi_frsub                            0x080002b3   Thumb Code     6  fadd.o(.text)
    __aeabi_fmul                             0x080002b9   Thumb Code   100  fmul.o(.text)
    __aeabi_dadd                             0x0800031d   Thumb Code   322  dadd.o(.text)
    __aeabi_dsub                             0x0800045f   Thumb Code     6  dadd.o(.text)
    __aeabi_drsub                            0x08000465   Thumb Code     6  dadd.o(.text)
    __aeabi_dmul                             0x0800046b   Thumb Code   228  dmul.o(.text)
    __aeabi_ddiv                             0x0800054f   Thumb Code   222  ddiv.o(.text)
    __aeabi_i2d                              0x0800062d   Thumb Code    34  dflti.o(.text)
    __aeabi_ui2d                             0x0800064f   Thumb Code    26  dfltui.o(.text)
    __aeabi_f2d                              0x08000669   Thumb Code    38  f2d.o(.text)
    __aeabi_cdrcmple                         0x08000691   Thumb Code    48  cdrcmple.o(.text)
    __aeabi_d2f                              0x080006c1   Thumb Code    56  d2f.o(.text)
    __aeabi_cfcmpeq                          0x080006f9   Thumb Code     0  cfcmple.o(.text)
    __aeabi_cfcmple                          0x080006f9   Thumb Code    20  cfcmple.o(.text)
    __aeabi_cfrcmple                         0x0800070d   Thumb Code    20  cfrcmple.o(.text)
    __aeabi_uidiv                            0x08000721   Thumb Code     0  uidiv.o(.text)
    __aeabi_uidivmod                         0x08000721   Thumb Code    44  uidiv.o(.text)
    __aeabi_uldivmod                         0x0800074d   Thumb Code    98  uldiv.o(.text)
    __aeabi_llsl                             0x080007af   Thumb Code    30  llshl.o(.text)
    _ll_shift_l                              0x080007af   Thumb Code     0  llshl.o(.text)
    __aeabi_lasr                             0x080007cd   Thumb Code    36  llsshr.o(.text)
    _ll_sshift_r                             0x080007cd   Thumb Code     0  llsshr.o(.text)
    __I$use$fp                               0x080007f1   Thumb Code     0  iusefp.o(.text)
    _float_round                             0x080007f1   Thumb Code    18  fepilogue.o(.text)
    _float_epilogue                          0x08000803   Thumb Code    92  fepilogue.o(.text)
    _double_round                            0x0800085f   Thumb Code    30  depilogue.o(.text)
    _double_epilogue                         0x0800087d   Thumb Code   156  depilogue.o(.text)
    __aeabi_d2ulz                            0x08000919   Thumb Code    48  dfixul.o(.text)
    __scatterload                            0x08000949   Thumb Code    28  init.o(.text)
    __scatterload_rt2                        0x08000949   Thumb Code     0  init.o(.text)
    __aeabi_llsr                             0x0800096d   Thumb Code    32  llushr.o(.text)
    _ll_ushift_r                             0x0800096d   Thumb Code     0  llushr.o(.text)
    BEEP_Init                                0x0800150d   Thumb Code    46  beep.o(i.BEEP_Init)
    BusFault_Handler                         0x08001541   Thumb Code     4  stm32f10x_it.o(i.BusFault_Handler)
    DebugMon_Handler                         0x08001545   Thumb Code     2  stm32f10x_it.o(i.DebugMon_Handler)
    Filter                                   0x08001547   Thumb Code    54  main.o(i.Filter)
    GPIO_Init                                0x0800157d   Thumb Code   278  stm32f10x_gpio.o(i.GPIO_Init)
    GPIO_ReadInputDataBit                    0x08001693   Thumb Code    18  stm32f10x_gpio.o(i.GPIO_ReadInputDataBit)
    GPIO_ResetBits                           0x080016a5   Thumb Code     4  stm32f10x_gpio.o(i.GPIO_ResetBits)
    GPIO_SetBits                             0x080016a9   Thumb Code     4  stm32f10x_gpio.o(i.GPIO_SetBits)
    HardFault_Handler                        0x080016ad   Thumb Code     4  stm32f10x_it.o(i.HardFault_Handler)
    I2C_CheckEvent                           0x080016b1   Thumb Code    42  stm32f10x_i2c.o(i.I2C_CheckEvent)
    I2C_Cmd                                  0x080016db   Thumb Code    24  stm32f10x_i2c.o(i.I2C_Cmd)
    I2C_GenerateSTART                        0x080016f3   Thumb Code    24  stm32f10x_i2c.o(i.I2C_GenerateSTART)
    I2C_GenerateSTOP                         0x0800170b   Thumb Code    24  stm32f10x_i2c.o(i.I2C_GenerateSTOP)
    I2C_Init                                 0x08001725   Thumb Code   222  stm32f10x_i2c.o(i.I2C_Init)
    I2C_Send7bitAddress                      0x08001811   Thumb Code    18  stm32f10x_i2c.o(i.I2C_Send7bitAddress)
    I2C_SendData                             0x08001823   Thumb Code     4  stm32f10x_i2c.o(i.I2C_SendData)
    IIC_Init                                 0x08001829   Thumb Code   102  iic_hard.o(i.IIC_Init)
    IIC_Send_Address_Write                   0x0800189d   Thumb Code    60  iic_hard.o(i.IIC_Send_Address_Write)
    IIC_Send_Byte                            0x080018e1   Thumb Code    58  iic_hard.o(i.IIC_Send_Byte)
    IIC_Start                                0x08001925   Thumb Code    56  iic_hard.o(i.IIC_Start)
    IIC_Stop                                 0x08001965   Thumb Code    12  iic_hard.o(i.IIC_Stop)
    LED1_Init                                0x08001975   Thumb Code    50  led.o(i.LED1_Init)
    LED_Init                                 0x080019ad   Thumb Code    12  led.o(i.LED_Init)
    MTS_Init                                 0x08001ab9   Thumb Code    14  motor.o(i.MTS_Init)
    MemManage_Handler                        0x08001ac7   Thumb Code     4  stm32f10x_it.o(i.MemManage_Handler)
    Metal_Detection_Init                     0x08001c09   Thumb Code    32  metal_detection.o(i.Metal_Detection_Init)
    NMI_Handler                              0x08001dd1   Thumb Code     2  stm32f10x_it.o(i.NMI_Handler)
    NVIC_Init                                0x08001dd5   Thumb Code   100  misc.o(i.NVIC_Init)
    NVIC_PriorityGroupConfig                 0x08001e45   Thumb Code    10  misc.o(i.NVIC_PriorityGroupConfig)
    PID_Classic                              0x08001f6d   Thumb Code    84  pid.o(i.PID_Classic)
    PID_Create_Object                        0x08001fc1   Thumb Code    38  pid.o(i.PID_Create_Object)
    RCC_APB1PeriphClockCmd                   0x08001fe9   Thumb Code    26  stm32f10x_rcc.o(i.RCC_APB1PeriphClockCmd)
    RCC_APB2PeriphClockCmd                   0x08002009   Thumb Code    26  stm32f10x_rcc.o(i.RCC_APB2PeriphClockCmd)
    RCC_GetClocksFreq                        0x08002029   Thumb Code   192  stm32f10x_rcc.o(i.RCC_GetClocksFreq)
    SysTick_Handler                          0x08002673   Thumb Code     8  stm32f10x_it.o(i.SysTick_Handler)
    SystemInit                               0x0800267d   Thumb Code    78  system_stm32f10x.o(i.SystemInit)
    TIM2_IRQHandler                          0x080026dd   Thumb Code   324  main.o(i.TIM2_IRQHandler)
    TIM2_Int_Init                            0x08002869   Thumb Code    92  timer.o(i.TIM2_Int_Init)
    TIM3_PWM_Init                            0x080028c5   Thumb Code   180  timer.o(i.TIM3_PWM_Init)
    TIM_ARRPreloadConfig                     0x08002981   Thumb Code    24  stm32f10x_tim.o(i.TIM_ARRPreloadConfig)
    TIM_ClearITPendingBit                    0x08002999   Thumb Code     6  stm32f10x_tim.o(i.TIM_ClearITPendingBit)
    TIM_Cmd                                  0x0800299f   Thumb Code    24  stm32f10x_tim.o(i.TIM_Cmd)
    TIM_GetITStatus                          0x080029b7   Thumb Code    34  stm32f10x_tim.o(i.TIM_GetITStatus)
    TIM_ITConfig                             0x080029d9   Thumb Code    18  stm32f10x_tim.o(i.TIM_ITConfig)
    TIM_OC1Init                              0x080029ed   Thumb Code   132  stm32f10x_tim.o(i.TIM_OC1Init)
    TIM_OC1PreloadConfig                     0x08002a85   Thumb Code    18  stm32f10x_tim.o(i.TIM_OC1PreloadConfig)
    TIM_OC2Init                              0x08002a99   Thumb Code   154  stm32f10x_tim.o(i.TIM_OC2Init)
    TIM_OC2PreloadConfig                     0x08002b3d   Thumb Code    26  stm32f10x_tim.o(i.TIM_OC2PreloadConfig)
    TIM_SetCompare1                          0x08002b57   Thumb Code     4  stm32f10x_tim.o(i.TIM_SetCompare1)
    TIM_SetCompare2                          0x08002b5b   Thumb Code     4  stm32f10x_tim.o(i.TIM_SetCompare2)
    TIM_TimeBaseInit                         0x08002b61   Thumb Code   122  stm32f10x_tim.o(i.TIM_TimeBaseInit)
    TestLED_Init                             0x08002c05   Thumb Code    50  led.o(i.TestLED_Init)
    USART1_IRQHandler                        0x08002c99   Thumb Code    62  main.o(i.USART1_IRQHandler)
    USART1_Init                              0x08002ce9   Thumb Code   162  usart.o(i.USART1_Init)
    USART2_IRQHandler                        0x08002d95   Thumb Code    62  main.o(i.USART2_IRQHandler)
    USART2_Init                              0x08002de5   Thumb Code   164  usart.o(i.USART2_Init)
    USART_ClearFlag                          0x08002e91   Thumb Code    18  stm32f10x_usart.o(i.USART_ClearFlag)
    USART_Cmd                                0x08002ea3   Thumb Code    24  stm32f10x_usart.o(i.USART_Cmd)
    USART_GetITStatus                        0x08002ebb   Thumb Code    84  stm32f10x_usart.o(i.USART_GetITStatus)
    USART_ITConfig                           0x08002f0f   Thumb Code    74  stm32f10x_usart.o(i.USART_ITConfig)
    USART_Init                               0x08002f59   Thumb Code   210  stm32f10x_usart.o(i.USART_Init)
    USART_ReceiveData                        0x08003031   Thumb Code    10  stm32f10x_usart.o(i.USART_ReceiveData)
    UsageFault_Handler                       0x0800303b   Thumb Code     4  stm32f10x_it.o(i.UsageFault_Handler)
    __0printf                                0x08003041   Thumb Code    22  printfa.o(i.__0printf)
    __1printf                                0x08003041   Thumb Code     0  printfa.o(i.__0printf)
    __2printf                                0x08003041   Thumb Code     0  printfa.o(i.__0printf)
    __c89printf                              0x08003041   Thumb Code     0  printfa.o(i.__0printf)
    printf                                   0x08003041   Thumb Code     0  printfa.o(i.__0printf)
    __scatterload_copy                       0x08003061   Thumb Code    14  handlers.o(i.__scatterload_copy)
    __scatterload_null                       0x0800306f   Thumb Code     2  handlers.o(i.__scatterload_null)
    __scatterload_zeroinit                   0x08003071   Thumb Code    14  handlers.o(i.__scatterload_zeroinit)
    fputc                                    0x0800390d   Thumb Code    24  usart.o(i.fputc)
    main                                     0x080039e5   Thumb Code    54  main.o(i.main)
    malloc                                   0x08003a5d   Thumb Code    92  malloc.o(i.malloc)
    pvTaskIncrementMutexHeldCount            0x08004031   Thumb Code    26  tasks.o(i.pvTaskIncrementMutexHeldCount)
    pxPortInitialiseStack                    0x08004051   Thumb Code    30  port.o(i.pxPortInitialiseStack)
    track_Init                               0x08004145   Thumb Code    34  track.o(i.track_Init)
    u8g2_IsIntersection                      0x0800416d   Thumb Code    58  u8g2_intersection.o(i.u8g2_IsIntersection)
    u8g2_SetFontPosBaseline                  0x080041a9   Thumb Code     6  u8g2_font.o(i.u8g2_SetFontPosBaseline)
    u8g2_SetMaxClipWindow                    0x080041b5   Thumb Code    32  u8g2_setup.o(i.u8g2_SetMaxClipWindow)
    u8g2_SetupBuffer                         0x080041d5   Thumb Code    90  u8g2_setup.o(i.u8g2_SetupBuffer)
    u8g2_Setup_ssd1306_i2c_128x64_noname_f   0x08004231   Thumb Code    54  u8g2_d_setup.o(i.u8g2_Setup_ssd1306_i2c_128x64_noname_f)
    u8g2_draw_hv_line_2dir                   0x080042ef   Thumb Code    44  u8g2_hvline.o(i.u8g2_draw_hv_line_2dir)
    u8g2_draw_l90_mirrorr_r0                 0x0800431b   Thumb Code    60  u8g2_setup.o(i.u8g2_draw_l90_mirrorr_r0)
    u8g2_draw_l90_r0                         0x08004357   Thumb Code    36  u8g2_setup.o(i.u8g2_draw_l90_r0)
    u8g2_draw_l90_r1                         0x0800437b   Thumb Code    68  u8g2_setup.o(i.u8g2_draw_l90_r1)
    u8g2_draw_l90_r2                         0x080043bf   Thumb Code    86  u8g2_setup.o(i.u8g2_draw_l90_r2)
    u8g2_draw_l90_r3                         0x08004415   Thumb Code    80  u8g2_setup.o(i.u8g2_draw_l90_r3)
    u8g2_draw_mirror_vertical_r0             0x08004465   Thumb Code    60  u8g2_setup.o(i.u8g2_draw_mirror_vertical_r0)
    u8g2_font_calc_vref_font                 0x080044a1   Thumb Code     6  u8g2_font.o(i.u8g2_font_calc_vref_font)
    u8g2_is_intersection_decision_tree       0x080044a7   Thumb Code    48  u8g2_intersection.o(i.u8g2_is_intersection_decision_tree)
    u8g2_ll_hvline_vertical_top_lsb          0x080044d7   Thumb Code   238  u8g2_ll_hvline.o(i.u8g2_ll_hvline_vertical_top_lsb)
    u8g2_m_16_8_f                            0x080045c5   Thumb Code    10  u8g2_d_memory.o(i.u8g2_m_16_8_f)
    u8g2_update_dimension_r0                 0x08004635   Thumb Code    12  u8g2_setup.o(i.u8g2_update_dimension_r0)
    u8g2_update_dimension_r1                 0x08004641   Thumb Code    28  u8g2_setup.o(i.u8g2_update_dimension_r1)
    u8g2_update_dimension_r2                 0x0800465d   Thumb Code    12  u8g2_setup.o(i.u8g2_update_dimension_r2)
    u8g2_update_dimension_r3                 0x08004669   Thumb Code    28  u8g2_setup.o(i.u8g2_update_dimension_r3)
    u8g2_update_page_win_r0                  0x08004685   Thumb Code    32  u8g2_setup.o(i.u8g2_update_page_win_r0)
    u8g2_update_page_win_r1                  0x080046a5   Thumb Code    32  u8g2_setup.o(i.u8g2_update_page_win_r1)
    u8g2_update_page_win_r2                  0x080046c5   Thumb Code    60  u8g2_setup.o(i.u8g2_update_page_win_r2)
    u8g2_update_page_win_r3                  0x08004701   Thumb Code    60  u8g2_setup.o(i.u8g2_update_page_win_r3)
    u8x8_InitDisplay                         0x0800473d   Thumb Code    18  u8x8_display.o(i.u8x8_InitDisplay)
    u8x8_SetPowerSave                        0x0800474f   Thumb Code    20  u8x8_display.o(i.u8x8_SetPowerSave)
    u8x8_Setup                               0x08004763   Thumb Code    42  u8x8_setup.o(i.u8x8_Setup)
    u8x8_SetupDefaults                       0x0800478d   Thumb Code    38  u8x8_setup.o(i.u8x8_SetupDefaults)
    u8x8_SetupMemory                         0x080047b9   Thumb Code    18  u8x8_display.o(i.u8x8_SetupMemory)
    u8x8_byte_EndTransfer                    0x080047cb   Thumb Code    18  u8x8_byte.o(i.u8x8_byte_EndTransfer)
    u8x8_byte_SendByte                       0x080047dd   Thumb Code    16  u8x8_byte.o(i.u8x8_byte_SendByte)
    u8x8_byte_SendBytes                      0x080047ed   Thumb Code    26  u8x8_byte.o(i.u8x8_byte_SendBytes)
    u8x8_byte_StartTransfer                  0x08004807   Thumb Code    18  u8x8_byte.o(i.u8x8_byte_StartTransfer)
    u8x8_byte_hw_i2c                         0x08004819   Thumb Code   140  oled.o(i.u8x8_byte_hw_i2c)
    u8x8_cad_EndTransfer                     0x080048ad   Thumb Code    18  u8x8_cad.o(i.u8x8_cad_EndTransfer)
    u8x8_cad_SendArg                         0x080048bf   Thumb Code    20  u8x8_cad.o(i.u8x8_cad_SendArg)
    u8x8_cad_SendCmd                         0x080048d3   Thumb Code    20  u8x8_cad.o(i.u8x8_cad_SendCmd)
    u8x8_cad_SendData                        0x080048e7   Thumb Code    26  u8x8_cad.o(i.u8x8_cad_SendData)
    u8x8_cad_SendSequence                    0x08004901   Thumb Code   124  u8x8_cad.o(i.u8x8_cad_SendSequence)
    u8x8_cad_StartTransfer                   0x0800497d   Thumb Code    18  u8x8_cad.o(i.u8x8_cad_StartTransfer)
    u8x8_cad_ssd13xx_fast_i2c                0x08004991   Thumb Code   208  u8x8_cad.o(i.u8x8_cad_ssd13xx_fast_i2c)
    u8x8_d_helper_display_init               0x08004a65   Thumb Code    96  u8x8_display.o(i.u8x8_d_helper_display_init)
    u8x8_d_helper_display_setup_memory       0x08004ac5   Thumb Code    12  u8x8_display.o(i.u8x8_d_helper_display_setup_memory)
    u8x8_d_ssd1306_128x64_noname             0x08004ad1   Thumb Code    76  u8x8_d_ssd1306_128x64_noname.o(i.u8x8_d_ssd1306_128x64_noname)
    u8x8_dummy_cb                            0x08004c29   Thumb Code     8  u8x8_setup.o(i.u8x8_dummy_cb)
    u8x8_gpio_and_delay                      0x08004c31   Thumb Code    56  oled.o(i.u8x8_gpio_and_delay)
    u8x8_gpio_call                           0x08004c69   Thumb Code    26  u8x8_gpio.o(i.u8x8_gpio_call)
    uxListRemove                             0x08004cb1   Thumb Code    40  list.o(i.uxListRemove)
    uxQueueMessagesWaiting                   0x08004cd9   Thumb Code    18  queue.o(i.uxQueueMessagesWaiting)
    vApplicationGetIdleTaskMemory            0x08004ced   Thumb Code    14  main.o(i.vApplicationGetIdleTaskMemory)
    vListInitialise                          0x08004d05   Thumb Code    26  list.o(i.vListInitialise)
    vListInitialiseItem                      0x08004d1f   Thumb Code     6  list.o(i.vListInitialiseItem)
    vListInsert                              0x08004d25   Thumb Code    52  list.o(i.vListInsert)
    vListInsertEnd                           0x08004d59   Thumb Code    24  list.o(i.vListInsertEnd)
    vPortEnterCritical                       0x08004d71   Thumb Code    30  port.o(i.vPortEnterCritical)
    vPortExitCritical                        0x08004d95   Thumb Code    28  port.o(i.vPortExitCritical)
    vPortFree                                0x08004db5   Thumb Code    64  heap_4.o(i.vPortFree)
    vPortSetupTimerInterrupt                 0x08004dfd   Thumb Code    14  port.o(i.vPortSetupTimerInterrupt)
    vSensorL_Init                            0x08004e11   Thumb Code    32  vsensor.o(i.vSensorL_Init)
    vSensorR_Init                            0x08004e35   Thumb Code    32  vsensor.o(i.vSensorR_Init)
    vSensors_Init                            0x08004e59   Thumb Code    12  vsensor.o(i.vSensors_Init)
    vTaskDelay                               0x08004e65   Thumb Code    46  tasks.o(i.vTaskDelay)
    vTaskDelete                              0x08004e99   Thumb Code   166  tasks.o(i.vTaskDelete)
    vTaskMissedYield                         0x08004f65   Thumb Code     8  tasks.o(i.vTaskMissedYield)
    vTaskPlaceOnEventList                    0x08004f71   Thumb Code    28  tasks.o(i.vTaskPlaceOnEventList)
    vTaskPriorityInherit                     0x08004f91   Thumb Code   164  tasks.o(i.vTaskPriorityInherit)
    vTaskResume                              0x08005041   Thumb Code   104  tasks.o(i.vTaskResume)
    vTaskSetTimeOutState                     0x080050b9   Thumb Code    14  tasks.o(i.vTaskSetTimeOutState)
    vTaskStartScheduler                      0x080050d1   Thumb Code   110  tasks.o(i.vTaskStartScheduler)
    vTaskSuspend                             0x0800515d   Thumb Code   160  tasks.o(i.vTaskSuspend)
    vTaskSuspendAll                          0x08005219   Thumb Code    12  tasks.o(i.vTaskSuspendAll)
    vTaskSwitchContext                       0x08005229   Thumb Code    76  tasks.o(i.vTaskSwitchContext)
    xPortStartScheduler                      0x08005289   Thumb Code    42  port.o(i.xPortStartScheduler)
    xPortSysTickHandler                      0x080052bd   Thumb Code    46  port.o(i.xPortSysTickHandler)
    xQueueCreateCountingSemaphoreStatic      0x080052f1   Thumb Code    34  queue.o(i.xQueueCreateCountingSemaphoreStatic)
    xQueueGenericCreateStatic                0x08005313   Thumb Code    46  queue.o(i.xQueueGenericCreateStatic)
    xQueueGenericReceive                     0x08005341   Thumb Code   342  queue.o(i.xQueueGenericReceive)
    xQueueGenericReset                       0x0800549d   Thumb Code   122  queue.o(i.xQueueGenericReset)
    xQueueGenericSend                        0x0800551d   Thumb Code   276  queue.o(i.xQueueGenericSend)
    xQueueGenericSendFromISR                 0x08005635   Thumb Code   134  queue.o(i.xQueueGenericSendFromISR)
    xTaskCheckForTimeOut                     0x080056bd   Thumb Code    84  tasks.o(i.xTaskCheckForTimeOut)
    xTaskCreateStatic                        0x08005719   Thumb Code    78  tasks.o(i.xTaskCreateStatic)
    xTaskIncrementTick                       0x08005769   Thumb Code   238  tasks.o(i.xTaskIncrementTick)
    xTaskPriorityDisinherit                  0x08005885   Thumb Code   122  tasks.o(i.xTaskPriorityDisinherit)
    xTaskRemoveFromEventList                 0x08005909   Thumb Code   104  tasks.o(i.xTaskRemoveFromEventList)
    xTaskResumeAll                           0x08005989   Thumb Code   196  tasks.o(i.xTaskResumeAll)
    u8g2_cb_r0                               0x08005a7c   Data          12  u8g2_setup.o(.constdata)
    u8g2_cb_r1                               0x08005a88   Data          12  u8g2_setup.o(.constdata)
    u8g2_cb_r2                               0x08005a94   Data          12  u8g2_setup.o(.constdata)
    u8g2_cb_r3                               0x08005aa0   Data          12  u8g2_setup.o(.constdata)
    u8g2_cb_mirror                           0x08005aac   Data          12  u8g2_setup.o(.constdata)
    u8g2_cb_mirror_vertical                  0x08005ab8   Data          12  u8g2_setup.o(.constdata)
    Region$$Table$$Base                      0x08005c7c   Number         0  anon$$obj.o(Region$$Table)
    Region$$Table$$Limit                     0x08005c9c   Number         0  anon$$obj.o(Region$$Table)
    ReplaceVStorageArea                      0x20000040   Data           2  main.o(.data)
    wirelessCommandStorageArea               0x20000042   Data           3  main.o(.data)
    lVelocity                                0x20000048   Data           4  main.o(.data)
    rVelocity                                0x2000004c   Data           4  main.o(.data)
    lReplaceV                                0x20000050   Data           4  main.o(.data)
    rReplaceV                                0x20000054   Data           4  main.o(.data)
    lTargetV                                 0x20000058   Data           4  main.o(.data)
    rTargetV                                 0x2000005c   Data           4  main.o(.data)
    lTime                                    0x20000060   Data           2  main.o(.data)
    rTime                                    0x20000062   Data           2  main.o(.data)
    PWMVal                                   0x20000064   Data           4  main.o(.data)
    carMode                                  0x20000068   Data           1  main.o(.data)
    exti1WaitTime                            0x20000069   Data           1  main.o(.data)
    metalDiscoveryFlag                       0x2000006a   Data           1  main.o(.data)
    coinCounter                              0x2000006b   Data           1  main.o(.data)
    carState                                 0x2000006c   Data           1  main.o(.data)
    trackingFlag                             0x2000006d   Data           1  main.o(.data)
    filterNum                                0x20000070   Data           4  main.o(.data)
    __stdout                                 0x20000078   Data           4  usart.o(.data)
    USART1_RX_STA                            0x2000007c   Data           2  usart.o(.data)
    usart1RXTime                             0x2000007e   Data           1  usart.o(.data)
    USART2_RX_STA                            0x20000080   Data           2  usart.o(.data)
    usart2RXTime                             0x20000082   Data           1  usart.o(.data)
    pxCurrentTCB                             0x200000b4   Data           4  tasks.o(.data)
    __microlib_freelist                      0x200000f8   Data           4  mvars.o(.data)
    __microlib_freelist_initialised          0x200000fc   Data           4  mvars.o(.data)
    USART1_RX_BUF                            0x200024d8   Data         200  usart.o(.bss)
    USART2_RX_BUF                            0x200025a0   Data         200  usart.o(.bss)
    __heap_base                              0x20002b30   Data           0  startup_stm32f10x_md.o(HEAP)
    __heap_limit                             0x20003b30   Data           0  startup_stm32f10x_md.o(HEAP)
    __initial_sp                             0x20004b30   Data           0  startup_stm32f10x_md.o(STACK)



==============================================================================

Memory Map of the image

  Image Entry point : 0x0800019d

  Load Region LR_1 (Base: 0x08000000, Size: 0x00005d9c, Max: 0xffffffff, ABSOLUTE)

    Execution Region ER_RO (Exec base: 0x08000000, Load base: 0x08000000, Size: 0x00005c9c, Max: 0xffffffff, ABSOLUTE)

    Exec Addr    Load Addr    Size         Type   Attr      Idx    E Section Name        Object

    0x08000000   0x08000000   0x000000ec   Data   RO          934    RESET               startup_stm32f10x_md.o
    0x080000ec   0x080000ec   0x00000000   Code   RO         5762  * .ARM.Collect$$$$00000000  mc_w.l(entry.o)
    0x080000ec   0x080000ec   0x00000004   Code   RO         6084    .ARM.Collect$$$$00000001  mc_w.l(entry2.o)
    0x080000f0   0x080000f0   0x00000004   Code   RO         6087    .ARM.Collect$$$$00000004  mc_w.l(entry5.o)
    0x080000f4   0x080000f4   0x00000000   Code   RO         6089    .ARM.Collect$$$$00000008  mc_w.l(entry7b.o)
    0x080000f4   0x080000f4   0x00000000   Code   RO         6091    .ARM.Collect$$$$0000000A  mc_w.l(entry8b.o)
    0x080000f4   0x080000f4   0x00000008   Code   RO         6092    .ARM.Collect$$$$0000000B  mc_w.l(entry9a.o)
    0x080000fc   0x080000fc   0x00000004   Code   RO         6099    .ARM.Collect$$$$0000000E  mc_w.l(entry12b.o)
    0x08000100   0x08000100   0x00000000   Code   RO         6094    .ARM.Collect$$$$0000000F  mc_w.l(entry10a.o)
    0x08000100   0x08000100   0x00000000   Code   RO         6096    .ARM.Collect$$$$00000011  mc_w.l(entry11a.o)
    0x08000100   0x08000100   0x00000004   Code   RO         6085    .ARM.Collect$$$$00002712  mc_w.l(entry2.o)
    0x08000104   0x08000104   0x00000096   Code   RO         2390    .emb_text           port.o
    0x0800019a   0x0800019a   0x00000002   PAD
    0x0800019c   0x0800019c   0x00000024   Code   RO          935  * .text               startup_stm32f10x_md.o
    0x080001c0   0x080001c0   0x00000024   Code   RO         5765    .text               mc_w.l(memcpya.o)
    0x080001e4   0x080001e4   0x00000024   Code   RO         5767    .text               mc_w.l(memseta.o)
    0x08000208   0x08000208   0x000000b0   Code   RO         6060    .text               mf_w.l(fadd.o)
    0x080002b8   0x080002b8   0x00000064   Code   RO         6062    .text               mf_w.l(fmul.o)
    0x0800031c   0x0800031c   0x0000014e   Code   RO         6064    .text               mf_w.l(dadd.o)
    0x0800046a   0x0800046a   0x000000e4   Code   RO         6066    .text               mf_w.l(dmul.o)
    0x0800054e   0x0800054e   0x000000de   Code   RO         6068    .text               mf_w.l(ddiv.o)
    0x0800062c   0x0800062c   0x00000022   Code   RO         6070    .text               mf_w.l(dflti.o)
    0x0800064e   0x0800064e   0x0000001a   Code   RO         6072    .text               mf_w.l(dfltui.o)
    0x08000668   0x08000668   0x00000026   Code   RO         6074    .text               mf_w.l(f2d.o)
    0x0800068e   0x0800068e   0x00000002   PAD
    0x08000690   0x08000690   0x00000030   Code   RO         6076    .text               mf_w.l(cdrcmple.o)
    0x080006c0   0x080006c0   0x00000038   Code   RO         6078    .text               mf_w.l(d2f.o)
    0x080006f8   0x080006f8   0x00000014   Code   RO         6080    .text               mf_w.l(cfcmple.o)
    0x0800070c   0x0800070c   0x00000014   Code   RO         6082    .text               mf_w.l(cfrcmple.o)
    0x08000720   0x08000720   0x0000002c   Code   RO         6100    .text               mc_w.l(uidiv.o)
    0x0800074c   0x0800074c   0x00000062   Code   RO         6102    .text               mc_w.l(uldiv.o)
    0x080007ae   0x080007ae   0x0000001e   Code   RO         6104    .text               mc_w.l(llshl.o)
    0x080007cc   0x080007cc   0x00000024   Code   RO         6106    .text               mc_w.l(llsshr.o)
    0x080007f0   0x080007f0   0x00000000   Code   RO         6110    .text               mc_w.l(iusefp.o)
    0x080007f0   0x080007f0   0x0000006e   Code   RO         6111    .text               mf_w.l(fepilogue.o)
    0x0800085e   0x0800085e   0x000000ba   Code   RO         6113    .text               mf_w.l(depilogue.o)
    0x08000918   0x08000918   0x00000030   Code   RO         6115    .text               mf_w.l(dfixul.o)
    0x08000948   0x08000948   0x00000024   Code   RO         6117    .text               mc_w.l(init.o)
    0x0800096c   0x0800096c   0x00000020   Code   RO         6119    .text               mc_w.l(llushr.o)
    0x0800098c   0x0800098c   0x0000032c   Code   RO            1    i.AnalyseCommand_Task  main.o
    0x08000cb8   0x08000cb8   0x00000854   Code   RO            2    i.AppTaskCreate     main.o
    0x0800150c   0x0800150c   0x00000034   Code   RO          802    i.BEEP_Init         beep.o
    0x08001540   0x08001540   0x00000004   Code   RO          306    i.BusFault_Handler  stm32f10x_it.o
    0x08001544   0x08001544   0x00000002   Code   RO          307    i.DebugMon_Handler  stm32f10x_it.o
    0x08001546   0x08001546   0x00000036   Code   RO            3    i.Filter            main.o
    0x0800157c   0x0800157c   0x00000116   Code   RO          981    i.GPIO_Init         stm32f10x_gpio.o
    0x08001692   0x08001692   0x00000012   Code   RO          985    i.GPIO_ReadInputDataBit  stm32f10x_gpio.o
    0x080016a4   0x080016a4   0x00000004   Code   RO          988    i.GPIO_ResetBits    stm32f10x_gpio.o
    0x080016a8   0x080016a8   0x00000004   Code   RO          989    i.GPIO_SetBits      stm32f10x_gpio.o
    0x080016ac   0x080016ac   0x00000004   Code   RO          308    i.HardFault_Handler  stm32f10x_it.o
    0x080016b0   0x080016b0   0x0000002a   Code   RO         2086    i.I2C_CheckEvent    stm32f10x_i2c.o
    0x080016da   0x080016da   0x00000018   Code   RO         2089    i.I2C_Cmd           stm32f10x_i2c.o
    0x080016f2   0x080016f2   0x00000018   Code   RO         2096    i.I2C_GenerateSTART  stm32f10x_i2c.o
    0x0800170a   0x0800170a   0x00000018   Code   RO         2097    i.I2C_GenerateSTOP  stm32f10x_i2c.o
    0x08001722   0x08001722   0x00000002   PAD
    0x08001724   0x08001724   0x000000ec   Code   RO         2103    i.I2C_Init          stm32f10x_i2c.o
    0x08001810   0x08001810   0x00000012   Code   RO         2110    i.I2C_Send7bitAddress  stm32f10x_i2c.o
    0x08001822   0x08001822   0x00000004   Code   RO         2111    i.I2C_SendData      stm32f10x_i2c.o
    0x08001826   0x08001826   0x00000002   PAD
    0x08001828   0x08001828   0x00000074   Code   RO          754    i.IIC_Init          iic_hard.o
    0x0800189c   0x0800189c   0x00000044   Code   RO          755    i.IIC_Send_Address_Write  iic_hard.o
    0x080018e0   0x080018e0   0x00000044   Code   RO          756    i.IIC_Send_Byte     iic_hard.o
    0x08001924   0x08001924   0x00000040   Code   RO          757    i.IIC_Start         iic_hard.o
    0x08001964   0x08001964   0x00000010   Code   RO          758    i.IIC_Stop          iic_hard.o
    0x08001974   0x08001974   0x00000038   Code   RO          429    i.LED1_Init         led.o
    0x080019ac   0x080019ac   0x0000000c   Code   RO          430    i.LED_Init          led.o
    0x080019b8   0x080019b8   0x0000002c   Code   RO            4    i.LED_Task          main.o
    0x080019e4   0x080019e4   0x000000d4   Code   RO            5    i.ListeningSensors_Task  main.o
    0x08001ab8   0x08001ab8   0x0000000e   Code   RO          531    i.MTS_Init          motor.o
    0x08001ac6   0x08001ac6   0x00000004   Code   RO          309    i.MemManage_Handler  stm32f10x_it.o
    0x08001aca   0x08001aca   0x00000002   PAD
    0x08001acc   0x08001acc   0x0000013c   Code   RO            6    i.MetalDetection_Task  main.o
    0x08001c08   0x08001c08   0x00000024   Code   RO          790    i.Metal_Detection_Init  metal_detection.o
    0x08001c2c   0x08001c2c   0x000001a4   Code   RO            7    i.Motor_Task        main.o
    0x08001dd0   0x08001dd0   0x00000002   Code   RO          310    i.NMI_Handler       stm32f10x_it.o
    0x08001dd2   0x08001dd2   0x00000002   PAD
    0x08001dd4   0x08001dd4   0x00000070   Code   RO          939    i.NVIC_Init         misc.o
    0x08001e44   0x08001e44   0x00000014   Code   RO          940    i.NVIC_PriorityGroupConfig  misc.o
    0x08001e58   0x08001e58   0x00000038   Code   RO            8    i.OLEDShowing_Task  main.o
    0x08001e90   0x08001e90   0x000000dc   Code   RO            9    i.PIDCalculator_Task  main.o
    0x08001f6c   0x08001f6c   0x00000054   Code   RO         2372    i.PID_Classic       pid.o
    0x08001fc0   0x08001fc0   0x00000026   Code   RO         2373    i.PID_Create_Object  pid.o
    0x08001fe6   0x08001fe6   0x00000002   PAD
    0x08001fe8   0x08001fe8   0x00000020   Code   RO         1115    i.RCC_APB1PeriphClockCmd  stm32f10x_rcc.o
    0x08002008   0x08002008   0x00000020   Code   RO         1117    i.RCC_APB2PeriphClockCmd  stm32f10x_rcc.o
    0x08002028   0x08002028   0x000000d4   Code   RO         1125    i.RCC_GetClocksFreq  stm32f10x_rcc.o
    0x080020fc   0x080020fc   0x00000440   Code   RO           10    i.Selfcruising_Task  main.o
    0x0800253c   0x0800253c   0x00000008   Code   RO          395    i.SetSysClock       system_stm32f10x.o
    0x08002544   0x08002544   0x000000e0   Code   RO          396    i.SetSysClockTo72   system_stm32f10x.o
    0x08002624   0x08002624   0x0000004e   Code   RO           11    i.Setup             main.o
    0x08002672   0x08002672   0x00000008   Code   RO          311    i.SysTick_Handler   stm32f10x_it.o
    0x0800267a   0x0800267a   0x00000002   PAD
    0x0800267c   0x0800267c   0x00000060   Code   RO          398    i.SystemInit        system_stm32f10x.o
    0x080026dc   0x080026dc   0x0000018c   Code   RO           12    i.TIM2_IRQHandler   main.o
    0x08002868   0x08002868   0x0000005c   Code   RO          483    i.TIM2_Int_Init     timer.o
    0x080028c4   0x080028c4   0x000000bc   Code   RO          484    i.TIM3_PWM_Init     timer.o
    0x08002980   0x08002980   0x00000018   Code   RO         1539    i.TIM_ARRPreloadConfig  stm32f10x_tim.o
    0x08002998   0x08002998   0x00000006   Code   RO         1546    i.TIM_ClearITPendingBit  stm32f10x_tim.o
    0x0800299e   0x0800299e   0x00000018   Code   RO         1551    i.TIM_Cmd           stm32f10x_tim.o
    0x080029b6   0x080029b6   0x00000022   Code   RO         1572    i.TIM_GetITStatus   stm32f10x_tim.o
    0x080029d8   0x080029d8   0x00000012   Code   RO         1576    i.TIM_ITConfig      stm32f10x_tim.o
    0x080029ea   0x080029ea   0x00000002   PAD
    0x080029ec   0x080029ec   0x00000098   Code   RO         1580    i.TIM_OC1Init       stm32f10x_tim.o
    0x08002a84   0x08002a84   0x00000012   Code   RO         1583    i.TIM_OC1PreloadConfig  stm32f10x_tim.o
    0x08002a96   0x08002a96   0x00000002   PAD
    0x08002a98   0x08002a98   0x000000a4   Code   RO         1585    i.TIM_OC2Init       stm32f10x_tim.o
    0x08002b3c   0x08002b3c   0x0000001a   Code   RO         1588    i.TIM_OC2PreloadConfig  stm32f10x_tim.o
    0x08002b56   0x08002b56   0x00000004   Code   RO         1612    i.TIM_SetCompare1   stm32f10x_tim.o
    0x08002b5a   0x08002b5a   0x00000004   Code   RO         1613    i.TIM_SetCompare2   stm32f10x_tim.o
    0x08002b5e   0x08002b5e   0x00000002   PAD
    0x08002b60   0x08002b60   0x000000a4   Code   RO         1622    i.TIM_TimeBaseInit  stm32f10x_tim.o
    0x08002c04   0x08002c04   0x00000038   Code   RO          432    i.TestLED_Init      led.o
    0x08002c3c   0x08002c3c   0x0000005c   Code   RO           13    i.Tracking_Task     main.o
    0x08002c98   0x08002c98   0x00000050   Code   RO           14    i.USART1_IRQHandler  main.o
    0x08002ce8   0x08002ce8   0x000000ac   Code   RO          881    i.USART1_Init       usart.o
    0x08002d94   0x08002d94   0x00000050   Code   RO           15    i.USART2_IRQHandler  main.o
    0x08002de4   0x08002de4   0x000000ac   Code   RO          882    i.USART2_Init       usart.o
    0x08002e90   0x08002e90   0x00000012   Code   RO         1313    i.USART_ClearFlag   stm32f10x_usart.o
    0x08002ea2   0x08002ea2   0x00000018   Code   RO         1317    i.USART_Cmd         stm32f10x_usart.o
    0x08002eba   0x08002eba   0x00000054   Code   RO         1321    i.USART_GetITStatus  stm32f10x_usart.o
    0x08002f0e   0x08002f0e   0x0000004a   Code   RO         1323    i.USART_ITConfig    stm32f10x_usart.o
    0x08002f58   0x08002f58   0x000000d8   Code   RO         1324    i.USART_Init        stm32f10x_usart.o
    0x08003030   0x08003030   0x0000000a   Code   RO         1331    i.USART_ReceiveData  stm32f10x_usart.o
    0x0800303a   0x0800303a   0x00000004   Code   RO          312    i.UsageFault_Handler  stm32f10x_it.o
    0x0800303e   0x0800303e   0x00000002   PAD
    0x08003040   0x08003040   0x00000020   Code   RO         6004    i.__0printf         mc_w.l(printfa.o)
    0x08003060   0x08003060   0x0000000e   Code   RO         6123    i.__scatterload_copy  mc_w.l(handlers.o)
    0x0800306e   0x0800306e   0x00000002   Code   RO         6124    i.__scatterload_null  mc_w.l(handlers.o)
    0x08003070   0x08003070   0x0000000e   Code   RO         6125    i.__scatterload_zeroinit  mc_w.l(handlers.o)
    0x0800307e   0x0800307e   0x00000002   PAD
    0x08003080   0x08003080   0x00000184   Code   RO         6011    i._fp_digits        mc_w.l(printfa.o)
    0x08003204   0x08003204   0x000006b4   Code   RO         6012    i._printf_core      mc_w.l(printfa.o)
    0x080038b8   0x080038b8   0x00000024   Code   RO         6013    i._printf_post_padding  mc_w.l(printfa.o)
    0x080038dc   0x080038dc   0x0000002e   Code   RO         6014    i._printf_pre_padding  mc_w.l(printfa.o)
    0x0800390a   0x0800390a   0x00000002   PAD
    0x0800390c   0x0800390c   0x0000001c   Code   RO          884    i.fputc             usart.o
    0x08003928   0x08003928   0x000000bc   Code   RO           16    i.lCalcVelocity_Task  main.o
    0x080039e4   0x080039e4   0x00000078   Code   RO           17    i.main              main.o
    0x08003a5c   0x08003a5c   0x0000006c   Code   RO         6033    i.malloc            mc_w.l(malloc.o)
    0x08003ac8   0x08003ac8   0x00000098   Code   RO         2803    i.prvAddCurrentTaskToDelayedList  tasks.o
    0x08003b60   0x08003b60   0x000000b4   Code   RO         2804    i.prvAddNewTaskToReadyList  tasks.o
    0x08003c14   0x08003c14   0x00000064   Code   RO         2805    i.prvCheckTasksWaitingTermination  tasks.o
    0x08003c78   0x08003c78   0x0000002a   Code   RO         2644    i.prvCopyDataFromQueue  queue.o
    0x08003ca2   0x08003ca2   0x0000007c   Code   RO         2645    i.prvCopyDataToQueue  queue.o
    0x08003d1e   0x08003d1e   0x00000028   Code   RO         2806    i.prvDeleteTCB      tasks.o
    0x08003d46   0x08003d46   0x00000002   PAD
    0x08003d48   0x08003d48   0x00000028   Code   RO         2807    i.prvIdleTask       tasks.o
    0x08003d70   0x08003d70   0x00000026   Code   RO         2647    i.prvInitialiseNewQueue  queue.o
    0x08003d96   0x08003d96   0x00000086   Code   RO         2808    i.prvInitialiseNewTask  tasks.o
    0x08003e1c   0x08003e1c   0x00000068   Code   RO         2809    i.prvInitialiseTaskLists  tasks.o
    0x08003e84   0x08003e84   0x00000068   Code   RO         2462    i.prvInsertBlockIntoFreeList  heap_4.o
    0x08003eec   0x08003eec   0x0000001a   Code   RO         2648    i.prvIsQueueEmpty   queue.o
    0x08003f06   0x08003f06   0x0000001e   Code   RO         2649    i.prvIsQueueFull    queue.o
    0x08003f24   0x08003f24   0x00000034   Code   RO         2810    i.prvResetNextTaskUnblockTime  tasks.o
    0x08003f58   0x08003f58   0x00000016   Code   RO         2391    i.prvTaskExitError  port.o
    0x08003f6e   0x08003f6e   0x00000002   PAD
    0x08003f70   0x08003f70   0x00000040   Code   RO         2811    i.prvTaskIsTaskSuspended  tasks.o
    0x08003fb0   0x08003fb0   0x0000007e   Code   RO         2650    i.prvUnlockQueue    queue.o
    0x0800402e   0x0800402e   0x00000002   PAD
    0x08004030   0x08004030   0x00000020   Code   RO         2812    i.pvTaskIncrementMutexHeldCount  tasks.o
    0x08004050   0x08004050   0x00000024   Code   RO         2392    i.pxPortInitialiseStack  port.o
    0x08004074   0x08004074   0x000000d0   Code   RO           18    i.rCalcVelocity_Task  main.o
    0x08004144   0x08004144   0x00000028   Code   RO          814    i.track_Init        track.o
    0x0800416c   0x0800416c   0x0000003a   Code   RO         4420    i.u8g2_IsIntersection  u8g2_intersection.o
    0x080041a6   0x080041a6   0x00000002   PAD
    0x080041a8   0x080041a8   0x0000000c   Code   RO         4043    i.u8g2_SetFontPosBaseline  u8g2_font.o
    0x080041b4   0x080041b4   0x00000020   Code   RO         4635    i.u8g2_SetMaxClipWindow  u8g2_setup.o
    0x080041d4   0x080041d4   0x0000005a   Code   RO         4636    i.u8g2_SetupBuffer  u8g2_setup.o
    0x0800422e   0x0800422e   0x00000002   PAD
    0x08004230   0x08004230   0x00000044   Code   RO         4007    i.u8g2_Setup_ssd1306_i2c_128x64_noname_f  u8g2_d_setup.o
    0x08004274   0x08004274   0x0000007a   Code   RO         4638    i.u8g2_apply_clip_window  u8g2_setup.o
    0x080042ee   0x080042ee   0x0000002c   Code   RO         4364    i.u8g2_draw_hv_line_2dir  u8g2_hvline.o
    0x0800431a   0x0800431a   0x0000003c   Code   RO         4639    i.u8g2_draw_l90_mirrorr_r0  u8g2_setup.o
    0x08004356   0x08004356   0x00000024   Code   RO         4640    i.u8g2_draw_l90_r0  u8g2_setup.o
    0x0800437a   0x0800437a   0x00000044   Code   RO         4641    i.u8g2_draw_l90_r1  u8g2_setup.o
    0x080043be   0x080043be   0x00000056   Code   RO         4642    i.u8g2_draw_l90_r2  u8g2_setup.o
    0x08004414   0x08004414   0x00000050   Code   RO         4643    i.u8g2_draw_l90_r3  u8g2_setup.o
    0x08004464   0x08004464   0x0000003c   Code   RO         4644    i.u8g2_draw_mirror_vertical_r0  u8g2_setup.o
    0x080044a0   0x080044a0   0x00000006   Code   RO         4060    i.u8g2_font_calc_vref_font  u8g2_font.o
    0x080044a6   0x080044a6   0x00000030   Code   RO         4421    i.u8g2_is_intersection_decision_tree  u8g2_intersection.o
    0x080044d6   0x080044d6   0x000000ee   Code   RO         4469    i.u8g2_ll_hvline_vertical_top_lsb  u8g2_ll_hvline.o
    0x080045c4   0x080045c4   0x00000010   Code   RO         3994    i.u8g2_m_16_8_f     u8g2_d_memory.o
    0x080045d4   0x080045d4   0x00000060   Code   RO         4645    i.u8g2_update_dimension_common  u8g2_setup.o
    0x08004634   0x08004634   0x0000000c   Code   RO         4646    i.u8g2_update_dimension_r0  u8g2_setup.o
    0x08004640   0x08004640   0x0000001c   Code   RO         4647    i.u8g2_update_dimension_r1  u8g2_setup.o
    0x0800465c   0x0800465c   0x0000000c   Code   RO         4648    i.u8g2_update_dimension_r2  u8g2_setup.o
    0x08004668   0x08004668   0x0000001c   Code   RO         4649    i.u8g2_update_dimension_r3  u8g2_setup.o
    0x08004684   0x08004684   0x00000020   Code   RO         4650    i.u8g2_update_page_win_r0  u8g2_setup.o
    0x080046a4   0x080046a4   0x00000020   Code   RO         4651    i.u8g2_update_page_win_r1  u8g2_setup.o
    0x080046c4   0x080046c4   0x0000003c   Code   RO         4652    i.u8g2_update_page_win_r2  u8g2_setup.o
    0x08004700   0x08004700   0x0000003c   Code   RO         4653    i.u8g2_update_page_win_r3  u8g2_setup.o
    0x0800473c   0x0800473c   0x00000012   Code   RO         5472    i.u8x8_InitDisplay  u8x8_display.o
    0x0800474e   0x0800474e   0x00000014   Code   RO         5477    i.u8x8_SetPowerSave  u8x8_display.o
    0x08004762   0x08004762   0x0000002a   Code   RO         5648    i.u8x8_Setup        u8x8_setup.o
    0x0800478c   0x0800478c   0x0000002c   Code   RO         5649    i.u8x8_SetupDefaults  u8x8_setup.o
    0x080047b8   0x080047b8   0x00000012   Code   RO         5478    i.u8x8_SetupMemory  u8x8_display.o
    0x080047ca   0x080047ca   0x00000012   Code   RO         5072    i.u8x8_byte_EndTransfer  u8x8_byte.o
    0x080047dc   0x080047dc   0x00000010   Code   RO         5073    i.u8x8_byte_SendByte  u8x8_byte.o
    0x080047ec   0x080047ec   0x0000001a   Code   RO         5074    i.u8x8_byte_SendBytes  u8x8_byte.o
    0x08004806   0x08004806   0x00000012   Code   RO         5076    i.u8x8_byte_StartTransfer  u8x8_byte.o
    0x08004818   0x08004818   0x00000094   Code   RO          666    i.u8x8_byte_hw_i2c  oled.o
    0x080048ac   0x080048ac   0x00000012   Code   RO         5208    i.u8x8_cad_EndTransfer  u8x8_cad.o
    0x080048be   0x080048be   0x00000014   Code   RO         5209    i.u8x8_cad_SendArg  u8x8_cad.o
    0x080048d2   0x080048d2   0x00000014   Code   RO         5210    i.u8x8_cad_SendCmd  u8x8_cad.o
    0x080048e6   0x080048e6   0x0000001a   Code   RO         5211    i.u8x8_cad_SendData  u8x8_cad.o
    0x08004900   0x08004900   0x0000007c   Code   RO         5213    i.u8x8_cad_SendSequence  u8x8_cad.o
    0x0800497c   0x0800497c   0x00000012   Code   RO         5214    i.u8x8_cad_StartTransfer  u8x8_cad.o
    0x0800498e   0x0800498e   0x00000002   PAD
    0x08004990   0x08004990   0x000000d4   Code   RO         5217    i.u8x8_cad_ssd13xx_fast_i2c  u8x8_cad.o
    0x08004a64   0x08004a64   0x00000060   Code   RO         5479    i.u8x8_d_helper_display_init  u8x8_display.o
    0x08004ac4   0x08004ac4   0x0000000c   Code   RO         5480    i.u8x8_d_helper_display_setup_memory  u8x8_display.o
    0x08004ad0   0x08004ad0   0x00000054   Code   RO         5394    i.u8x8_d_ssd1306_128x64_noname  u8x8_d_ssd1306_128x64_noname.o
    0x08004b24   0x08004b24   0x00000104   Code   RO         5396    i.u8x8_d_ssd1306_sh1106_generic  u8x8_d_ssd1306_128x64_noname.o
    0x08004c28   0x08004c28   0x00000008   Code   RO         5651    i.u8x8_dummy_cb     u8x8_setup.o
    0x08004c30   0x08004c30   0x00000038   Code   RO          667    i.u8x8_gpio_and_delay  oled.o
    0x08004c68   0x08004c68   0x0000001a   Code   RO         5570    i.u8x8_gpio_call    u8x8_gpio.o
    0x08004c82   0x08004c82   0x0000002e   Code   RO         5225    i.u8x8_i2c_data_transfer  u8x8_cad.o
    0x08004cb0   0x08004cb0   0x00000028   Code   RO         2608    i.uxListRemove      list.o
    0x08004cd8   0x08004cd8   0x00000012   Code   RO         2651    i.uxQueueMessagesWaiting  queue.o
    0x08004cea   0x08004cea   0x00000002   PAD
    0x08004cec   0x08004cec   0x00000018   Code   RO           19    i.vApplicationGetIdleTaskMemory  main.o
    0x08004d04   0x08004d04   0x0000001a   Code   RO         2609    i.vListInitialise   list.o
    0x08004d1e   0x08004d1e   0x00000006   Code   RO         2610    i.vListInitialiseItem  list.o
    0x08004d24   0x08004d24   0x00000034   Code   RO         2611    i.vListInsert       list.o
    0x08004d58   0x08004d58   0x00000018   Code   RO         2612    i.vListInsertEnd    list.o
    0x08004d70   0x08004d70   0x00000024   Code   RO         2394    i.vPortEnterCritical  port.o
    0x08004d94   0x08004d94   0x00000020   Code   RO         2395    i.vPortExitCritical  port.o
    0x08004db4   0x08004db4   0x00000048   Code   RO         2464    i.vPortFree         heap_4.o
    0x08004dfc   0x08004dfc   0x00000014   Code   RO         2396    i.vPortSetupTimerInterrupt  port.o
    0x08004e10   0x08004e10   0x00000024   Code   RO          559    i.vSensorL_Init     vsensor.o
    0x08004e34   0x08004e34   0x00000024   Code   RO          560    i.vSensorR_Init     vsensor.o
    0x08004e58   0x08004e58   0x0000000c   Code   RO          561    i.vSensors_Init     vsensor.o
    0x08004e64   0x08004e64   0x00000034   Code   RO         2818    i.vTaskDelay        tasks.o
    0x08004e98   0x08004e98   0x000000cc   Code   RO         2820    i.vTaskDelete       tasks.o
    0x08004f64   0x08004f64   0x0000000c   Code   RO         2822    i.vTaskMissedYield  tasks.o
    0x08004f70   0x08004f70   0x00000020   Code   RO         2824    i.vTaskPlaceOnEventList  tasks.o
    0x08004f90   0x08004f90   0x000000b0   Code   RO         2826    i.vTaskPriorityInherit  tasks.o
    0x08005040   0x08005040   0x00000078   Code   RO         2828    i.vTaskResume       tasks.o
    0x080050b8   0x080050b8   0x00000018   Code   RO         2829    i.vTaskSetTimeOutState  tasks.o
    0x080050d0   0x080050d0   0x0000008c   Code   RO         2830    i.vTaskStartScheduler  tasks.o
    0x0800515c   0x0800515c   0x000000bc   Code   RO         2831    i.vTaskSuspend      tasks.o
    0x08005218   0x08005218   0x00000010   Code   RO         2832    i.vTaskSuspendAll   tasks.o
    0x08005228   0x08005228   0x00000060   Code   RO         2833    i.vTaskSwitchContext  tasks.o
    0x08005288   0x08005288   0x00000034   Code   RO         2397    i.xPortStartScheduler  port.o
    0x080052bc   0x080052bc   0x00000034   Code   RO         2398    i.xPortSysTickHandler  port.o
    0x080052f0   0x080052f0   0x00000022   Code   RO         2656    i.xQueueCreateCountingSemaphoreStatic  queue.o
    0x08005312   0x08005312   0x0000002e   Code   RO         2660    i.xQueueGenericCreateStatic  queue.o
    0x08005340   0x08005340   0x0000015c   Code   RO         2661    i.xQueueGenericReceive  queue.o
    0x0800549c   0x0800549c   0x00000080   Code   RO         2662    i.xQueueGenericReset  queue.o
    0x0800551c   0x0800551c   0x00000118   Code   RO         2663    i.xQueueGenericSend  queue.o
    0x08005634   0x08005634   0x00000086   Code   RO         2664    i.xQueueGenericSendFromISR  queue.o
    0x080056ba   0x080056ba   0x00000002   PAD
    0x080056bc   0x080056bc   0x0000005c   Code   RO         2834    i.xTaskCheckForTimeOut  tasks.o
    0x08005718   0x08005718   0x0000004e   Code   RO         2836    i.xTaskCreateStatic  tasks.o
    0x08005766   0x08005766   0x00000002   PAD
    0x08005768   0x08005768   0x0000011c   Code   RO         2842    i.xTaskIncrementTick  tasks.o
    0x08005884   0x08005884   0x00000084   Code   RO         2845    i.xTaskPriorityDisinherit  tasks.o
    0x08005908   0x08005908   0x00000080   Code   RO         2846    i.xTaskRemoveFromEventList  tasks.o
    0x08005988   0x08005988   0x000000e8   Code   RO         2848    i.xTaskResumeAll    tasks.o
    0x08005a70   0x08005a70   0x0000000c   Data   RO           22    .constdata          main.o
    0x08005a7c   0x08005a7c   0x00000048   Data   RO         4654    .constdata          u8g2_setup.o
    0x08005ac4   0x08005ac4   0x00000158   Data   RO         5398    .constdata          u8x8_d_ssd1306_128x64_noname.o
    0x08005c1c   0x08005c1c   0x0000005d   Data   RO           23    .conststring        main.o
    0x08005c79   0x08005c79   0x00000003   PAD
    0x08005c7c   0x08005c7c   0x00000020   Data   RO         6121    Region$$Table       anon$$obj.o


    Execution Region ER_RW (Exec base: 0x20000000, Load base: 0x08005c9c, Size: 0x00000100, Max: 0xffffffff, ABSOLUTE)

    Exec Addr    Load Addr    Size         Type   Attr      Idx    E Section Name        Object

    0x20000000   0x08005c9c   0x00000074   Data   RW           24    .data               main.o
    0x20000074   0x08005d10   0x00000001   Data   RW          670    .data               oled.o
    0x20000075   0x08005d11   0x00000003   PAD
    0x20000078   0x08005d14   0x0000000b   Data   RW          886    .data               usart.o
    0x20000083   0x08005d1f   0x00000014   Data   RW         1145    .data               stm32f10x_rcc.o
    0x20000097   0x08005d33   0x00000001   PAD
    0x20000098   0x08005d34   0x00000004   Data   RW         2399    .data               port.o
    0x2000009c   0x08005d38   0x00000018   Data   RW         2469    .data               heap_4.o
    0x200000b4   0x08005d50   0x0000003c   Data   RW         2851    .data               tasks.o
    0x200000f0   0x08005d8c   0x00000006   Data   RW         5227    .data               u8x8_cad.o
    0x200000f6   0x08005d92   0x00000002   PAD
    0x200000f8   0x08005d94   0x00000004   Data   RW         6108    .data               mc_w.l(mvars.o)
    0x200000fc   0x08005d98   0x00000004   Data   RW         6109    .data               mc_w.l(mvars.o)


    Execution Region ER_ZI (Exec base: 0x20000100, Load base: 0x08005d9c, Size: 0x00004a30, Max: 0xffffffff, ABSOLUTE)

    Exec Addr    Load Addr    Size         Type   Attr      Idx    E Section Name        Object

    0x20000100        -       0x000023b8   Zero   RW           21    .bss                main.o
    0x200024b8        -       0x00000020   Zero   RW          668    .bss                oled.o
    0x200024d8        -       0x00000190   Zero   RW          885    .bss                usart.o
    0x20002668        -       0x000000c8   Zero   RW         2850    .bss                tasks.o
    0x20002730        -       0x00000400   Zero   RW         3995    .bss                u8g2_d_memory.o
    0x20002b30        -       0x00001000   Zero   RW          933    HEAP                startup_stm32f10x_md.o
    0x20003b30        -       0x00001000   Zero   RW          932    STACK               startup_stm32f10x_md.o


==============================================================================

Image component sizes


      Code (inc. data)   RO Data    RW Data    ZI Data      Debug   Object Name

        52          6          0          0          0        480   beep.o
         0          0          0          0          0      15416   event_groups.o
       176         16          0         24          0       2380   heap_4.o
       332         44          0          0          0       2767   iic_hard.o
       124         12          0          0          0       2870   led.o
       148          0          0          0          0       3142   list.o
      6620       2222        105        116       9144     453709   main.o
        36          4          0          0          0        543   metal_detection.o
       132         22          0          0          0       1499   misc.o
        14          0          0          0          0        439   motor.o
       204          8          0          1         32       2129   oled.o
       122          0          0          0          0       1574   pid.o
       400         50          0          4          0       9048   port.o
      1374         16          0          0          0      11830   queue.o
        36          8        236          0       8192        788   startup_stm32f10x_md.o
       304          0          0          0          0       3604   stm32f10x_gpio.o
       372         14          0          0          0       5818   stm32f10x_i2c.o
        28          0          0          0          0       2847   stm32f10x_it.o
       276         32          0         20          0       4386   stm32f10x_rcc.o
       638         72          0          0          0       7663   stm32f10x_tim.o
       426          6          0          0          0       5480   stm32f10x_usart.o
         0          0          0          0          0         32   sys.o
       328         28          0          0          0       1761   system_stm32f10x.o
      2904        434          0         60        200      36579   tasks.o
       280          8          0          0          0       1416   timer.o
        40          6          0          0          0        481   track.o
        16          6          0          0       1024        844   u8g2_d_memory.o
        68         14          0          0          0       1061   u8g2_d_setup.o
        18          6          0          0          0       1009   u8g2_font.o
        44          0          0          0          0        701   u8g2_hvline.o
       106          0          0          0          0       1511   u8g2_intersection.o
       238          0          0          0          0       1406   u8g2_ll_hvline.o
       994          0         72          0          0     151839   u8g2_setup.o
        78          0          0          0          0       2577   u8x8_byte.o
       484         10          0          6          0       8148   u8x8_cad.o
       344         26        344          0          0       3143   u8x8_d_ssd1306_128x64_noname.o
       164          0          0          0          0       2728   u8x8_display.o
        26          0          0          0          0        601   u8x8_gpio.o
        94          6          0          0          0       1858   u8x8_setup.o
       372         22          0         11        400       3920   usart.o
        84          8          0          0          0       1448   vsensor.o

    ----------------------------------------------------------------------
     18536       3106        792        248      18992     761475   Object Totals
         0          0         32          0          0          0   (incl. Generated)
        40          0          3          6          0          0   (incl. Padding)

    ----------------------------------------------------------------------

      Code (inc. data)   RO Data    RW Data    ZI Data      Debug   Library Member Name

         0          0          0          0          0          0   entry.o
         0          0          0          0          0          0   entry10a.o
         0          0          0          0          0          0   entry11a.o
         4          0          0          0          0          0   entry12b.o
         8          4          0          0          0          0   entry2.o
         4          0          0          0          0          0   entry5.o
         0          0          0          0          0          0   entry7b.o
         0          0          0          0          0          0   entry8b.o
         8          4          0          0          0          0   entry9a.o
        30          0          0          0          0          0   handlers.o
        36          8          0          0          0         68   init.o
         0          0          0          0          0          0   iusefp.o
        30          0          0          0          0         68   llshl.o
        36          0          0          0          0         68   llsshr.o
        32          0          0          0          0         68   llushr.o
       108         16          0          0          0         84   malloc.o
        36          0          0          0          0         68   memcpya.o
        36          0          0          0          0        108   memseta.o
         0          0          0          8          0          0   mvars.o
      2218         90          0          0          0        464   printfa.o
        44          0          0          0          0         80   uidiv.o
        98          0          0          0          0         92   uldiv.o
        48          0          0          0          0         68   cdrcmple.o
        20          0          0          0          0         68   cfcmple.o
        20          0          0          0          0         68   cfrcmple.o
        56          0          0          0          0         88   d2f.o
       334          0          0          0          0        148   dadd.o
       222          0          0          0          0        100   ddiv.o
       186          0          0          0          0        176   depilogue.o
        48          0          0          0          0         68   dfixul.o
        34          0          0          0          0         76   dflti.o
        26          0          0          0          0         76   dfltui.o
       228          0          0          0          0         96   dmul.o
        38          0          0          0          0         68   f2d.o
       176          0          0          0          0        140   fadd.o
       110          0          0          0          0        168   fepilogue.o
       100          0          0          0          0         76   fmul.o

    ----------------------------------------------------------------------
      4380        122          0          8          0       2652   Library Totals
         6          0          0          0          0          0   (incl. Padding)

    ----------------------------------------------------------------------

      Code (inc. data)   RO Data    RW Data    ZI Data      Debug   Library Name

      2728        122          0          8          0       1168   mc_w.l
      1646          0          0          0          0       1484   mf_w.l

    ----------------------------------------------------------------------
      4380        122          0          8          0       2652   Library Totals

    ----------------------------------------------------------------------

==============================================================================


      Code (inc. data)   RO Data    RW Data    ZI Data      Debug   

     22916       3228        792        256      18992     753151   Grand Totals
     22916       3228        792        256      18992     753151   ELF Image Totals
     22916       3228        792        256          0          0   ROM Totals

==============================================================================

    Total RO  Size (Code + RO Data)                23708 (  23.15kB)
    Total RW  Size (RW Data + ZI Data)             19248 (  18.80kB)
    Total ROM Size (Code + RO Data + RW Data)      23964 (  23.40kB)

==============================================================================

