Component: ARM Compiler 5.06 update 7 (build 960) Tool: armlink [4d3601]

==============================================================================

Section Cross References

    main.o(i.AnalyseCommand_Task) refers to queue.o(i.xQueueGenericReceive) for xQueueGenericReceive
    main.o(i.AnalyseCommand_Task) refers to main.o(i.xPrintf) for xPrintf
    main.o(i.AnalyseCommand_Task) refers to printfa.o(i.__0printf) for __2printf
    main.o(i.AnalyseCommand_Task) refers to tasks.o(i.vTaskSuspend) for vTaskSuspend
    main.o(i.AnalyseCommand_Task) refers to stm32f10x_tim.o(i.TIM_SetCompare1) for TIM_SetCompare1
    main.o(i.AnalyseCommand_Task) refers to stm32f10x_tim.o(i.TIM_SetCompare2) for TIM_SetCompare2
    main.o(i.AnalyseCommand_Task) refers to dflti.o(.text) for __aeabi_i2d
    main.o(i.AnalyseCommand_Task) refers to dmul.o(.text) for __aeabi_dmul
    main.o(i.AnalyseCommand_Task) refers to dadd.o(.text) for __aeabi_dadd
    main.o(i.AnalyseCommand_Task) refers to d2f.o(.text) for __aeabi_d2f
    main.o(i.AnalyseCommand_Task) refers to f2d.o(.text) for __aeabi_f2d
    main.o(i.AnalyseCommand_Task) refers to tasks.o(i.vTaskResume) for vTaskResume
    main.o(i.AnalyseCommand_Task) refers to main.o(.data) for wirelessCommandHandle
    main.o(i.AppTaskCreate) refers to port.o(i.vPortEnterCritical) for vPortEnterCritical
    main.o(i.AppTaskCreate) refers to queue.o(i.xQueueCreateMutexStatic) for xQueueCreateMutexStatic
    main.o(i.AppTaskCreate) refers to printfa.o(i.__0printf) for __2printf
    main.o(i.AppTaskCreate) refers to queue.o(i.xQueueCreateCountingSemaphoreStatic) for xQueueCreateCountingSemaphoreStatic
    main.o(i.AppTaskCreate) refers to queue.o(i.xQueueGenericCreateStatic) for xQueueGenericCreateStatic
    main.o(i.AppTaskCreate) refers to tasks.o(i.xTaskCreateStatic) for xTaskCreateStatic
    main.o(i.AppTaskCreate) refers to main.o(.bss) for printfSemphr_Structure
    main.o(i.AppTaskCreate) refers to main.o(.data) for printfSemphr_Handle
    main.o(i.AppTaskCreate) refers to main.o(i.LED_Task) for LED_Task
    main.o(i.AppTaskCreate) refers to main.o(i.Motor_Task) for Motor_Task
    main.o(i.AppTaskCreate) refers to main.o(i.ListeningSensors_Task) for ListeningSensors_Task
    main.o(i.AppTaskCreate) refers to main.o(i.lCalcVelocity_Task) for lCalcVelocity_Task
    main.o(i.AppTaskCreate) refers to main.o(i.rCalcVelocity_Task) for rCalcVelocity_Task
    main.o(i.AppTaskCreate) refers to main.o(i.AnalyseCommand_Task) for AnalyseCommand_Task
    main.o(i.AppTaskCreate) refers to main.o(i.PIDCalculator_Task) for PIDCalculator_Task
    main.o(i.AppTaskCreate) refers to tasks.o(i.vTaskDelete) for vTaskDelete
    main.o(i.AppTaskCreate) refers to tasks.o(i.vTaskSuspend) for vTaskSuspend
    main.o(i.AppTaskCreate) refers to port.o(i.vPortExitCritical) for vPortExitCritical
    main.o(i.AppTaskCreate) refers to main.o(i.Selfcruising_Task) for Selfcruising_Task
    main.o(i.AppTaskCreate) refers to main.o(i.OLEDShowing_Task) for OLEDShowing_Task
    main.o(i.Filter) refers to fadd.o(.text) for __aeabi_fsub
    main.o(i.Filter) refers to fmul.o(.text) for __aeabi_fmul
    main.o(i.LED_Task) refers to tasks.o(i.vTaskDelay) for vTaskDelay
    main.o(i.ListeningSensors_Task) refers to stm32f10x_gpio.o(i.GPIO_ReadInputDataBit) for GPIO_ReadInputDataBit
    main.o(i.ListeningSensors_Task) refers to queue.o(i.xQueueGenericSend) for xQueueGenericSend
    main.o(i.ListeningSensors_Task) refers to main.o(i.xPrintf) for xPrintf
    main.o(i.ListeningSensors_Task) refers to main.o(.data) for vSensorLCountHandle
    main.o(i.Motor_Task) refers to tasks.o(i.vTaskDelay) for vTaskDelay
    main.o(i.Motor_Task) refers to fadd.o(.text) for __aeabi_fsub
    main.o(i.Motor_Task) refers to cfrcmple.o(.text) for __aeabi_cfrcmple
    main.o(i.Motor_Task) refers to stm32f10x_tim.o(i.TIM_SetCompare1) for TIM_SetCompare1
    main.o(i.Motor_Task) refers to cfcmple.o(.text) for __aeabi_cfcmple
    main.o(i.Motor_Task) refers to stm32f10x_tim.o(i.TIM_SetCompare2) for TIM_SetCompare2
    main.o(i.Motor_Task) refers to f2d.o(.text) for __aeabi_f2d
    main.o(i.Motor_Task) refers to printfa.o(i.__0printf) for __2printf
    main.o(i.Motor_Task) refers to main.o(.data) for lVelocity
    main.o(i.Motor_Task) refers to main.o(.conststring) for .conststring
    main.o(i.OLEDShowing_Task) refers to u8g2_d_setup.o(i.u8g2_Setup_ssd1306_i2c_128x64_noname_f) for u8g2_Setup_ssd1306_i2c_128x64_noname_f
    main.o(i.OLEDShowing_Task) refers to u8x8_display.o(i.u8x8_InitDisplay) for u8x8_InitDisplay
    main.o(i.OLEDShowing_Task) refers to u8x8_display.o(i.u8x8_SetPowerSave) for u8x8_SetPowerSave
    main.o(i.OLEDShowing_Task) refers to u8g2_buffer.o(i.u8g2_ClearBuffer) for u8g2_ClearBuffer
    main.o(i.OLEDShowing_Task) refers to u8g2_font.o(i.u8g2_SetFont) for u8g2_SetFont
    main.o(i.OLEDShowing_Task) refers to u8g2_font.o(i.u8g2_DrawStr) for u8g2_DrawStr
[...]
    i.vListInitialiseItem                    0x080051c6   Section        0  list.o(i.vListInitialiseItem)
    i.vListInsert                            0x080051cc   Section        0  list.o(i.vListInsert)
    i.vListInsertEnd                         0x08005200   Section        0  list.o(i.vListInsertEnd)
    i.vPortEnterCritical                     0x08005218   Section        0  port.o(i.vPortEnterCritical)
    i.vPortExitCritical                      0x0800523c   Section        0  port.o(i.vPortExitCritical)
    i.vPortFree                              0x0800525c   Section        0  heap_4.o(i.vPortFree)
    i.vPortSetupTimerInterrupt               0x080052a4   Section        0  port.o(i.vPortSetupTimerInterrupt)
    i.vSensorL_Init                          0x080052b8   Section        0  vsensor.o(i.vSensorL_Init)
    i.vSensorR_Init                          0x080052dc   Section        0  vsensor.o(i.vSensorR_Init)
    i.vSensors_Init                          0x08005300   Section        0  vsensor.o(i.vSensors_Init)
    i.vTaskDelay                             0x0800530c   Section        0  tasks.o(i.vTaskDelay)
    i.vTaskDelete                            0x08005340   Section        0  tasks.o(i.vTaskDelete)
    i.vTaskMissedYield                       0x0800540c   Section        0  tasks.o(i.vTaskMissedYield)
    i.vTaskPlaceOnEventList                  0x08005418   Section        0  tasks.o(i.vTaskPlaceOnEventList)
    i.vTaskPriorityInherit                   0x08005438   Section        0  tasks.o(i.vTaskPriorityInherit)
    i.vTaskResume                            0x080054e8   Section        0  tasks.o(i.vTaskResume)
    i.vTaskSetTimeOutState                   0x08005560   Section        0  tasks.o(i.vTaskSetTimeOutState)
    i.vTaskStartScheduler                    0x08005578   Section        0  tasks.o(i.vTaskStartScheduler)
    i.vTaskSuspend                           0x08005604   Section        0  tasks.o(i.vTaskSuspend)
    i.vTaskSuspendAll                        0x080056c0   Section        0  tasks.o(i.vTaskSuspendAll)
    i.vTaskSwitchContext                     0x080056d0   Section        0  tasks.o(i.vTaskSwitchContext)
    i.xPortStartScheduler                    0x08005730   Section        0  port.o(i.xPortStartScheduler)
    i.xPortSysTickHandler                    0x08005764   Section        0  port.o(i.xPortSysTickHandler)
    i.xPrintf                                0x08005798   Section        0  main.o(i.xPrintf)
    xPrintf                                  0x08005799   Thumb Code    68  main.o(i.xPrintf)
    i.xQueueCreateCountingSemaphoreStatic    0x080057e4   Section        0  queue.o(i.xQueueCreateCountingSemaphoreStatic)
    i.xQueueCreateMutexStatic                0x08005806   Section        0  queue.o(i.xQueueCreateMutexStatic)
    i.xQueueGenericCreateStatic              0x08005830   Section        0  queue.o(i.xQueueGenericCreateStatic)
    i.xQueueGenericReceive                   0x08005860   Section        0  queue.o(i.xQueueGenericReceive)
    i.xQueueGenericReset                     0x080059bc   Section        0  queue.o(i.xQueueGenericReset)
    i.xQueueGenericSend                      0x08005a3c   Section        0  queue.o(i.xQueueGenericSend)
    i.xQueueGenericSendFromISR               0x08005b54   Section        0  queue.o(i.xQueueGenericSendFromISR)
    i.xTaskCheckForTimeOut                   0x08005bdc   Section        0  tasks.o(i.xTaskCheckForTimeOut)
    i.xTaskCreateStatic                      0x08005c38   Section        0  tasks.o(i.xTaskCreateStatic)
    i.xTaskIncrementTick                     0x08005c88   Section        0  tasks.o(i.xTaskIncrementTick)
    i.xTaskPriorityDisinherit                0x08005da4   Section        0  tasks.o(i.xTaskPriorityDisinherit)
    i.xTaskRemoveFromEventList               0x08005e28   Section        0  tasks.o(i.xTaskRemoveFromEventList)
    i.xTaskResumeAll                         0x08005ea8   Section        0  tasks.o(i.xTaskResumeAll)
    .constdata                               0x08005f90   Section     4194  u8g2_fonts.o(.constdata)
    .constdata                               0x08006ff4   Section       72  u8g2_setup.o(.constdata)
    .constdata                               0x0800703c   Section      344  u8x8_d_ssd1306_128x64_noname.o(.constdata)
    u8x8_d_ssd1306_128x64_noname_init_seq    0x0800703c   Data          53  u8x8_d_ssd1306_128x64_noname.o(.constdata)
    u8x8_d_ssd1306_128x64_vcomh0_init_seq    0x08007071   Data          53  u8x8_d_ssd1306_128x64_noname.o(.constdata)
    u8x8_d_ssd1306_128x64_alt0_init_seq      0x080070a6   Data          53  u8x8_d_ssd1306_128x64_noname.o(.constdata)
    u8x8_d_sh1106_128x64_winstar_init_seq    0x080070db   Data          45  u8x8_d_ssd1306_128x64_noname.o(.constdata)
    u8x8_d_ssd1312_128x64_noname_init_seq    0x08007108   Data          53  u8x8_d_ssd1306_128x64_noname.o(.constdata)
    u8x8_d_ssd1306_128x64_noname_powersave0_seq 0x0800713d   Data           5  u8x8_d_ssd1306_128x64_noname.o(.constdata)
    u8x8_d_ssd1306_128x64_noname_powersave1_seq 0x08007142   Data           5  u8x8_d_ssd1306_128x64_noname.o(.constdata)
    u8x8_d_ssd1306_128x64_noname_flip0_seq   0x08007147   Data           7  u8x8_d_ssd1306_128x64_noname.o(.constdata)
    u8x8_d_ssd1306_128x64_noname_flip1_seq   0x0800714e   Data           7  u8x8_d_ssd1306_128x64_noname.o(.constdata)
    u8x8_d_ssd1312_128x64_noname_flip0_seq   0x08007155   Data           7  u8x8_d_ssd1306_128x64_noname.o(.constdata)
    u8x8_d_ssd1312_128x64_noname_flip1_seq   0x0800715c   Data           7  u8x8_d_ssd1306_128x64_noname.o(.constdata)
    u8x8_ssd1306_128x64_noname_display_info  0x08007164   Data          24  u8x8_d_ssd1306_128x64_noname.o(.constdata)
    u8x8_sh1106_128x64_noname_display_info   0x0800717c   Data          24  u8x8_d_ssd1306_128x64_noname.o(.constdata)
    .conststring                             0x08007194   Section       93  main.o(.conststring)
    .data                                    0x20000000   Section      120  main.o(.data)
    AppTaskCreate_Handle                     0x20000000   Data           4  main.o(.data)
    LED_Task_Handle                          0x20000004   Data           4  main.o(.data)
    Motor_Task_Handle                        0x20000008   Data           4  main.o(.data)
    ListeningSensors_Task_Handle             0x2000000c   Data           4  main.o(.data)
    lCalcVelocity_Task_Handle                0x20000010   Data           4  main.o(.data)
    rCalcVelocity_Task_Handle                0x20000014   Data           4  main.o(.data)
    AnalyseCommand_Task_Handle               0x20000018   Data           4  main.o(.data)
    PIDCalculator_Task_Handle                0x2000001c   Data           4  main.o(.data)
    Tracking_Task_Handle                     0x20000020   Data           4  main.o(.data)
    Selfcruising_Task_Handle                 0x20000024   Data           4  main.o(.data)
    OLEDShowing_Task_Handle                  0x20000028   Data           4  main.o(.data)
    printfSemphr_Handle                      0x2000002c   Data           4  main.o(.data)
    vSensorLCountHandle                      0x20000030   Data           4  main.o(.data)
    vSensorRCountHandle                      0x20000034   Data           4  main.o(.data)
    ReplaceVHandle                           0x20000038   Data           4  main.o(.data)
    wirelessCommandHandle                    0x2000003c   Data           4  main.o(.data)
    x                                        0x20000070   Data           4  main.o(.data)
    y                                        0x20000074   Data           4  main.o(.data)
    .data                                    0x20000078   Section        1  oled.o(.data)
    buf_idx                                  0x20000078   Data           1  oled.o(.data)
    .data                                    0x2000007c   Section       11  usart.o(.data)
    .data                                    0x20000087   Section       20  stm32f10x_rcc.o(.data)
    APBAHBPrescTable                         0x20000087   Data          16  stm32f10x_rcc.o(.data)
    ADCPrescTable                            0x20000097   Data           4  stm32f10x_rcc.o(.data)
    .data                                    0x2000009c   Section        4  port.o(.data)
    uxCriticalNesting                        0x2000009c   Data           4  port.o(.data)
    .data                                    0x200000a0   Section       24  heap_4.o(.data)
    xStart                                   0x200000a0   Data           8  heap_4.o(.data)
    pxEnd                                    0x200000a8   Data           4  heap_4.o(.data)
    xFreeBytesRemaining                      0x200000ac   Data           4  heap_4.o(.data)
    xMinimumEverFreeBytesRemaining           0x200000b0   Data           4  heap_4.o(.data)
    xBlockAllocatedBit                       0x200000b4   Data           4  heap_4.o(.data)
    .data                                    0x200000b8   Section       60  tasks.o(.data)
    pxDelayedTaskList                        0x200000bc   Data           4  tasks.o(.data)
    pxOverflowDelayedTaskList                0x200000c0   Data           4  tasks.o(.data)
    uxDeletedTasksWaitingCleanUp             0x200000c4   Data           4  tasks.o(.data)
    uxCurrentNumberOfTasks                   0x200000c8   Data           4  tasks.o(.data)
    xTickCount                               0x200000cc   Data           4  tasks.o(.data)
    uxTopReadyPriority                       0x200000d0   Data           4  tasks.o(.data)
    xSchedulerRunning                        0x200000d4   Data           4  tasks.o(.data)
    uxPendedTicks                            0x200000d8   Data           4  tasks.o(.data)
    xYieldPending                            0x200000dc   Data           4  tasks.o(.data)
    xNumOfOverflows                          0x200000e0   Data           4  tasks.o(.data)
    uxTaskNumber                             0x200000e4   Data           4  tasks.o(.data)
    xNextTaskUnblockTime                     0x200000e8   Data           4  tasks.o(.data)
    xIdleTaskHandle                          0x200000ec   Data           4  tasks.o(.data)
    uxSchedulerSuspended                     0x200000f0   Data           4  tasks.o(.data)
    .data                                    0x200000f4   Section        6  u8x8_cad.o(.data)
    in_transfer                              0x200000f4   Data           1  u8x8_cad.o(.data)
    in_transfer                              0x200000f5   Data           1  u8x8_cad.o(.data)
    in_transfer                              0x200000f6   Data           1  u8x8_cad.o(.data)
    is_data                                  0x200000f7   Data           1  u8x8_cad.o(.data)
    in_transfer                              0x200000f8   Data           1  u8x8_cad.o(.data)
    is_data                                  0x200000f9   Data           1  u8x8_cad.o(.data)
    .data                                    0x200000fc   Section        4  mvars.o(.data)
    .data                                    0x20000100   Section        4  mvars.o(.data)
    .bss                                     0x20000104   Section     8108  main.o(.bss)
    Idle_Task_Stack                          0x20000104   Data         512  main.o(.bss)
    Timer_Task_Stack                         0x20000304   Data         512  main.o(.bss)
    Idle_Task_TCB                            0x20000504   Data          84  main.o(.bss)
    Timer_Task_TCB                           0x20000558   Data          84  main.o(.bss)
    AppTaskCreate_Stack                      0x200005ac   Data         512  main.o(.bss)
    LED_Task_Stack                           0x200007ac   Data         512  main.o(.bss)
    Motor_Task_Stack                         0x200009ac   Data         512  main.o(.bss)
    ListeningSensors_Task_Stack              0x20000bac   Data         512  main.o(.bss)
    lCalcVelocity_Task_Stack                 0x20000dac   Data         512  main.o(.bss)
    rCalcVelocity_Task_Stack                 0x20000fac   Data         512  main.o(.bss)
    AnalyseCommand_Task_Stack                0x200011ac   Data         512  main.o(.bss)
    PIDCalculator_Task_Stack                 0x200013ac   Data         512  main.o(.bss)
    Selfcruising_Task_Stack                  0x200015ac   Data         512  main.o(.bss)
    Tracking_Task_Stack                      0x200017ac   Data         512  main.o(.bss)
    OLEDShowing_Task_Stack                   0x200019ac   Data         512  main.o(.bss)
    AppTaskCreate_TCB                        0x20001bac   Data          84  main.o(.bss)
    LED_Task_TCB                             0x20001c00   Data          84  main.o(.bss)
    Motor_Task_TCB                           0x20001c54   Data          84  main.o(.bss)
    ListeningSensors_Task_TCB                0x20001ca8   Data          84  main.o(.bss)
    lCalcVelocity_Task_TCB                   0x20001cfc   Data          84  main.o(.bss)
    rCalcVelocity_Task_TCB                   0x20001d50   Data          84  main.o(.bss)
    AnalyseCommand_Task_TCB                  0x20001da4   Data          84  main.o(.bss)
    PIDCalculator_Task_TCB                   0x20001df8   Data          84  main.o(.bss)
    Selfcruising_Task_TCB                    0x20001e4c   Data          84  main.o(.bss)
    Tracking_Task_TCB                        0x20001ea0   Data          84  main.o(.bss)
    OLEDShowing_Task_TCB                     0x20001ef4   Data          84  main.o(.bss)
    printfSemphr_Structure                   0x20001f48   Data          72  main.o(.bss)
    vSensorLCount_Structure                  0x20001f90   Data          72  main.o(.bss)
    vSensorRCount_Structure                  0x20001fd8   Data          72  main.o(.bss)
    ReplaceV_Structure                       0x20002020   Data          72  main.o(.bss)
    wirelessCommand_Structure                0x20002068   Data          72  main.o(.bss)
    .bss                                     0x200020b0   Section       32  oled.o(.bss)
    buffer                                   0x200020b0   Data          32  oled.o(.bss)
    .bss                                     0x200020d0   Section      400  usart.o(.bss)
    .bss                                     0x20002260   Section      200  tasks.o(.bss)
    pxReadyTasksLists                        0x20002260   Data         100  tasks.o(.bss)
    xDelayedTaskList1                        0x200022c4   Data          20  tasks.o(.bss)
    xDelayedTaskList2                        0x200022d8   Data          20  tasks.o(.bss)
    xPendingReadyList                        0x200022ec   Data          20  tasks.o(.bss)
    xTasksWaitingTermination                 0x20002300   Data          20  tasks.o(.bss)
    xSuspendedTaskList                       0x20002314   Data          20  tasks.o(.bss)
    .bss                                     0x20002328   Section     1024  u8g2_d_memory.o(.bss)
    buf                                      0x20002328   Data        1024  u8g2_d_memory.o(.bss)
    HEAP                                     0x20002728   Section      512  startup_stm32f10x_md.o(HEAP)
    STACK                                    0x20002928   Section     1024  startup_stm32f10x_md.o(STACK)

    Global Symbols

    Symbol Name                              Value     Ov Type        Size  Object(Section)

    BuildAttributes$$THM_ISAv4$P$D$K$B$S$PE$A:L22UL41UL21$X:L11$S22US41US21$IEEE1$IW$USESV6$~STKCKD$USESV7$~SHL$OTIME$ROPI$EBA8$MICROLIB$REQ8$PRES8$EABIv2 0x00000000   Number         0  anon$$obj.o ABSOLUTE
    __ARM_use_no_argv                        0x00000000   Number         0  main.o ABSOLUTE
    __use_no_errno                           0x00000000   Number         0  useno.o ABSOLUTE
    __use_no_exception_handling              0x00000000   Number         0  useno.o ABSOLUTE
    __use_no_fp                              0x00000000   Number         0  useno.o ABSOLUTE
    __use_no_heap                            0x00000000   Number         0  useno.o ABSOLUTE
    __use_no_heap_region                     0x00000000   Number         0  useno.o ABSOLUTE
    __use_no_semihosting                     0x00000000   Number         0  useno.o ABSOLUTE
    __use_no_semihosting_swi                 0x00000000   Number         0  useno.o ABSOLUTE
    __use_no_signal_handling                 0x00000000   Number         0  useno.o ABSOLUTE
    _printf_a                                0x00000000   Number         0  stubs.o ABSOLUTE
    _printf_c                                0x00000000   Number         0  stubs.o ABSOLUTE
    _printf_charcount                        0x00000000   Number         0  stubs.o ABSOLUTE
    _printf_d                                0x00000000   Number         0  stubs.o ABSOLUTE
    _printf_e                                0x00000000   Number         0  stubs.o ABSOLUTE
    _printf_f                                0x00000000   Number         0  stubs.o ABSOLUTE
    _printf_flags                            0x00000000   Number         0  stubs.o ABSOLUTE
    _printf_fp_dec                           0x00000000   Number         0  stubs.o ABSOLUTE
    _printf_fp_hex                           0x00000000   Number         0  stubs.o ABSOLUTE
    _printf_g                                0x00000000   Number         0  stubs.o ABSOLUTE
    _printf_i                                0x00000000   Number         0  stubs.o ABSOLUTE
    _printf_int_dec                          0x00000000   Number         0  stubs.o ABSOLUTE
    _printf_l                                0x00000000   Number         0  stubs.o ABSOLUTE
    _printf_lc                               0x00000000   Number         0  stubs.o ABSOLUTE
    _printf_ll                               0x00000000   Number         0  stubs.o ABSOLUTE
    _printf_lld                              0x00000000   Number         0  stubs.o ABSOLUTE
    _printf_lli                              0x00000000   Number         0  stubs.o ABSOLUTE
    _printf_llo                              0x00000000   Number         0  stubs.o ABSOLUTE
    _printf_llu                              0x00000000   Number         0  stubs.o ABSOLUTE
    _printf_llx                              0x00000000   Number         0  stubs.o ABSOLUTE
    _printf_longlong_dec                     0x00000000   Number         0  stubs.o ABSOLUTE
    _printf_longlong_hex                     0x00000000   Number         0  stubs.o ABSOLUTE
    _printf_longlong_oct                     0x00000000   Number         0  stubs.o ABSOLUTE
    _printf_ls                               0x00000000   Number         0  stubs.o ABSOLUTE
    _printf_mbtowc                           0x00000000   Number         0  stubs.o ABSOLUTE
    _printf_n                                0x00000000   Number         0  stubs.o ABSOLUTE
    _printf_o                                0x00000000   Number         0  stubs.o ABSOLUTE
    _printf_p                                0x00000000   Number         0  stubs.o ABSOLUTE
    _printf_percent                          0x00000000   Number         0  stubs.o ABSOLUTE
    _printf_pre_padding                      0x00000000   Number         0  stubs.o ABSOLUTE
    _printf_return_value                     0x00000000   Number         0  stubs.o ABSOLUTE
    _printf_s                                0x00000000   Number         0  stubs.o ABSOLUTE
    _printf_sizespec                         0x00000000   Number         0  stubs.o ABSOLUTE
    _printf_str                              0x00000000   Number         0  stubs.o ABSOLUTE
    _printf_truncate_signed                  0x00000000   Number         0  stubs.o ABSOLUTE
    _printf_truncate_unsigned                0x00000000   Number         0  stubs.o ABSOLUTE
    _printf_u                                0x00000000   Number         0  stubs.o ABSOLUTE
    _printf_wc                               0x00000000   Number         0  stubs.o ABSOLUTE
    _printf_wctomb                           0x00000000   Number         0  stubs.o ABSOLUTE
    _printf_widthprec                        0x00000000   Number         0  stubs.o ABSOLUTE
    _printf_x                                0x00000000   Number         0  stubs.o ABSOLUTE
    __arm_fini_                               - Undefined Weak Reference
    __cpp_initialize__aeabi_                  - Undefined Weak Reference
    __cxa_finalize                            - Undefined Weak Reference
    __decompress                              - Undefined Weak Reference
    _clock_init                               - Undefined Weak Reference
    _microlib_exit                            - Undefined Weak Reference
    __Vectors_Size                           0x000000ec   Number         0  startup_stm32f10x_md.o ABSOLUTE
    __Vectors                                0x08000000   Data           4  startup_stm32f10x_md.o(RESET)
    __Vectors_End                            0x080000ec   Data           0  startup_stm32f10x_md.o(RESET)
    __main                                   0x080000ed   Thumb Code     0  entry.o(.ARM.Collect$$$$00000000)
    _main_stk                                0x080000ed   Thumb Code     0  entry2.o(.ARM.Collect$$$$00000001)
    _main_scatterload                        0x080000f1   Thumb Code     0  entry5.o(.ARM.Collect$$$$00000004)
    __main_after_scatterload                 0x080000f5   Thumb Code     0  entry5.o(.ARM.Collect$$$$00000004)
    _main_clock                              0x080000f5   Thumb Code     0  entry7b.o(.ARM.Collect$$$$00000008)
    _main_cpp_init                           0x080000f5   Thumb Code     0  entry8b.o(.ARM.Collect$$$$0000000A)
    _main_init                               0x080000f5   Thumb Code     0  entry9a.o(.ARM.Collect$$$$0000000B)
    __rt_lib_shutdown_fini                   0x080000fd   Thumb Code     0  entry12b.o(.ARM.Collect$$$$0000000E)
    __rt_final_cpp                           0x08000101   Thumb Code     0  entry10a.o(.ARM.Collect$$$$0000000F)
    __rt_final_exit                          0x08000101   Thumb Code     0  entry11a.o(.ARM.Collect$$$$00000011)
    SVC_Handler                              0x08000105   Thumb Code    32  port.o(.emb_text)
    __asm___6_port_c_39a90d8d__prvStartFirstTask 0x08000129   Thumb Code    28  port.o(.emb_text)
    PendSV_Handler                           0x08000149   Thumb Code    72  port.o(.emb_text)
    vPortGetIPSR                             0x08000195   Thumb Code     6  port.o(.emb_text)
    Reset_Handler                            0x0800019d   Thumb Code     8  startup_stm32f10x_md.o(.text)
    ADC1_2_IRQHandler                        0x080001b7   Thumb Code     0  startup_stm32f10x_md.o(.text)
    CAN1_RX1_IRQHandler                      0x080001b7   Thumb Code     0  startup_stm32f10x_md.o(.text)
    CAN1_SCE_IRQHandler                      0x080001b7   Thumb Code     0  startup_stm32f10x_md.o(.text)
    DMA1_Channel1_IRQHandler                 0x080001b7   Thumb Code     0  startup_stm32f10x_md.o(.text)
    DMA1_Channel2_IRQHandler                 0x080001b7   Thumb Code     0  startup_stm32f10x_md.o(.text)
    DMA1_Channel3_IRQHandler                 0x080001b7   Thumb Code     0  startup_stm32f10x_md.o(.text)
    DMA1_Channel4_IRQHandler                 0x080001b7   Thumb Code     0  startup_stm32f10x_md.o(.text)
    DMA1_Channel5_IRQHandler                 0x080001b7   Thumb Code     0  startup_stm32f10x_md.o(.text)
    DMA1_Channel6_IRQHandler                 0x080001b7   Thumb Code     0  startup_stm32f10x_md.o(.text)
    DMA1_Channel7_IRQHandler                 0x080001b7   Thumb Code     0  startup_stm32f10x_md.o(.text)
    EXTI0_IRQHandler                         0x080001b7   Thumb Code     0  startup_stm32f10x_md.o(.text)
    EXTI15_10_IRQHandler                     0x080001b7   Thumb Code     0  startup_stm32f10x_md.o(.text)
    EXTI1_IRQHandler                         0x080001b7   Thumb Code     0  startup_stm32f10x_md.o(.text)
    EXTI2_IRQHandler                         0x080001b7   Thumb Code     0  startup_stm32f10x_md.o(.text)
    EXTI3_IRQHandler                         0x080001b7   Thumb Code     0  startup_stm32f10x_md.o(.text)
    EXTI4_IRQHandler                         0x080001b7   Thumb Code     0  startup_stm32f10x_md.o(.text)
    EXTI9_5_IRQHandler                       0x080001b7   Thumb Code     0  startup_stm32f10x_md.o(.text)
    FLASH_IRQHandler                         0x080001b7   Thumb Code     0  startup_stm32f10x_md.o(.text)
    I2C1_ER_IRQHandler                       0x080001b7   Thumb Code     0  startup_stm32f10x_md.o(.text)
    I2C1_EV_IRQHandler                       0x080001b7   Thumb Code     0  startup_stm32f10x_md.o(.text)
    I2C2_ER_IRQHandler                       0x080001b7   Thumb Code     0  startup_stm32f10x_md.o(.text)
    I2C2_EV_IRQHandler                       0x080001b7   Thumb Code     0  startup_stm32f10x_md.o(.text)
    PVD_IRQHandler                           0x080001b7   Thumb Code     0  startup_stm32f10x_md.o(.text)
    RCC_IRQHandler                           0x080001b7   Thumb Code     0  startup_stm32f10x_md.o(.text)
    RTCAlarm_IRQHandler                      0x080001b7   Thumb Code     0  startup_stm32f10x_md.o(.text)
    RTC_IRQHandler                           0x080001b7   Thumb Code     0  startup_stm32f10x_md.o(.text)
    SPI1_IRQHandler                          0x080001b7   Thumb Code     0  startup_stm32f10x_md.o(.text)
    SPI2_IRQHandler                          0x080001b7   Thumb Code     0  startup_stm32f10x_md.o(.text)
    TAMPER_IRQHandler                        0x080001b7   Thumb Code     0  startup_stm32f10x_md.o(.text)
    TIM1_BRK_IRQHandler                      0x080001b7   Thumb Code     0  startup_stm32f10x_md.o(.text)
    TIM1_CC_IRQHandler                       0x080001b7   Thumb Code     0  startup_stm32f10x_md.o(.text)
    TIM1_TRG_COM_IRQHandler                  0x080001b7   Thumb Code     0  startup_stm32f10x_md.o(.text)
    TIM1_UP_IRQHandler                       0x080001b7   Thumb Code     0  startup_stm32f10x_md.o(.text)
    TIM3_IRQHandler                          0x080001b7   Thumb Code     0  startup_stm32f10x_md.o(.text)
    TIM4_IRQHandler                          0x080001b7   Thumb Code     0  startup_stm32f10x_md.o(.text)
    USART3_IRQHandler                        0x080001b7   Thumb Code     0  startup_stm32f10x_md.o(.text)
    USBWakeUp_IRQHandler                     0x080001b7   Thumb Code     0  startup_stm32f10x_md.o(.text)
    USB_HP_CAN1_TX_IRQHandler                0x080001b7   Thumb Code     0  startup_stm32f10x_md.o(.text)
    USB_LP_CAN1_RX0_IRQHandler               0x080001b7   Thumb Code     0  startup_stm32f10x_md.o(.text)
    WWDG_IRQHandler                          0x080001b7   Thumb Code     0  startup_stm32f10x_md.o(.text)
    __aeabi_memcpy                           0x080001c1   Thumb Code    36  memcpya.o(.text)
    __aeabi_memcpy4                          0x080001c1   Thumb Code     0  memcpya.o(.text)
    __aeabi_memcpy8                          0x080001c1   Thumb Code     0  memcpya.o(.text)
    __aeabi_memset                           0x080001e5   Thumb Code    14  memseta.o(.text)
    __aeabi_memset4                          0x080001e5   Thumb Code     0  memseta.o(.text)
    __aeabi_memset8                          0x080001e5   Thumb Code     0  memseta.o(.text)
    __aeabi_memclr                           0x080001f3   Thumb Code     4  memseta.o(.text)
    __aeabi_memclr4                          0x080001f3   Thumb Code     0  memseta.o(.text)
    __aeabi_memclr8                          0x080001f3   Thumb Code     0  memseta.o(.text)
    _memset$wrapper                          0x080001f7   Thumb Code    18  memseta.o(.text)
    __aeabi_fadd                             0x08000209   Thumb Code   164  fadd.o(.text)
    __aeabi_fsub                             0x080002ad   Thumb Code     6  fadd.o(.text)
    __aeabi_frsub                            0x080002b3   Thumb Code     6  fadd.o(.text)
    __aeabi_fmul                             0x080002b9   Thumb Code   100  fmul.o(.text)
    __aeabi_dadd                             0x0800031d   Thumb Code   322  dadd.o(.text)
    __aeabi_dsub                             0x0800045f   Thumb Code     6  dadd.o(.text)
    __aeabi_drsub                            0x08000465   Thumb Code     6  dadd.o(.text)
    __aeabi_dmul                             0x0800046b   Thumb Code   228  dmul.o(.text)
    __aeabi_ddiv                             0x0800054f   Thumb Code   222  ddiv.o(.text)
    __aeabi_i2d                              0x0800062d   Thumb Code    34  dflti.o(.text)
    __aeabi_ui2d                             0x0800064f   Thumb Code    26  dfltui.o(.text)
    __aeabi_f2d                              0x08000669   Thumb Code    38  f2d.o(.text)
    __aeabi_cdrcmple                         0x08000691   Thumb Code    48  cdrcmple.o(.text)
    __aeabi_d2f                              0x080006c1   Thumb Code    56  d2f.o(.text)
    __aeabi_cfcmpeq                          0x080006f9   Thumb Code     0  cfcmple.o(.text)
    __aeabi_cfcmple                          0x080006f9   Thumb Code    20  cfcmple.o(.text)
    __aeabi_cfrcmple                         0x0800070d   Thumb Code    20  cfrcmple.o(.text)
    __aeabi_uidiv                            0x08000721   Thumb Code     0  uidiv.o(.text)
    __aeabi_uidivmod                         0x08000721   Thumb Code    44  uidiv.o(.text)
    __aeabi_uldivmod                         0x0800074d   Thumb Code    98  uldiv.o(.text)
    __aeabi_llsl                             0x080007af   Thumb Code    30  llshl.o(.text)
    _ll_shift_l                              0x080007af   Thumb Code     0  llshl.o(.text)
    __aeabi_lasr                             0x080007cd   Thumb Code    36  llsshr.o(.text)
    _ll_sshift_r                             0x080007cd   Thumb Code     0  llsshr.o(.text)
    __I$use$fp                               0x080007f1   Thumb Code     0  iusefp.o(.text)
    _float_round                             0x080007f1   Thumb Code    18  fepilogue.o(.text)
    _float_epilogue                          0x08000803   Thumb Code    92  fepilogue.o(.text)
    _double_round                            0x0800085f   Thumb Code    30  depilogue.o(.text)
    _double_epilogue                         0x0800087d   Thumb Code   156  depilogue.o(.text)
    __aeabi_d2ulz                            0x08000919   Thumb Code    48  dfixul.o(.text)
    __scatterload                            0x08000949   Thumb Code    28  init.o(.text)
    __scatterload_rt2                        0x08000949   Thumb Code     0  init.o(.text)
    __aeabi_llsr                             0x0800096d   Thumb Code    32  llushr.o(.text)
    _ll_ushift_r                             0x0800096d   Thumb Code     0  llushr.o(.text)
    BusFault_Handler                         0x08001445   Thumb Code     4  stm32f10x_it.o(i.BusFault_Handler)
    DebugMon_Handler                         0x08001449   Thumb Code     2  stm32f10x_it.o(i.DebugMon_Handler)
    Filter                                   0x0800144b   Thumb Code    54  main.o(i.Filter)
    GPIO_Init                                0x08001481   Thumb Code   278  stm32f10x_gpio.o(i.GPIO_Init)
    GPIO_ReadInputDataBit                    0x08001597   Thumb Code    18  stm32f10x_gpio.o(i.GPIO_ReadInputDataBit)
    GPIO_SetBits                             0x080015a9   Thumb Code     4  stm32f10x_gpio.o(i.GPIO_SetBits)
    HardFault_Handler                        0x080015ad   Thumb Code     4  stm32f10x_it.o(i.HardFault_Handler)
    I2C_CheckEvent                           0x080015b1   Thumb Code    42  stm32f10x_i2c.o(i.I2C_CheckEvent)
    I2C_Cmd                                  0x080015db   Thumb Code    24  stm32f10x_i2c.o(i.I2C_Cmd)
    I2C_GenerateSTART                        0x080015f3   Thumb Code    24  stm32f10x_i2c.o(i.I2C_GenerateSTART)
    I2C_GenerateSTOP                         0x0800160b   Thumb Code    24  stm32f10x_i2c.o(i.I2C_GenerateSTOP)
    I2C_Init                                 0x08001625   Thumb Code   222  stm32f10x_i2c.o(i.I2C_Init)
    I2C_Send7bitAddress                      0x08001711   Thumb Code    18  stm32f10x_i2c.o(i.I2C_Send7bitAddress)
    I2C_SendData                             0x08001723   Thumb Code     4  stm32f10x_i2c.o(i.I2C_SendData)
    IIC_Init                                 0x08001729   Thumb Code   102  iic_hard.o(i.IIC_Init)
    IIC_Send_Address_Write                   0x0800179d   Thumb Code    30  iic_hard.o(i.IIC_Send_Address_Write)
    IIC_Send_Byte                            0x080017c5   Thumb Code    28  iic_hard.o(i.IIC_Send_Byte)
    IIC_Start                                0x080017e9   Thumb Code    26  iic_hard.o(i.IIC_Start)
    IIC_Stop                                 0x0800180d   Thumb Code    12  iic_hard.o(i.IIC_Stop)
    Key1_Init                                0x0800181d   Thumb Code    34  key.o(i.Key1_Init)
    Key_Init                                 0x08001845   Thumb Code     8  key.o(i.Key_Init)
    LED1_Init                                0x0800184d   Thumb Code    50  led.o(i.LED1_Init)
    LED_Init                                 0x08001885   Thumb Code    12  led.o(i.LED_Init)
    MTS_Init                                 0x08001991   Thumb Code    14  motor.o(i.MTS_Init)
    MemManage_Handler                        0x0800199f   Thumb Code     4  stm32f10x_it.o(i.MemManage_Handler)
    NMI_Handler                              0x08001aed   Thumb Code     2  stm32f10x_it.o(i.NMI_Handler)
    NVIC_Init                                0x08001af1   Thumb Code   100  misc.o(i.NVIC_Init)
    NVIC_PriorityGroupConfig                 0x08001b61   Thumb Code    10  misc.o(i.NVIC_PriorityGroupConfig)
    PID_Classic                              0x08001ced   Thumb Code    84  pid.o(i.PID_Classic)
    PID_Create_Object                        0x08001d41   Thumb Code    38  pid.o(i.PID_Create_Object)
    RCC_APB1PeriphClockCmd                   0x08001d69   Thumb Code    26  stm32f10x_rcc.o(i.RCC_APB1PeriphClockCmd)
    RCC_APB2PeriphClockCmd                   0x08001d89   Thumb Code    26  stm32f10x_rcc.o(i.RCC_APB2PeriphClockCmd)
    RCC_GetClocksFreq                        0x08001da9   Thumb Code   192  stm32f10x_rcc.o(i.RCC_GetClocksFreq)
    SysTick_Handler                          0x08002203   Thumb Code     8  stm32f10x_it.o(i.SysTick_Handler)
    SystemInit                               0x0800220d   Thumb Code    78  system_stm32f10x.o(i.SystemInit)
    TIM2_IRQHandler                          0x0800226d   Thumb Code   382  main.o(i.TIM2_IRQHandler)
    TIM2_Int_Init                            0x0800246d   Thumb Code    92  timer.o(i.TIM2_Int_Init)
    TIM3_PWM_Init                            0x080024c9   Thumb Code   180  timer.o(i.TIM3_PWM_Init)
    TIM_ARRPreloadConfig                     0x08002585   Thumb Code    24  stm32f10x_tim.o(i.TIM_ARRPreloadConfig)
    TIM_ClearITPendingBit                    0x0800259d   Thumb Code     6  stm32f10x_tim.o(i.TIM_ClearITPendingBit)
    TIM_Cmd                                  0x080025a3   Thumb Code    24  stm32f10x_tim.o(i.TIM_Cmd)
    TIM_GetITStatus                          0x080025bb   Thumb Code    34  stm32f10x_tim.o(i.TIM_GetITStatus)
    TIM_ITConfig                             0x080025dd   Thumb Code    18  stm32f10x_tim.o(i.TIM_ITConfig)
    TIM_OC1Init                              0x080025f1   Thumb Code   132  stm32f10x_tim.o(i.TIM_OC1Init)
    TIM_OC1PreloadConfig                     0x08002689   Thumb Code    18  stm32f10x_tim.o(i.TIM_OC1PreloadConfig)
    TIM_OC2Init                              0x0800269d   Thumb Code   154  stm32f10x_tim.o(i.TIM_OC2Init)
    TIM_OC2PreloadConfig                     0x08002741   Thumb Code    26  stm32f10x_tim.o(i.TIM_OC2PreloadConfig)
    TIM_SetCompare1                          0x0800275b   Thumb Code     4  stm32f10x_tim.o(i.TIM_SetCompare1)
    TIM_SetCompare2                          0x0800275f   Thumb Code     4  stm32f10x_tim.o(i.TIM_SetCompare2)
    TIM_TimeBaseInit                         0x08002765   Thumb Code   122  stm32f10x_tim.o(i.TIM_TimeBaseInit)
    TestLED_Init                             0x08002809   Thumb Code    50  led.o(i.TestLED_Init)
    USART1_IRQHandler                        0x08002841   Thumb Code    62  main.o(i.USART1_IRQHandler)
    USART1_Init                              0x08002891   Thumb Code   162  usart.o(i.USART1_Init)
    USART2_IRQHandler                        0x0800293d   Thumb Code    62  main.o(i.USART2_IRQHandler)
    USART2_Init                              0x0800298d   Thumb Code   164  usart.o(i.USART2_Init)
    USART_ClearFlag                          0x08002a39   Thumb Code    18  stm32f10x_usart.o(i.USART_ClearFlag)
    USART_Cmd                                0x08002a4b   Thumb Code    24  stm32f10x_usart.o(i.USART_Cmd)
    USART_GetITStatus                        0x08002a63   Thumb Code    84  stm32f10x_usart.o(i.USART_GetITStatus)
    USART_ITConfig                           0x08002ab7   Thumb Code    74  stm32f10x_usart.o(i.USART_ITConfig)
    USART_Init                               0x08002b01   Thumb Code   210  stm32f10x_usart.o(i.USART_Init)
    USART_ReceiveData                        0x08002bd9   Thumb Code    10  stm32f10x_usart.o(i.USART_ReceiveData)
    UsageFault_Handler                       0x08002be3   Thumb Code     4  stm32f10x_it.o(i.UsageFault_Handler)
    __0printf                                0x08002be9   Thumb Code    22  printfa.o(i.__0printf)
    __1printf                                0x08002be9   Thumb Code     0  printfa.o(i.__0printf)
    __2printf                                0x08002be9   Thumb Code     0  printfa.o(i.__0printf)
    __c89printf                              0x08002be9   Thumb Code     0  printfa.o(i.__0printf)
    printf                                   0x08002be9   Thumb Code     0  printfa.o(i.__0printf)
    __0vsnprintf                             0x08002c09   Thumb Code    46  printfa.o(i.__0vsnprintf)
    __1vsnprintf                             0x08002c09   Thumb Code     0  printfa.o(i.__0vsnprintf)
    __2vsnprintf                             0x08002c09   Thumb Code     0  printfa.o(i.__0vsnprintf)
    __c89vsnprintf                           0x08002c09   Thumb Code     0  printfa.o(i.__0vsnprintf)
    vsnprintf                                0x08002c09   Thumb Code     0  printfa.o(i.__0vsnprintf)
    __scatterload_copy                       0x08002c3d   Thumb Code    14  handlers.o(i.__scatterload_copy)
    __scatterload_null                       0x08002c4b   Thumb Code     2  handlers.o(i.__scatterload_null)
    __scatterload_zeroinit                   0x08002c4d   Thumb Code    14  handlers.o(i.__scatterload_zeroinit)
    fputc                                    0x080034fd   Thumb Code    24  usart.o(i.fputc)
    main                                     0x080035d5   Thumb Code    54  main.o(i.main)
    malloc                                   0x0800364d   Thumb Code    92  malloc.o(i.malloc)
    pvTaskIncrementMutexHeldCount            0x08003c3d   Thumb Code    26  tasks.o(i.pvTaskIncrementMutexHeldCount)
    pxPortInitialiseStack                    0x08003c5d   Thumb Code    30  port.o(i.pxPortInitialiseStack)
    u8g2_ClearBuffer                         0x08003d51   Thumb Code    26  u8g2_buffer.o(i.u8g2_ClearBuffer)
    u8g2_DrawGlyph                           0x08003d6b   Thumb Code    98  u8g2_font.o(i.u8g2_DrawGlyph)
    u8g2_DrawHVLine                          0x08003dcd   Thumb Code   220  u8g2_hvline.o(i.u8g2_DrawHVLine)
    u8g2_DrawStr                             0x08003ea9   Thumb Code    32  u8g2_font.o(i.u8g2_DrawStr)
    u8g2_IsIntersection                      0x08003ecd   Thumb Code    58  u8g2_intersection.o(i.u8g2_IsIntersection)
    u8g2_SendBuffer                          0x08003f07   Thumb Code    18  u8g2_buffer.o(i.u8g2_SendBuffer)
    u8g2_SetFont                             0x08003f19   Thumb Code    32  u8g2_font.o(i.u8g2_SetFont)
    u8g2_SetFontPosBaseline                  0x08003f39   Thumb Code     6  u8g2_font.o(i.u8g2_SetFontPosBaseline)
    u8g2_SetMaxClipWindow                    0x08003f45   Thumb Code    32  u8g2_setup.o(i.u8g2_SetMaxClipWindow)
    u8g2_SetupBuffer                         0x08003f65   Thumb Code    90  u8g2_setup.o(i.u8g2_SetupBuffer)
    u8g2_Setup_ssd1306_i2c_128x64_noname_f   0x08003fc1   Thumb Code    54  u8g2_d_setup.o(i.u8g2_Setup_ssd1306_i2c_128x64_noname_f)
    u8g2_UpdateRefHeight                     0x08004005   Thumb Code   136  u8g2_font.o(i.u8g2_UpdateRefHeight)
    u8g2_add_vector_x                        0x0800408d   Thumb Code    42  u8g2_font.o(i.u8g2_add_vector_x)
    u8g2_add_vector_y                        0x080040b7   Thumb Code    42  u8g2_font.o(i.u8g2_add_vector_y)
    u8g2_draw_hv_line_2dir                   0x080041a7   Thumb Code    44  u8g2_hvline.o(i.u8g2_draw_hv_line_2dir)
    u8g2_draw_l90_mirrorr_r0                 0x080041d3   Thumb Code    60  u8g2_setup.o(i.u8g2_draw_l90_mirrorr_r0)
    u8g2_draw_l90_r0                         0x0800420f   Thumb Code    36  u8g2_setup.o(i.u8g2_draw_l90_r0)
    u8g2_draw_l90_r1                         0x08004233   Thumb Code    68  u8g2_setup.o(i.u8g2_draw_l90_r1)
    u8g2_draw_l90_r2                         0x08004277   Thumb Code    86  u8g2_setup.o(i.u8g2_draw_l90_r2)
    u8g2_draw_l90_r3                         0x080042cd   Thumb Code    80  u8g2_setup.o(i.u8g2_draw_l90_r3)
    u8g2_draw_mirror_vertical_r0             0x0800431d   Thumb Code    60  u8g2_setup.o(i.u8g2_draw_mirror_vertical_r0)
    u8g2_font_calc_vref_font                 0x080043e9   Thumb Code     6  u8g2_font.o(i.u8g2_font_calc_vref_font)
    u8g2_font_decode_get_signed_bits         0x080043ef   Thumb Code    36  u8g2_font.o(i.u8g2_font_decode_get_signed_bits)
    u8g2_font_decode_get_unsigned_bits       0x08004413   Thumb Code    66  u8g2_font.o(i.u8g2_font_decode_get_unsigned_bits)
    u8g2_font_decode_glyph                   0x08004455   Thumb Code   386  u8g2_font.o(i.u8g2_font_decode_glyph)
    u8g2_font_decode_len                     0x080045d7   Thumb Code   176  u8g2_font.o(i.u8g2_font_decode_len)
    u8g2_font_get_glyph_data                 0x080046c9   Thumb Code   146  u8g2_font.o(i.u8g2_font_get_glyph_data)
    u8g2_is_intersection_decision_tree       0x080047b3   Thumb Code    48  u8g2_intersection.o(i.u8g2_is_intersection_decision_tree)
    u8g2_ll_hvline_vertical_top_lsb          0x080047e3   Thumb Code   238  u8g2_ll_hvline.o(i.u8g2_ll_hvline_vertical_top_lsb)
    u8g2_m_16_8_f                            0x080048d1   Thumb Code    10  u8g2_d_memory.o(i.u8g2_m_16_8_f)
    u8g2_read_font_info                      0x080048e1   Thumb Code   224  u8g2_font.o(i.u8g2_read_font_info)
    u8g2_update_dimension_r0                 0x08004a8d   Thumb Code    12  u8g2_setup.o(i.u8g2_update_dimension_r0)
    u8g2_update_dimension_r1                 0x08004a99   Thumb Code    28  u8g2_setup.o(i.u8g2_update_dimension_r1)
    u8g2_update_dimension_r2                 0x08004ab5   Thumb Code    12  u8g2_setup.o(i.u8g2_update_dimension_r2)
    u8g2_update_dimension_r3                 0x08004ac1   Thumb Code    28  u8g2_setup.o(i.u8g2_update_dimension_r3)
    u8g2_update_page_win_r0                  0x08004add   Thumb Code    32  u8g2_setup.o(i.u8g2_update_page_win_r0)
    u8g2_update_page_win_r1                  0x08004afd   Thumb Code    32  u8g2_setup.o(i.u8g2_update_page_win_r1)
    u8g2_update_page_win_r2                  0x08004b1d   Thumb Code    60  u8g2_setup.o(i.u8g2_update_page_win_r2)
    u8g2_update_page_win_r3                  0x08004b59   Thumb Code    60  u8g2_setup.o(i.u8g2_update_page_win_r3)
    u8x8_DrawTile                            0x08004b95   Thumb Code    50  u8x8_display.o(i.u8x8_DrawTile)
    u8x8_InitDisplay                         0x08004bc7   Thumb Code    18  u8x8_display.o(i.u8x8_InitDisplay)
    u8x8_RefreshDisplay                      0x08004bd9   Thumb Code    18  u8x8_display.o(i.u8x8_RefreshDisplay)
    u8x8_SetPowerSave                        0x08004beb   Thumb Code    20  u8x8_display.o(i.u8x8_SetPowerSave)
    u8x8_Setup                               0x08004bff   Thumb Code    42  u8x8_setup.o(i.u8x8_Setup)
    u8x8_SetupDefaults                       0x08004c29   Thumb Code    38  u8x8_setup.o(i.u8x8_SetupDefaults)
    u8x8_SetupMemory                         0x08004c55   Thumb Code    18  u8x8_display.o(i.u8x8_SetupMemory)
    u8x8_ascii_next                          0x08004c67   Thumb Code    18  u8x8_8x8.o(i.u8x8_ascii_next)
    u8x8_byte_EndTransfer                    0x08004c79   Thumb Code    18  u8x8_byte.o(i.u8x8_byte_EndTransfer)
    u8x8_byte_SendByte                       0x08004c8b   Thumb Code    16  u8x8_byte.o(i.u8x8_byte_SendByte)
    u8x8_byte_SendBytes                      0x08004c9b   Thumb Code    26  u8x8_byte.o(i.u8x8_byte_SendBytes)
    u8x8_byte_StartTransfer                  0x08004cb5   Thumb Code    18  u8x8_byte.o(i.u8x8_byte_StartTransfer)
    u8x8_byte_hw_i2c                         0x08004cc9   Thumb Code   140  oled.o(i.u8x8_byte_hw_i2c)
    u8x8_cad_EndTransfer                     0x08004d5d   Thumb Code    18  u8x8_cad.o(i.u8x8_cad_EndTransfer)
    u8x8_cad_SendArg                         0x08004d6f   Thumb Code    20  u8x8_cad.o(i.u8x8_cad_SendArg)
    u8x8_cad_SendCmd                         0x08004d83   Thumb Code    20  u8x8_cad.o(i.u8x8_cad_SendCmd)
    u8x8_cad_SendData                        0x08004d97   Thumb Code    26  u8x8_cad.o(i.u8x8_cad_SendData)
    u8x8_cad_SendSequence                    0x08004db1   Thumb Code   124  u8x8_cad.o(i.u8x8_cad_SendSequence)
    u8x8_cad_StartTransfer                   0x08004e2d   Thumb Code    18  u8x8_cad.o(i.u8x8_cad_StartTransfer)
    u8x8_cad_ssd13xx_fast_i2c                0x08004e41   Thumb Code   208  u8x8_cad.o(i.u8x8_cad_ssd13xx_fast_i2c)
    u8x8_d_helper_display_init               0x08004f15   Thumb Code    96  u8x8_display.o(i.u8x8_d_helper_display_init)
    u8x8_d_helper_display_setup_memory       0x08004f75   Thumb Code    12  u8x8_display.o(i.u8x8_d_helper_display_setup_memory)
    u8x8_d_ssd1306_128x64_noname             0x08004f81   Thumb Code    76  u8x8_d_ssd1306_128x64_noname.o(i.u8x8_d_ssd1306_128x64_noname)
    u8x8_dummy_cb                            0x080050d9   Thumb Code     8  u8x8_setup.o(i.u8x8_dummy_cb)
    u8x8_gpio_and_delay                      0x080050e1   Thumb Code    40  oled.o(i.u8x8_gpio_and_delay)
    u8x8_gpio_call                           0x08005109   Thumb Code    26  u8x8_gpio.o(i.u8x8_gpio_call)
    u8x8_utf8_init                           0x08005151   Thumb Code     8  u8x8_8x8.o(i.u8x8_utf8_init)
    uxListRemove                             0x08005159   Thumb Code    40  list.o(i.uxListRemove)
    uxQueueMessagesWaiting                   0x08005181   Thumb Code    18  queue.o(i.uxQueueMessagesWaiting)
    vApplicationGetIdleTaskMemory            0x08005195   Thumb Code    14  main.o(i.vApplicationGetIdleTaskMemory)
    vListInitialise                          0x080051ad   Thumb Code    26  list.o(i.vListInitialise)
    vListInitialiseItem                      0x080051c7   Thumb Code     6  list.o(i.vListInitialiseItem)
    vListInsert                              0x080051cd   Thumb Code    52  list.o(i.vListInsert)
    vListInsertEnd                           0x08005201   Thumb Code    24  list.o(i.vListInsertEnd)
    vPortEnterCritical                       0x08005219   Thumb Code    30  port.o(i.vPortEnterCritical)
    vPortExitCritical                        0x0800523d   Thumb Code    28  port.o(i.vPortExitCritical)
    vPortFree                                0x0800525d   Thumb Code    64  heap_4.o(i.vPortFree)
    vPortSetupTimerInterrupt                 0x080052a5   Thumb Code    14  port.o(i.vPortSetupTimerInterrupt)
    vSensorL_Init                            0x080052b9   Thumb Code    32  vsensor.o(i.vSensorL_Init)
    vSensorR_Init                            0x080052dd   Thumb Code    32  vsensor.o(i.vSensorR_Init)
    vSensors_Init                            0x08005301   Thumb Code    12  vsensor.o(i.vSensors_Init)
    vTaskDelay                               0x0800530d   Thumb Code    46  tasks.o(i.vTaskDelay)
    vTaskDelete                              0x08005341   Thumb Code   166  tasks.o(i.vTaskDelete)
    vTaskMissedYield                         0x0800540d   Thumb Code     8  tasks.o(i.vTaskMissedYield)
    vTaskPlaceOnEventList                    0x08005419   Thumb Code    28  tasks.o(i.vTaskPlaceOnEventList)
    vTaskPriorityInherit                     0x08005439   Thumb Code   164  tasks.o(i.vTaskPriorityInherit)
    vTaskResume                              0x080054e9   Thumb Code   104  tasks.o(i.vTaskResume)
    vTaskSetTimeOutState                     0x08005561   Thumb Code    14  tasks.o(i.vTaskSetTimeOutState)
    vTaskStartScheduler                      0x08005579   Thumb Code   110  tasks.o(i.vTaskStartScheduler)
    vTaskSuspend                             0x08005605   Thumb Code   160  tasks.o(i.vTaskSuspend)
    vTaskSuspendAll                          0x080056c1   Thumb Code    12  tasks.o(i.vTaskSuspendAll)
    vTaskSwitchContext                       0x080056d1   Thumb Code    76  tasks.o(i.vTaskSwitchContext)
    xPortStartScheduler                      0x08005731   Thumb Code    42  port.o(i.xPortStartScheduler)
    xPortSysTickHandler                      0x08005765   Thumb Code    46  port.o(i.xPortSysTickHandler)
    xQueueCreateCountingSemaphoreStatic      0x080057e5   Thumb Code    34  queue.o(i.xQueueCreateCountingSemaphoreStatic)
    xQueueCreateMutexStatic                  0x08005807   Thumb Code    42  queue.o(i.xQueueCreateMutexStatic)
    xQueueGenericCreateStatic                0x08005831   Thumb Code    46  queue.o(i.xQueueGenericCreateStatic)
    xQueueGenericReceive                     0x08005861   Thumb Code   342  queue.o(i.xQueueGenericReceive)
    xQueueGenericReset                       0x080059bd   Thumb Code   122  queue.o(i.xQueueGenericReset)
    xQueueGenericSend                        0x08005a3d   Thumb Code   276  queue.o(i.xQueueGenericSend)
    xQueueGenericSendFromISR                 0x08005b55   Thumb Code   134  queue.o(i.xQueueGenericSendFromISR)
    xTaskCheckForTimeOut                     0x08005bdd   Thumb Code    84  tasks.o(i.xTaskCheckForTimeOut)
    xTaskCreateStatic                        0x08005c39   Thumb Code    78  tasks.o(i.xTaskCreateStatic)
    xTaskIncrementTick                       0x08005c89   Thumb Code   238  tasks.o(i.xTaskIncrementTick)
    xTaskPriorityDisinherit                  0x08005da5   Thumb Code   122  tasks.o(i.xTaskPriorityDisinherit)
    xTaskRemoveFromEventList                 0x08005e29   Thumb Code   104  tasks.o(i.xTaskRemoveFromEventList)
    xTaskResumeAll                           0x08005ea9   Thumb Code   196  tasks.o(i.xTaskResumeAll)
    u8g2_font_10x20_mf                       0x08005f90   Data        4194  u8g2_fonts.o(.constdata)
    u8g2_cb_r0                               0x08006ff4   Data          12  u8g2_setup.o(.constdata)
    u8g2_cb_r1                               0x08007000   Data          12  u8g2_setup.o(.constdata)
    u8g2_cb_r2                               0x0800700c   Data          12  u8g2_setup.o(.constdata)
    u8g2_cb_r3                               0x08007018   Data          12  u8g2_setup.o(.constdata)
    u8g2_cb_mirror                           0x08007024   Data          12  u8g2_setup.o(.constdata)
    u8g2_cb_mirror_vertical                  0x08007030   Data          12  u8g2_setup.o(.constdata)
    Region$$Table$$Base                      0x080071f4   Number         0  anon$$obj.o(Region$$Table)
    Region$$Table$$Limit                     0x08007214   Number         0  anon$$obj.o(Region$$Table)
    ReplaceVStorageArea                      0x20000040   Data           2  main.o(.data)
    wirelessCommandStorageArea               0x20000042   Data           3  main.o(.data)
    lVelocity                                0x20000048   Data           4  main.o(.data)
    rVelocity                                0x2000004c   Data           4  main.o(.data)
    lReplaceV                                0x20000050   Data           4  main.o(.data)
    rReplaceV                                0x20000054   Data           4  main.o(.data)
    lTargetV                                 0x20000058   Data           4  main.o(.data)
    rTargetV                                 0x2000005c   Data           4  main.o(.data)
    lTime                                    0x20000060   Data           2  main.o(.data)
    rTime                                    0x20000062   Data           2  main.o(.data)
    PWMVal                                   0x20000064   Data           4  main.o(.data)
    carMode                                  0x20000068   Data           1  main.o(.data)
    trackingFlag                             0x20000069   Data           1  main.o(.data)
    filterNum                                0x2000006c   Data           4  main.o(.data)
    __stdout                                 0x2000007c   Data           4  usart.o(.data)
    USART1_RX_STA                            0x20000080   Data           2  usart.o(.data)
    usart1RXTime                             0x20000082   Data           1  usart.o(.data)
    USART2_RX_STA                            0x20000084   Data           2  usart.o(.data)
    usart2RXTime                             0x20000086   Data           1  usart.o(.data)
    pxCurrentTCB                             0x200000b8   Data           4  tasks.o(.data)
    __microlib_freelist                      0x200000fc   Data           4  mvars.o(.data)
    __microlib_freelist_initialised          0x20000100   Data           4  mvars.o(.data)
    USART1_RX_BUF                            0x200020d0   Data         200  usart.o(.bss)
    USART2_RX_BUF                            0x20002198   Data         200  usart.o(.bss)
    __heap_base                              0x20002728   Data           0  startup_stm32f10x_md.o(HEAP)
    __heap_limit                             0x20002928   Data           0  startup_stm32f10x_md.o(HEAP)
    __initial_sp                             0x20002d28   Data           0  startup_stm32f10x_md.o(STACK)



==============================================================================

Memory Map of the image

  Image Entry point : 0x0800019d

  Load Region LR_1 (Base: 0x08000000, Size: 0x00007318, Max: 0xffffffff, ABSOLUTE)

    Execution Region ER_RO (Exec base: 0x08000000, Load base: 0x08000000, Size: 0x00007214, Max: 0xffffffff, ABSOLUTE)

    Exec Addr    Load Addr    Size         Type   Attr      Idx    E Section Name        Object

    0x08000000   0x08000000   0x000000ec   Data   RO          891    RESET               startup_stm32f10x_md.o
    0x080000ec   0x080000ec   0x00000000   Code   RO         5665  * .ARM.Collect$$$$00000000  mc_w.l(entry.o)
    0x080000ec   0x080000ec   0x00000004   Code   RO         5987    .ARM.Collect$$$$00000001  mc_w.l(entry2.o)
    0x080000f0   0x080000f0   0x00000004   Code   RO         5990    .ARM.Collect$$$$00000004  mc_w.l(entry5.o)
    0x080000f4   0x080000f4   0x00000000   Code   RO         5992    .ARM.Collect$$$$00000008  mc_w.l(entry7b.o)
    0x080000f4   0x080000f4   0x00000000   Code   RO         5994    .ARM.Collect$$$$0000000A  mc_w.l(entry8b.o)
    0x080000f4   0x080000f4   0x00000008   Code   RO         5995    .ARM.Collect$$$$0000000B  mc_w.l(entry9a.o)
    0x080000fc   0x080000fc   0x00000004   Code   RO         6002    .ARM.Collect$$$$0000000E  mc_w.l(entry12b.o)
    0x08000100   0x08000100   0x00000000   Code   RO         5997    .ARM.Collect$$$$0000000F  mc_w.l(entry10a.o)
    0x08000100   0x08000100   0x00000000   Code   RO         5999    .ARM.Collect$$$$00000011  mc_w.l(entry11a.o)
    0x08000100   0x08000100   0x00000004   Code   RO         5988    .ARM.Collect$$$$00002712  mc_w.l(entry2.o)
    0x08000104   0x08000104   0x00000096   Code   RO         2293    .emb_text           port.o
    0x0800019a   0x0800019a   0x00000002   PAD
    0x0800019c   0x0800019c   0x00000024   Code   RO          892  * .text               startup_stm32f10x_md.o
    0x080001c0   0x080001c0   0x00000024   Code   RO         5668    .text               mc_w.l(memcpya.o)
    0x080001e4   0x080001e4   0x00000024   Code   RO         5670    .text               mc_w.l(memseta.o)
    0x08000208   0x08000208   0x000000b0   Code   RO         5963    .text               mf_w.l(fadd.o)
    0x080002b8   0x080002b8   0x00000064   Code   RO         5965    .text               mf_w.l(fmul.o)
    0x0800031c   0x0800031c   0x0000014e   Code   RO         5967    .text               mf_w.l(dadd.o)
    0x0800046a   0x0800046a   0x000000e4   Code   RO         5969    .text               mf_w.l(dmul.o)
    0x0800054e   0x0800054e   0x000000de   Code   RO         5971    .text               mf_w.l(ddiv.o)
    0x0800062c   0x0800062c   0x00000022   Code   RO         5973    .text               mf_w.l(dflti.o)
    0x0800064e   0x0800064e   0x0000001a   Code   RO         5975    .text               mf_w.l(dfltui.o)
    0x08000668   0x08000668   0x00000026   Code   RO         5977    .text               mf_w.l(f2d.o)
    0x0800068e   0x0800068e   0x00000002   PAD
    0x08000690   0x08000690   0x00000030   Code   RO         5979    .text               mf_w.l(cdrcmple.o)
    0x080006c0   0x080006c0   0x00000038   Code   RO         5981    .text               mf_w.l(d2f.o)
    0x080006f8   0x080006f8   0x00000014   Code   RO         5983    .text               mf_w.l(cfcmple.o)
    0x0800070c   0x0800070c   0x00000014   Code   RO         5985    .text               mf_w.l(cfrcmple.o)
    0x08000720   0x08000720   0x0000002c   Code   RO         6003    .text               mc_w.l(uidiv.o)
    0x0800074c   0x0800074c   0x00000062   Code   RO         6005    .text               mc_w.l(uldiv.o)
    0x080007ae   0x080007ae   0x0000001e   Code   RO         6007    .text               mc_w.l(llshl.o)
    0x080007cc   0x080007cc   0x00000024   Code   RO         6009    .text               mc_w.l(llsshr.o)
    0x080007f0   0x080007f0   0x00000000   Code   RO         6013    .text               mc_w.l(iusefp.o)
    0x080007f0   0x080007f0   0x0000006e   Code   RO         6014    .text               mf_w.l(fepilogue.o)
    0x0800085e   0x0800085e   0x000000ba   Code   RO         6016    .text               mf_w.l(depilogue.o)
    0x08000918   0x08000918   0x00000030   Code   RO         6018    .text               mf_w.l(dfixul.o)
    0x08000948   0x08000948   0x00000024   Code   RO         6020    .text               mc_w.l(init.o)
    0x0800096c   0x0800096c   0x00000020   Code   RO         6022    .text               mc_w.l(llushr.o)
    0x0800098c   0x0800098c   0x0000034c   Code   RO            1    i.AnalyseCommand_Task  main.o
    0x08000cd8   0x08000cd8   0x0000076c   Code   RO            2    i.AppTaskCreate     main.o
    0x08001444   0x08001444   0x00000004   Code   RO          296    i.BusFault_Handler  stm32f10x_it.o
    0x08001448   0x08001448   0x00000002   Code   RO          297    i.DebugMon_Handler  stm32f10x_it.o
    0x0800144a   0x0800144a   0x00000036   Code   RO            3    i.Filter            main.o
    0x08001480   0x08001480   0x00000116   Code   RO          938    i.GPIO_Init         stm32f10x_gpio.o
    0x08001596   0x08001596   0x00000012   Code   RO          942    i.GPIO_ReadInputDataBit  stm32f10x_gpio.o
    0x080015a8   0x080015a8   0x00000004   Code   RO          946    i.GPIO_SetBits      stm32f10x_gpio.o
    0x080015ac   0x080015ac   0x00000004   Code   RO          298    i.HardFault_Handler  stm32f10x_it.o
    0x080015b0   0x080015b0   0x0000002a   Code   RO         2043    i.I2C_CheckEvent    stm32f10x_i2c.o
    0x080015da   0x080015da   0x00000018   Code   RO         2046    i.I2C_Cmd           stm32f10x_i2c.o
    0x080015f2   0x080015f2   0x00000018   Code   RO         2053    i.I2C_GenerateSTART  stm32f10x_i2c.o
    0x0800160a   0x0800160a   0x00000018   Code   RO         2054    i.I2C_GenerateSTOP  stm32f10x_i2c.o
    0x08001622   0x08001622   0x00000002   PAD
    0x08001624   0x08001624   0x000000ec   Code   RO         2060    i.I2C_Init          stm32f10x_i2c.o
    0x08001710   0x08001710   0x00000012   Code   RO         2067    i.I2C_Send7bitAddress  stm32f10x_i2c.o
    0x08001722   0x08001722   0x00000004   Code   RO         2068    i.I2C_SendData      stm32f10x_i2c.o
    0x08001726   0x08001726   0x00000002   PAD
    0x08001728   0x08001728   0x00000074   Code   RO          747    i.IIC_Init          iic_hard.o
    0x0800179c   0x0800179c   0x00000028   Code   RO          748    i.IIC_Send_Address_Write  iic_hard.o
    0x080017c4   0x080017c4   0x00000024   Code   RO          749    i.IIC_Send_Byte     iic_hard.o
    0x080017e8   0x080017e8   0x00000024   Code   RO          750    i.IIC_Start         iic_hard.o
    0x0800180c   0x0800180c   0x00000010   Code   RO          751    i.IIC_Stop          iic_hard.o
    0x0800181c   0x0800181c   0x00000028   Code   RO          494    i.Key1_Init         key.o
    0x08001844   0x08001844   0x00000008   Code   RO          495    i.Key_Init          key.o
    0x0800184c   0x0800184c   0x00000038   Code   RO          419    i.LED1_Init         led.o
    0x08001884   0x08001884   0x0000000c   Code   RO          420    i.LED_Init          led.o
    0x08001890   0x08001890   0x0000002c   Code   RO            4    i.LED_Task          main.o
    0x080018bc   0x080018bc   0x000000d4   Code   RO            5    i.ListeningSensors_Task  main.o
    0x08001990   0x08001990   0x0000000e   Code   RO          524    i.MTS_Init          motor.o
    0x0800199e   0x0800199e   0x00000004   Code   RO          299    i.MemManage_Handler  stm32f10x_it.o
    0x080019a2   0x080019a2   0x00000002   PAD
    0x080019a4   0x080019a4   0x00000148   Code   RO            6    i.Motor_Task        main.o
    0x08001aec   0x08001aec   0x00000002   Code   RO          300    i.NMI_Handler       stm32f10x_it.o
    0x08001aee   0x08001aee   0x00000002   PAD
    0x08001af0   0x08001af0   0x00000070   Code   RO          896    i.NVIC_Init         misc.o
    0x08001b60   0x08001b60   0x00000014   Code   RO          897    i.NVIC_PriorityGroupConfig  misc.o
    0x08001b74   0x08001b74   0x00000090   Code   RO            7    i.OLEDShowing_Task  main.o
    0x08001c04   0x08001c04   0x000000e8   Code   RO            8    i.PIDCalculator_Task  main.o
    0x08001cec   0x08001cec   0x00000054   Code   RO         2275    i.PID_Classic       pid.o
    0x08001d40   0x08001d40   0x00000026   Code   RO         2276    i.PID_Create_Object  pid.o
    0x08001d66   0x08001d66   0x00000002   PAD
    0x08001d68   0x08001d68   0x00000020   Code   RO         1072    i.RCC_APB1PeriphClockCmd  stm32f10x_rcc.o
    0x08001d88   0x08001d88   0x00000020   Code   RO         1074    i.RCC_APB2PeriphClockCmd  stm32f10x_rcc.o
    0x08001da8   0x08001da8   0x000000d4   Code   RO         1082    i.RCC_GetClocksFreq  stm32f10x_rcc.o
    0x08001e7c   0x08001e7c   0x00000268   Code   RO            9    i.Selfcruising_Task  main.o
    0x080020e4   0x080020e4   0x00000008   Code   RO          385    i.SetSysClock       system_stm32f10x.o
    0x080020ec   0x080020ec   0x000000e0   Code   RO          386    i.SetSysClockTo72   system_stm32f10x.o
    0x080021cc   0x080021cc   0x00000036   Code   RO           10    i.Setup             main.o
    0x08002202   0x08002202   0x00000008   Code   RO          301    i.SysTick_Handler   stm32f10x_it.o
    0x0800220a   0x0800220a   0x00000002   PAD
    0x0800220c   0x0800220c   0x00000060   Code   RO          388    i.SystemInit        system_stm32f10x.o
    0x0800226c   0x0800226c   0x00000200   Code   RO           11    i.TIM2_IRQHandler   main.o
    0x0800246c   0x0800246c   0x0000005c   Code   RO          476    i.TIM2_Int_Init     timer.o
    0x080024c8   0x080024c8   0x000000bc   Code   RO          477    i.TIM3_PWM_Init     timer.o
    0x08002584   0x08002584   0x00000018   Code   RO         1496    i.TIM_ARRPreloadConfig  stm32f10x_tim.o
    0x0800259c   0x0800259c   0x00000006   Code   RO         1503    i.TIM_ClearITPendingBit  stm32f10x_tim.o
    0x080025a2   0x080025a2   0x00000018   Code   RO         1508    i.TIM_Cmd           stm32f10x_tim.o
    0x080025ba   0x080025ba   0x00000022   Code   RO         1529    i.TIM_GetITStatus   stm32f10x_tim.o
    0x080025dc   0x080025dc   0x00000012   Code   RO         1533    i.TIM_ITConfig      stm32f10x_tim.o
    0x080025ee   0x080025ee   0x00000002   PAD
    0x080025f0   0x080025f0   0x00000098   Code   RO         1537    i.TIM_OC1Init       stm32f10x_tim.o
    0x08002688   0x08002688   0x00000012   Code   RO         1540    i.TIM_OC1PreloadConfig  stm32f10x_tim.o
    0x0800269a   0x0800269a   0x00000002   PAD
    0x0800269c   0x0800269c   0x000000a4   Code   RO         1542    i.TIM_OC2Init       stm32f10x_tim.o
    0x08002740   0x08002740   0x0000001a   Code   RO         1545    i.TIM_OC2PreloadConfig  stm32f10x_tim.o
    0x0800275a   0x0800275a   0x00000004   Code   RO         1569    i.TIM_SetCompare1   stm32f10x_tim.o
    0x0800275e   0x0800275e   0x00000004   Code   RO         1570    i.TIM_SetCompare2   stm32f10x_tim.o
    0x08002762   0x08002762   0x00000002   PAD
    0x08002764   0x08002764   0x000000a4   Code   RO         1579    i.TIM_TimeBaseInit  stm32f10x_tim.o
    0x08002808   0x08002808   0x00000038   Code   RO          422    i.TestLED_Init      led.o
    0x08002840   0x08002840   0x00000050   Code   RO           13    i.USART1_IRQHandler  main.o
    0x08002890   0x08002890   0x000000ac   Code   RO          838    i.USART1_Init       usart.o
    0x0800293c   0x0800293c   0x00000050   Code   RO           14    i.USART2_IRQHandler  main.o
    0x0800298c   0x0800298c   0x000000ac   Code   RO          839    i.USART2_Init       usart.o
    0x08002a38   0x08002a38   0x00000012   Code   RO         1270    i.USART_ClearFlag   stm32f10x_usart.o
    0x08002a4a   0x08002a4a   0x00000018   Code   RO         1274    i.USART_Cmd         stm32f10x_usart.o
    0x08002a62   0x08002a62   0x00000054   Code   RO         1278    i.USART_GetITStatus  stm32f10x_usart.o
    0x08002ab6   0x08002ab6   0x0000004a   Code   RO         1280    i.USART_ITConfig    stm32f10x_usart.o
    0x08002b00   0x08002b00   0x000000d8   Code   RO         1281    i.USART_Init        stm32f10x_usart.o
    0x08002bd8   0x08002bd8   0x0000000a   Code   RO         1288    i.USART_ReceiveData  stm32f10x_usart.o
    0x08002be2   0x08002be2   0x00000004   Code   RO          302    i.UsageFault_Handler  stm32f10x_it.o
    0x08002be6   0x08002be6   0x00000002   PAD
    0x08002be8   0x08002be8   0x00000020   Code   RO         5907    i.__0printf         mc_w.l(printfa.o)
    0x08002c08   0x08002c08   0x00000034   Code   RO         5912    i.__0vsnprintf      mc_w.l(printfa.o)
    0x08002c3c   0x08002c3c   0x0000000e   Code   RO         6026    i.__scatterload_copy  mc_w.l(handlers.o)
    0x08002c4a   0x08002c4a   0x00000002   Code   RO         6027    i.__scatterload_null  mc_w.l(handlers.o)
    0x08002c4c   0x08002c4c   0x0000000e   Code   RO         6028    i.__scatterload_zeroinit  mc_w.l(handlers.o)
    0x08002c5a   0x08002c5a   0x00000002   PAD
    0x08002c5c   0x08002c5c   0x00000184   Code   RO         5914    i._fp_digits        mc_w.l(printfa.o)
    0x08002de0   0x08002de0   0x000006b4   Code   RO         5915    i._printf_core      mc_w.l(printfa.o)
    0x08003494   0x08003494   0x00000024   Code   RO         5916    i._printf_post_padding  mc_w.l(printfa.o)
    0x080034b8   0x080034b8   0x0000002e   Code   RO         5917    i._printf_pre_padding  mc_w.l(printfa.o)
    0x080034e6   0x080034e6   0x00000016   Code   RO         5918    i._snputc           mc_w.l(printfa.o)
    0x080034fc   0x080034fc   0x0000001c   Code   RO          841    i.fputc             usart.o
    0x08003518   0x08003518   0x000000bc   Code   RO           15    i.lCalcVelocity_Task  main.o
    0x080035d4   0x080035d4   0x00000078   Code   RO           16    i.main              main.o
    0x0800364c   0x0800364c   0x0000006c   Code   RO         5936    i.malloc            mc_w.l(malloc.o)
    0x080036b8   0x080036b8   0x00000098   Code   RO         2706    i.prvAddCurrentTaskToDelayedList  tasks.o
    0x08003750   0x08003750   0x000000b4   Code   RO         2707    i.prvAddNewTaskToReadyList  tasks.o
    0x08003804   0x08003804   0x00000064   Code   RO         2708    i.prvCheckTasksWaitingTermination  tasks.o
    0x08003868   0x08003868   0x0000002a   Code   RO         2547    i.prvCopyDataFromQueue  queue.o
    0x08003892   0x08003892   0x0000007c   Code   RO         2548    i.prvCopyDataToQueue  queue.o
    0x0800390e   0x0800390e   0x00000028   Code   RO         2709    i.prvDeleteTCB      tasks.o
    0x08003936   0x08003936   0x00000002   PAD
    0x08003938   0x08003938   0x00000028   Code   RO         2710    i.prvIdleTask       tasks.o
    0x08003960   0x08003960   0x0000001c   Code   RO         2549    i.prvInitialiseMutex  queue.o
    0x0800397c   0x0800397c   0x00000026   Code   RO         2550    i.prvInitialiseNewQueue  queue.o
    0x080039a2   0x080039a2   0x00000086   Code   RO         2711    i.prvInitialiseNewTask  tasks.o
    0x08003a28   0x08003a28   0x00000068   Code   RO         2712    i.prvInitialiseTaskLists  tasks.o
    0x08003a90   0x08003a90   0x00000068   Code   RO         2365    i.prvInsertBlockIntoFreeList  heap_4.o
    0x08003af8   0x08003af8   0x0000001a   Code   RO         2551    i.prvIsQueueEmpty   queue.o
    0x08003b12   0x08003b12   0x0000001e   Code   RO         2552    i.prvIsQueueFull    queue.o
    0x08003b30   0x08003b30   0x00000034   Code   RO         2713    i.prvResetNextTaskUnblockTime  tasks.o
    0x08003b64   0x08003b64   0x00000016   Code   RO         2294    i.prvTaskExitError  port.o
    0x08003b7a   0x08003b7a   0x00000002   PAD
    0x08003b7c   0x08003b7c   0x00000040   Code   RO         2714    i.prvTaskIsTaskSuspended  tasks.o
    0x08003bbc   0x08003bbc   0x0000007e   Code   RO         2553    i.prvUnlockQueue    queue.o
    0x08003c3a   0x08003c3a   0x00000002   PAD
    0x08003c3c   0x08003c3c   0x00000020   Code   RO         2715    i.pvTaskIncrementMutexHeldCount  tasks.o
    0x08003c5c   0x08003c5c   0x00000024   Code   RO         2295    i.pxPortInitialiseStack  port.o
    0x08003c80   0x08003c80   0x000000d0   Code   RO           17    i.rCalcVelocity_Task  main.o
    0x08003d50   0x08003d50   0x0000001a   Code   RO         3715    i.u8g2_ClearBuffer  u8g2_buffer.o
    0x08003d6a   0x08003d6a   0x00000062   Code   RO         3924    i.u8g2_DrawGlyph    u8g2_font.o
    0x08003dcc   0x08003dcc   0x000000dc   Code   RO         4262    i.u8g2_DrawHVLine   u8g2_hvline.o
    0x08003ea8   0x08003ea8   0x00000024   Code   RO         3926    i.u8g2_DrawStr      u8g2_font.o
    0x08003ecc   0x08003ecc   0x0000003a   Code   RO         4323    i.u8g2_IsIntersection  u8g2_intersection.o
    0x08003f06   0x08003f06   0x00000012   Code   RO         3718    i.u8g2_SendBuffer   u8g2_buffer.o
    0x08003f18   0x08003f18   0x00000020   Code   RO         3943    i.u8g2_SetFont      u8g2_font.o
    0x08003f38   0x08003f38   0x0000000c   Code   RO         3946    i.u8g2_SetFontPosBaseline  u8g2_font.o
    0x08003f44   0x08003f44   0x00000020   Code   RO         4538    i.u8g2_SetMaxClipWindow  u8g2_setup.o
    0x08003f64   0x08003f64   0x0000005a   Code   RO         4539    i.u8g2_SetupBuffer  u8g2_setup.o
    0x08003fbe   0x08003fbe   0x00000002   PAD
    0x08003fc0   0x08003fc0   0x00000044   Code   RO         3910    i.u8g2_Setup_ssd1306_i2c_128x64_noname_f  u8g2_d_setup.o
    0x08004004   0x08004004   0x00000088   Code   RO         3953    i.u8g2_UpdateRefHeight  u8g2_font.o
    0x0800408c   0x0800408c   0x0000002a   Code   RO         3954    i.u8g2_add_vector_x  u8g2_font.o
    0x080040b6   0x080040b6   0x0000002a   Code   RO         3955    i.u8g2_add_vector_y  u8g2_font.o
    0x080040e0   0x080040e0   0x0000007a   Code   RO         4541    i.u8g2_apply_clip_window  u8g2_setup.o
    0x0800415a   0x0800415a   0x0000004c   Code   RO         4266    i.u8g2_clip_intersection2  u8g2_hvline.o
    0x080041a6   0x080041a6   0x0000002c   Code   RO         4267    i.u8g2_draw_hv_line_2dir  u8g2_hvline.o
    0x080041d2   0x080041d2   0x0000003c   Code   RO         4542    i.u8g2_draw_l90_mirrorr_r0  u8g2_setup.o
    0x0800420e   0x0800420e   0x00000024   Code   RO         4543    i.u8g2_draw_l90_r0  u8g2_setup.o
    0x08004232   0x08004232   0x00000044   Code   RO         4544    i.u8g2_draw_l90_r1  u8g2_setup.o
    0x08004276   0x08004276   0x00000056   Code   RO         4545    i.u8g2_draw_l90_r2  u8g2_setup.o
    0x080042cc   0x080042cc   0x00000050   Code   RO         4546    i.u8g2_draw_l90_r3  u8g2_setup.o
    0x0800431c   0x0800431c   0x0000003c   Code   RO         4547    i.u8g2_draw_mirror_vertical_r0  u8g2_setup.o
    0x08004358   0x08004358   0x00000090   Code   RO         3956    i.u8g2_draw_string  u8g2_font.o
    0x080043e8   0x080043e8   0x00000006   Code   RO         3963    i.u8g2_font_calc_vref_font  u8g2_font.o
    0x080043ee   0x080043ee   0x00000024   Code   RO         3965    i.u8g2_font_decode_get_signed_bits  u8g2_font.o
    0x08004412   0x08004412   0x00000042   Code   RO         3966    i.u8g2_font_decode_get_unsigned_bits  u8g2_font.o
    0x08004454   0x08004454   0x00000182   Code   RO         3967    i.u8g2_font_decode_glyph  u8g2_font.o
    0x080045d6   0x080045d6   0x000000b0   Code   RO         3968    i.u8g2_font_decode_len  u8g2_font.o
    0x08004686   0x08004686   0x0000003a   Code   RO         3969    i.u8g2_font_draw_glyph  u8g2_font.o
    0x080046c0   0x080046c0   0x00000008   Code   RO         3970    i.u8g2_font_get_byte  u8g2_font.o
    0x080046c8   0x080046c8   0x00000092   Code   RO         3971    i.u8g2_font_get_glyph_data  u8g2_font.o
    0x0800475a   0x0800475a   0x00000018   Code   RO         3972    i.u8g2_font_get_word  u8g2_font.o
    0x08004772   0x08004772   0x00000040   Code   RO         3973    i.u8g2_font_setup_decode  u8g2_font.o
    0x080047b2   0x080047b2   0x00000030   Code   RO         4324    i.u8g2_is_intersection_decision_tree  u8g2_intersection.o
    0x080047e2   0x080047e2   0x000000ee   Code   RO         4372    i.u8g2_ll_hvline_vertical_top_lsb  u8g2_ll_hvline.o
    0x080048d0   0x080048d0   0x00000010   Code   RO         3897    i.u8g2_m_16_8_f     u8g2_d_memory.o
    0x080048e0   0x080048e0   0x000000e0   Code   RO         3975    i.u8g2_read_font_info  u8g2_font.o
    0x080049c0   0x080049c0   0x00000036   Code   RO         3726    i.u8g2_send_buffer  u8g2_buffer.o
    0x080049f6   0x080049f6   0x00000036   Code   RO         3727    i.u8g2_send_tile_row  u8g2_buffer.o
    0x08004a2c   0x08004a2c   0x00000060   Code   RO         4548    i.u8g2_update_dimension_common  u8g2_setup.o
    0x08004a8c   0x08004a8c   0x0000000c   Code   RO         4549    i.u8g2_update_dimension_r0  u8g2_setup.o
    0x08004a98   0x08004a98   0x0000001c   Code   RO         4550    i.u8g2_update_dimension_r1  u8g2_setup.o
    0x08004ab4   0x08004ab4   0x0000000c   Code   RO         4551    i.u8g2_update_dimension_r2  u8g2_setup.o
    0x08004ac0   0x08004ac0   0x0000001c   Code   RO         4552    i.u8g2_update_dimension_r3  u8g2_setup.o
    0x08004adc   0x08004adc   0x00000020   Code   RO         4553    i.u8g2_update_page_win_r0  u8g2_setup.o
    0x08004afc   0x08004afc   0x00000020   Code   RO         4554    i.u8g2_update_page_win_r1  u8g2_setup.o
    0x08004b1c   0x08004b1c   0x0000003c   Code   RO         4555    i.u8g2_update_page_win_r2  u8g2_setup.o
    0x08004b58   0x08004b58   0x0000003c   Code   RO         4556    i.u8g2_update_page_win_r3  u8g2_setup.o
    0x08004b94   0x08004b94   0x00000032   Code   RO         5373    i.u8x8_DrawTile     u8x8_display.o
    0x08004bc6   0x08004bc6   0x00000012   Code   RO         5375    i.u8x8_InitDisplay  u8x8_display.o
    0x08004bd8   0x08004bd8   0x00000012   Code   RO         5377    i.u8x8_RefreshDisplay  u8x8_display.o
    0x08004bea   0x08004bea   0x00000014   Code   RO         5380    i.u8x8_SetPowerSave  u8x8_display.o
    0x08004bfe   0x08004bfe   0x0000002a   Code   RO         5551    i.u8x8_Setup        u8x8_setup.o
    0x08004c28   0x08004c28   0x0000002c   Code   RO         5552    i.u8x8_SetupDefaults  u8x8_setup.o
    0x08004c54   0x08004c54   0x00000012   Code   RO         5381    i.u8x8_SetupMemory  u8x8_display.o
    0x08004c66   0x08004c66   0x00000012   Code   RO         4840    i.u8x8_ascii_next   u8x8_8x8.o
    0x08004c78   0x08004c78   0x00000012   Code   RO         4975    i.u8x8_byte_EndTransfer  u8x8_byte.o
    0x08004c8a   0x08004c8a   0x00000010   Code   RO         4976    i.u8x8_byte_SendByte  u8x8_byte.o
    0x08004c9a   0x08004c9a   0x0000001a   Code   RO         4977    i.u8x8_byte_SendBytes  u8x8_byte.o
    0x08004cb4   0x08004cb4   0x00000012   Code   RO         4979    i.u8x8_byte_StartTransfer  u8x8_byte.o
    0x08004cc6   0x08004cc6   0x00000002   PAD
    0x08004cc8   0x08004cc8   0x00000094   Code   RO          659    i.u8x8_byte_hw_i2c  oled.o
    0x08004d5c   0x08004d5c   0x00000012   Code   RO         5111    i.u8x8_cad_EndTransfer  u8x8_cad.o
    0x08004d6e   0x08004d6e   0x00000014   Code   RO         5112    i.u8x8_cad_SendArg  u8x8_cad.o
    0x08004d82   0x08004d82   0x00000014   Code   RO         5113    i.u8x8_cad_SendCmd  u8x8_cad.o
    0x08004d96   0x08004d96   0x0000001a   Code   RO         5114    i.u8x8_cad_SendData  u8x8_cad.o
    0x08004db0   0x08004db0   0x0000007c   Code   RO         5116    i.u8x8_cad_SendSequence  u8x8_cad.o
    0x08004e2c   0x08004e2c   0x00000012   Code   RO         5117    i.u8x8_cad_StartTransfer  u8x8_cad.o
    0x08004e3e   0x08004e3e   0x00000002   PAD
    0x08004e40   0x08004e40   0x000000d4   Code   RO         5120    i.u8x8_cad_ssd13xx_fast_i2c  u8x8_cad.o
    0x08004f14   0x08004f14   0x00000060   Code   RO         5382    i.u8x8_d_helper_display_init  u8x8_display.o
    0x08004f74   0x08004f74   0x0000000c   Code   RO         5383    i.u8x8_d_helper_display_setup_memory  u8x8_display.o
    0x08004f80   0x08004f80   0x00000054   Code   RO         5297    i.u8x8_d_ssd1306_128x64_noname  u8x8_d_ssd1306_128x64_noname.o
    0x08004fd4   0x08004fd4   0x00000104   Code   RO         5299    i.u8x8_d_ssd1306_sh1106_generic  u8x8_d_ssd1306_128x64_noname.o
    0x080050d8   0x080050d8   0x00000008   Code   RO         5554    i.u8x8_dummy_cb     u8x8_setup.o
    0x080050e0   0x080050e0   0x00000028   Code   RO          660    i.u8x8_gpio_and_delay  oled.o
    0x08005108   0x08005108   0x0000001a   Code   RO         5473    i.u8x8_gpio_call    u8x8_gpio.o
    0x08005122   0x08005122   0x0000002e   Code   RO         5128    i.u8x8_i2c_data_transfer  u8x8_cad.o
    0x08005150   0x08005150   0x00000008   Code   RO         4849    i.u8x8_utf8_init    u8x8_8x8.o
    0x08005158   0x08005158   0x00000028   Code   RO         2511    i.uxListRemove      list.o
    0x08005180   0x08005180   0x00000012   Code   RO         2554    i.uxQueueMessagesWaiting  queue.o
    0x08005192   0x08005192   0x00000002   PAD
    0x08005194   0x08005194   0x00000018   Code   RO           18    i.vApplicationGetIdleTaskMemory  main.o
    0x080051ac   0x080051ac   0x0000001a   Code   RO         2512    i.vListInitialise   list.o
    0x080051c6   0x080051c6   0x00000006   Code   RO         2513    i.vListInitialiseItem  list.o
    0x080051cc   0x080051cc   0x00000034   Code   RO         2514    i.vListInsert       list.o
    0x08005200   0x08005200   0x00000018   Code   RO         2515    i.vListInsertEnd    list.o
    0x08005218   0x08005218   0x00000024   Code   RO         2297    i.vPortEnterCritical  port.o
    0x0800523c   0x0800523c   0x00000020   Code   RO         2298    i.vPortExitCritical  port.o
    0x0800525c   0x0800525c   0x00000048   Code   RO         2367    i.vPortFree         heap_4.o
    0x080052a4   0x080052a4   0x00000014   Code   RO         2299    i.vPortSetupTimerInterrupt  port.o
    0x080052b8   0x080052b8   0x00000024   Code   RO          552    i.vSensorL_Init     vsensor.o
    0x080052dc   0x080052dc   0x00000024   Code   RO          553    i.vSensorR_Init     vsensor.o
    0x08005300   0x08005300   0x0000000c   Code   RO          554    i.vSensors_Init     vsensor.o
    0x0800530c   0x0800530c   0x00000034   Code   RO         2721    i.vTaskDelay        tasks.o
    0x08005340   0x08005340   0x000000cc   Code   RO         2723    i.vTaskDelete       tasks.o
    0x0800540c   0x0800540c   0x0000000c   Code   RO         2725    i.vTaskMissedYield  tasks.o
    0x08005418   0x08005418   0x00000020   Code   RO         2727    i.vTaskPlaceOnEventList  tasks.o
    0x08005438   0x08005438   0x000000b0   Code   RO         2729    i.vTaskPriorityInherit  tasks.o
    0x080054e8   0x080054e8   0x00000078   Code   RO         2731    i.vTaskResume       tasks.o
    0x08005560   0x08005560   0x00000018   Code   RO         2732    i.vTaskSetTimeOutState  tasks.o
    0x08005578   0x08005578   0x0000008c   Code   RO         2733    i.vTaskStartScheduler  tasks.o
    0x08005604   0x08005604   0x000000bc   Code   RO         2734    i.vTaskSuspend      tasks.o
    0x080056c0   0x080056c0   0x00000010   Code   RO         2735    i.vTaskSuspendAll   tasks.o
    0x080056d0   0x080056d0   0x00000060   Code   RO         2736    i.vTaskSwitchContext  tasks.o
    0x08005730   0x08005730   0x00000034   Code   RO         2300    i.xPortStartScheduler  port.o
    0x08005764   0x08005764   0x00000034   Code   RO         2301    i.xPortSysTickHandler  port.o
    0x08005798   0x08005798   0x0000004c   Code   RO           20    i.xPrintf           main.o
    0x080057e4   0x080057e4   0x00000022   Code   RO         2559    i.xQueueCreateCountingSemaphoreStatic  queue.o
    0x08005806   0x08005806   0x0000002a   Code   RO         2561    i.xQueueCreateMutexStatic  queue.o
    0x08005830   0x08005830   0x0000002e   Code   RO         2563    i.xQueueGenericCreateStatic  queue.o
    0x0800585e   0x0800585e   0x00000002   PAD
    0x08005860   0x08005860   0x0000015c   Code   RO         2564    i.xQueueGenericReceive  queue.o
    0x080059bc   0x080059bc   0x00000080   Code   RO         2565    i.xQueueGenericReset  queue.o
    0x08005a3c   0x08005a3c   0x00000118   Code   RO         2566    i.xQueueGenericSend  queue.o
    0x08005b54   0x08005b54   0x00000086   Code   RO         2567    i.xQueueGenericSendFromISR  queue.o
    0x08005bda   0x08005bda   0x00000002   PAD
    0x08005bdc   0x08005bdc   0x0000005c   Code   RO         2737    i.xTaskCheckForTimeOut  tasks.o
    0x08005c38   0x08005c38   0x0000004e   Code   RO         2739    i.xTaskCreateStatic  tasks.o
    0x08005c86   0x08005c86   0x00000002   PAD
    0x08005c88   0x08005c88   0x0000011c   Code   RO         2745    i.xTaskIncrementTick  tasks.o
    0x08005da4   0x08005da4   0x00000084   Code   RO         2748    i.xTaskPriorityDisinherit  tasks.o
    0x08005e28   0x08005e28   0x00000080   Code   RO         2749    i.xTaskRemoveFromEventList  tasks.o
    0x08005ea8   0x08005ea8   0x000000e8   Code   RO         2751    i.xTaskResumeAll    tasks.o
    0x08005f90   0x08005f90   0x00001062   Data   RO         4248    .constdata          u8g2_fonts.o
    0x08006ff2   0x08006ff2   0x00000002   PAD
    0x08006ff4   0x08006ff4   0x00000048   Data   RO         4557    .constdata          u8g2_setup.o
    0x0800703c   0x0800703c   0x00000158   Data   RO         5301    .constdata          u8x8_d_ssd1306_128x64_noname.o
    0x08007194   0x08007194   0x0000005d   Data   RO           22    .conststring        main.o
    0x080071f1   0x080071f1   0x00000003   PAD
    0x080071f4   0x080071f4   0x00000020   Data   RO         6024    Region$$Table       anon$$obj.o


    Execution Region ER_RW (Exec base: 0x20000000, Load base: 0x08007214, Size: 0x00000104, Max: 0xffffffff, ABSOLUTE)

    Exec Addr    Load Addr    Size         Type   Attr      Idx    E Section Name        Object

    0x20000000   0x08007214   0x00000078   Data   RW           23    .data               main.o
    0x20000078   0x0800728c   0x00000001   Data   RW          663    .data               oled.o
    0x20000079   0x0800728d   0x00000003   PAD
    0x2000007c   0x08007290   0x0000000b   Data   RW          843    .data               usart.o
    0x20000087   0x0800729b   0x00000014   Data   RW         1102    .data               stm32f10x_rcc.o
    0x2000009b   0x080072af   0x00000001   PAD
    0x2000009c   0x080072b0   0x00000004   Data   RW         2302    .data               port.o
    0x200000a0   0x080072b4   0x00000018   Data   RW         2372    .data               heap_4.o
    0x200000b8   0x080072cc   0x0000003c   Data   RW         2754    .data               tasks.o
    0x200000f4   0x08007308   0x00000006   Data   RW         5130    .data               u8x8_cad.o
    0x200000fa   0x0800730e   0x00000002   PAD
    0x200000fc   0x08007310   0x00000004   Data   RW         6011    .data               mc_w.l(mvars.o)
    0x20000100   0x08007314   0x00000004   Data   RW         6012    .data               mc_w.l(mvars.o)


    Execution Region ER_ZI (Exec base: 0x20000104, Load base: 0x08007318, Size: 0x00002c24, Max: 0xffffffff, ABSOLUTE)

    Exec Addr    Load Addr    Size         Type   Attr      Idx    E Section Name        Object

    0x20000104        -       0x00001fac   Zero   RW           21    .bss                main.o
    0x200020b0        -       0x00000020   Zero   RW          661    .bss                oled.o
    0x200020d0        -       0x00000190   Zero   RW          842    .bss                usart.o
    0x20002260        -       0x000000c8   Zero   RW         2753    .bss                tasks.o
    0x20002328        -       0x00000400   Zero   RW         3898    .bss                u8g2_d_memory.o
    0x20002728        -       0x00000200   Zero   RW          890    HEAP                startup_stm32f10x_md.o
    0x20002928        -       0x00000400   Zero   RW          889    STACK               startup_stm32f10x_md.o


==============================================================================

Image component sizes


      Code (inc. data)   RO Data    RW Data    ZI Data      Debug   Object Name

         0          0          0          0          0      15416   event_groups.o
       176         16          0         24          0       2380   heap_4.o
       244         46          0          0          0       2543   iic_hard.o
        48          6          0          0          0        903   key.o
       124         12          0          0          0       2874   led.o
       148          0          0          0          0       3142   list.o
      5716       2032         93        120       8108     453743   main.o
       132         22          0          0          0       1499   misc.o
        14          0          0          0          0        439   motor.o
       188          8          0          1         32       2081   oled.o
       122          0          0          0          0       1574   pid.o
       400         50          0          4          0       9048   port.o
      1444         16          0          0          0      13036   queue.o
        36          8        236          0       1536        788   startup_stm32f10x_md.o
       300          0          0          0          0       3075   stm32f10x_gpio.o
       372         14          0          0          0       5818   stm32f10x_i2c.o
        28          0          0          0          0       2847   stm32f10x_it.o
       276         32          0         20          0       4386   stm32f10x_rcc.o
       638         72          0          0          0       7663   stm32f10x_tim.o
       426          6          0          0          0       5480   stm32f10x_usart.o
         0          0          0          0          0         32   sys.o
       328         28          0          0          0       1761   system_stm32f10x.o
      2904        434          0         60        200      36579   tasks.o
       280          8          0          0          0       1416   timer.o
       152          0          0          0          0       2741   u8g2_buffer.o
        16          6          0          0       1024        844   u8g2_d_memory.o
        68         14          0          0          0       1061   u8g2_d_setup.o
      1736         10          0          0          0      13416   u8g2_font.o
         0          0       4194          0          0        549   u8g2_fonts.o
       340          0          0          0          0       2591   u8g2_hvline.o
       106          0          0          0          0       1511   u8g2_intersection.o
       238          0          0          0          0       1406   u8g2_ll_hvline.o
       994          0         72          0          0     151839   u8g2_setup.o
        26          0          0          0          0       1043   u8x8_8x8.o
        78          0          0          0          0       2577   u8x8_byte.o
       484         10          0          6          0       8148   u8x8_cad.o
       344         26        344          0          0       3143   u8x8_d_ssd1306_128x64_noname.o
       232          0          0          0          0       4298   u8x8_display.o
        26          0          0          0          0        601   u8x8_gpio.o
        94          6          0          0          0       1858   u8x8_setup.o
       372         22          0         11        400       3920   usart.o
        84          8          0          0          0       1448   vsensor.o

    ----------------------------------------------------------------------
     19776       2912       4976        252      11300     781517   Object Totals
         0          0         32          0          0          0   (incl. Generated)
        42          0          5          6          0          0   (incl. Padding)

    ----------------------------------------------------------------------

      Code (inc. data)   RO Data    RW Data    ZI Data      Debug   Library Member Name

         0          0          0          0          0          0   entry.o
         0          0          0          0          0          0   entry10a.o
         0          0          0          0          0          0   entry11a.o
         4          0          0          0          0          0   entry12b.o
         8          4          0          0          0          0   entry2.o
         4          0          0          0          0          0   entry5.o
         0          0          0          0          0          0   entry7b.o
         0          0          0          0          0          0   entry8b.o
         8          4          0          0          0          0   entry9a.o
        30          0          0          0          0          0   handlers.o
        36          8          0          0          0         68   init.o
         0          0          0          0          0          0   iusefp.o
        30          0          0          0          0         68   llshl.o
        36          0          0          0          0         68   llsshr.o
        32          0          0          0          0         68   llushr.o
       108         16          0          0          0         84   malloc.o
        36          0          0          0          0         68   memcpya.o
        36          0          0          0          0        108   memseta.o
         0          0          0          8          0          0   mvars.o
      2292         96          0          0          0        612   printfa.o
        44          0          0          0          0         80   uidiv.o
        98          0          0          0          0         92   uldiv.o
        48          0          0          0          0         68   cdrcmple.o
        20          0          0          0          0         68   cfcmple.o
        20          0          0          0          0         68   cfrcmple.o
        56          0          0          0          0         88   d2f.o
       334          0          0          0          0        148   dadd.o
       222          0          0          0          0        100   ddiv.o
       186          0          0          0          0        176   depilogue.o
        48          0          0          0          0         68   dfixul.o
        34          0          0          0          0         76   dflti.o
        26          0          0          0          0         76   dfltui.o
       228          0          0          0          0         96   dmul.o
        38          0          0          0          0         68   f2d.o
       176          0          0          0          0        140   fadd.o
       110          0          0          0          0        168   fepilogue.o
       100          0          0          0          0         76   fmul.o

    ----------------------------------------------------------------------
      4452        128          0          8          0       2800   Library Totals
         4          0          0          0          0          0   (incl. Padding)

    ----------------------------------------------------------------------

      Code (inc. data)   RO Data    RW Data    ZI Data      Debug   Library Name

      2802        128          0          8          0       1316   mc_w.l
      1646          0          0          0          0       1484   mf_w.l

    ----------------------------------------------------------------------
      4452        128          0          8          0       2800   Library Totals

    ----------------------------------------------------------------------

==============================================================================


      Code (inc. data)   RO Data    RW Data    ZI Data      Debug   

     24228       3040       4976        260      11300     771885   Grand Totals
     24228       3040       4976        260      11300     771885   ELF Image Totals
     24228       3040       4976        260          0          0   ROM Totals

==============================================================================

    Total RO  Size (Code + RO Data)                29204 (  28.52kB)
    Total RW  Size (RW Data + ZI Data)             11560 (  11.29kB)
    Total ROM Size (Code + RO Data + RW Data)      29464 (  28.77kB)

==============================================================================

