Component: ARM Compiler 5.06 update 7 (build 960) Tool: armlink [4d3601]

==============================================================================

Section Cross References

    main.o(i.AnalyseCommand_Task) refers to queue.o(i.xQueueGenericReceive) for xQueueGenericReceive
    main.o(i.AnalyseCommand_Task) refers to stm32f10x_tim.o(i.TIM_SetCompare1) for TIM_SetCompare1
    main.o(i.AnalyseCommand_Task) refers to stm32f10x_tim.o(i.TIM_SetCompare2) for TIM_SetCompare2
    main.o(i.AnalyseCommand_Task) refers to printfa.o(i.__0printf) for __2printf
    main.o(i.AnalyseCommand_Task) refers to motor.o(i.Go) for Go
    main.o(i.AnalyseCommand_Task) refers to motor.o(i.Back) for Back
    main.o(i.AnalyseCommand_Task) refers to tasks.o(i.vTaskDelay) for vTaskDelay
    main.o(i.AnalyseCommand_Task) refers to main.o(.data) for wirelessCommandHandle
    main.o(i.AppTaskCreate) refers to port.o(i.vPortEnterCritical) for vPortEnterCritical
    main.o(i.AppTaskCreate) refers to queue.o(i.xQueueCreateCountingSemaphoreStatic) for xQueueCreateCountingSemaphoreStatic
    main.o(i.AppTaskCreate) refers to printfa.o(i.__0printf) for __2printf
    main.o(i.AppTaskCreate) refers to queue.o(i.xQueueGenericCreateStatic) for xQueueGenericCreateStatic
    main.o(i.AppTaskCreate) refers to tasks.o(i.xTaskCreateStatic) for xTaskCreateStatic
    main.o(i.AppTaskCreate) refers to main.o(.bss) for vSensorLCount_Structure
    main.o(i.AppTaskCreate) refers to main.o(.data) for vSensorLCountHandle
    main.o(i.AppTaskCreate) refers to main.o(i.LED_Task) for LED_Task
    main.o(i.AppTaskCreate) refers to main.o(i.ListeningSensors_Task) for ListeningSensors_Task
    main.o(i.AppTaskCreate) refers to main.o(i.lCalcVelocity_Task) for lCalcVelocity_Task
    main.o(i.AppTaskCreate) refers to main.o(i.rCalcVelocity_Task) for rCalcVelocity_Task
    main.o(i.AppTaskCreate) refers to main.o(i.AnalyseCommand_Task) for AnalyseCommand_Task
    main.o(i.AppTaskCreate) refers to main.o(i.Run_Task) for Run_Task
    main.o(i.AppTaskCreate) refers to main.o(i.OLEDShowing_Task) for OLEDShowing_Task
    main.o(i.AppTaskCreate) refers to main.o(i.MetalDetection_Task) for MetalDetection_Task
    main.o(i.AppTaskCreate) refers to tasks.o(i.vTaskDelete) for vTaskDelete
    main.o(i.AppTaskCreate) refers to port.o(i.vPortExitCritical) for vPortExitCritical
    main.o(i.Filter) refers to fadd.o(.text) for __aeabi_fsub
    main.o(i.Filter) refers to fmul.o(.text) for __aeabi_fmul
    main.o(i.LED_Task) refers to tasks.o(i.vTaskDelay) for vTaskDelay
    main.o(i.LED_Task) refers to main.o(.data) for lightFlag
    main.o(i.ListeningSensors_Task) refers to stm32f10x_gpio.o(i.GPIO_ReadInputDataBit) for GPIO_ReadInputDataBit
    main.o(i.ListeningSensors_Task) refers to queue.o(i.xQueueGenericSend) for xQueueGenericSend
    main.o(i.ListeningSensors_Task) refers to printfa.o(i.__0printf) for __2printf
    main.o(i.ListeningSensors_Task) refers to dfltui.o(.text) for __aeabi_ui2d
    main.o(i.ListeningSensors_Task) refers to dmul.o(.text) for __aeabi_dmul
    main.o(i.ListeningSensors_Task) refers to d2f.o(.text) for __aeabi_d2f
    main.o(i.ListeningSensors_Task) refers to main.o(i.Filter) for Filter
    main.o(i.ListeningSensors_Task) refers to cfcmple.o(.text) for __aeabi_cfcmple
    main.o(i.ListeningSensors_Task) refers to main.o(.data) for vSensorLCountHandle
    main.o(i.MetalDetection_Task) refers to stm32f10x_gpio.o(i.GPIO_ReadInputDataBit) for GPIO_ReadInputDataBit
    main.o(i.MetalDetection_Task) refers to stm32f10x_tim.o(i.TIM_SetCompare1) for TIM_SetCompare1
    main.o(i.MetalDetection_Task) refers to stm32f10x_tim.o(i.TIM_SetCompare2) for TIM_SetCompare2
    main.o(i.MetalDetection_Task) refers to tasks.o(i.vTaskSuspend) for vTaskSuspend
    main.o(i.MetalDetection_Task) refers to tasks.o(i.vTaskDelay) for vTaskDelay
    main.o(i.MetalDetection_Task) refers to tasks.o(i.vTaskResume) for vTaskResume
    main.o(i.MetalDetection_Task) refers to main.o(.data) for carMode
    main.o(i.OLEDShowing_Task) refers to memseta.o(.text) for __aeabi_memclr4
    main.o(i.OLEDShowing_Task) refers to u8g2_d_setup.o(i.u8g2_Setup_ssd1306_i2c_128x64_noname_f) for u8g2_Setup_ssd1306_i2c_128x64_noname_f
    main.o(i.OLEDShowing_Task) refers to u8x8_display.o(i.u8x8_InitDisplay) for u8x8_InitDisplay
    main.o(i.OLEDShowing_Task) refers to u8x8_display.o(i.u8x8_SetPowerSave) for u8x8_SetPowerSave
    main.o(i.OLEDShowing_Task) refers to u8g2_buffer.o(i.u8g2_ClearBuffer) for u8g2_ClearBuffer
    main.o(i.OLEDShowing_Task) refers to u8g2_font.o(i.u8g2_SetFont) for u8g2_SetFont
    main.o(i.OLEDShowing_Task) refers to u8g2_font.o(i.u8g2_DrawGlyph) for u8g2_DrawGlyph
    main.o(i.OLEDShowing_Task) refers to u8g2_font.o(i.u8g2_DrawStr) for u8g2_DrawStr
    main.o(i.OLEDShowing_Task) refers to printfa.o(i.__0sprintf) for __2sprintf
    main.o(i.OLEDShowing_Task) refers to uldiv.o(.text) for __aeabi_uldivmod
    main.o(i.OLEDShowing_Task) refers to f2d.o(.text) for __aeabi_f2d
[...]
    MetalDetection_Task_Handle               0x20000020   Data           4  main.o(.data)
    vSensorLCountHandle                      0x20000024   Data           4  main.o(.data)
    vSensorRCountHandle                      0x20000028   Data           4  main.o(.data)
    ReplaceVHandle                           0x2000002c   Data           4  main.o(.data)
    wirelessCommandHandle                    0x20000030   Data           4  main.o(.data)
    counter_10us                             0x2000008c   Data           4  main.o(.data)
    counter_ms                               0x20000090   Data           1  main.o(.data)
    .data                                    0x20000091   Section        1  oled.o(.data)
    buf_idx                                  0x20000091   Data           1  oled.o(.data)
    .data                                    0x20000094   Section       11  usart.o(.data)
    .data                                    0x2000009f   Section       20  stm32f10x_rcc.o(.data)
    APBAHBPrescTable                         0x2000009f   Data          16  stm32f10x_rcc.o(.data)
    ADCPrescTable                            0x200000af   Data           4  stm32f10x_rcc.o(.data)
    .data                                    0x200000b4   Section        4  port.o(.data)
    uxCriticalNesting                        0x200000b4   Data           4  port.o(.data)
    .data                                    0x200000b8   Section       24  heap_4.o(.data)
    xStart                                   0x200000b8   Data           8  heap_4.o(.data)
    pxEnd                                    0x200000c0   Data           4  heap_4.o(.data)
    xFreeBytesRemaining                      0x200000c4   Data           4  heap_4.o(.data)
    xMinimumEverFreeBytesRemaining           0x200000c8   Data           4  heap_4.o(.data)
    xBlockAllocatedBit                       0x200000cc   Data           4  heap_4.o(.data)
    .data                                    0x200000d0   Section       60  tasks.o(.data)
    pxDelayedTaskList                        0x200000d4   Data           4  tasks.o(.data)
    pxOverflowDelayedTaskList                0x200000d8   Data           4  tasks.o(.data)
    uxDeletedTasksWaitingCleanUp             0x200000dc   Data           4  tasks.o(.data)
    uxCurrentNumberOfTasks                   0x200000e0   Data           4  tasks.o(.data)
    xTickCount                               0x200000e4   Data           4  tasks.o(.data)
    uxTopReadyPriority                       0x200000e8   Data           4  tasks.o(.data)
    xSchedulerRunning                        0x200000ec   Data           4  tasks.o(.data)
    uxPendedTicks                            0x200000f0   Data           4  tasks.o(.data)
    xYieldPending                            0x200000f4   Data           4  tasks.o(.data)
    xNumOfOverflows                          0x200000f8   Data           4  tasks.o(.data)
    uxTaskNumber                             0x200000fc   Data           4  tasks.o(.data)
    xNextTaskUnblockTime                     0x20000100   Data           4  tasks.o(.data)
    xIdleTaskHandle                          0x20000104   Data           4  tasks.o(.data)
    uxSchedulerSuspended                     0x20000108   Data           4  tasks.o(.data)
    .data                                    0x2000010c   Section        6  u8x8_cad.o(.data)
    in_transfer                              0x2000010c   Data           1  u8x8_cad.o(.data)
    in_transfer                              0x2000010d   Data           1  u8x8_cad.o(.data)
    in_transfer                              0x2000010e   Data           1  u8x8_cad.o(.data)
    is_data                                  0x2000010f   Data           1  u8x8_cad.o(.data)
    in_transfer                              0x20000110   Data           1  u8x8_cad.o(.data)
    is_data                                  0x20000111   Data           1  u8x8_cad.o(.data)
    .data                                    0x20000114   Section        4  mvars.o(.data)
    .data                                    0x20000118   Section        4  mvars.o(.data)
    .bss                                     0x2000011c   Section     8892  main.o(.bss)
    Idle_Task_Stack                          0x2000011c   Data         512  main.o(.bss)
    Timer_Task_Stack                         0x2000031c   Data         512  main.o(.bss)
    Idle_Task_TCB                            0x2000051c   Data          84  main.o(.bss)
    Timer_Task_TCB                           0x20000570   Data          84  main.o(.bss)
    AppTaskCreate_Stack                      0x200005c4   Data         512  main.o(.bss)
    LED_Task_Stack                           0x200007c4   Data         512  main.o(.bss)
    ListeningSensors_Task_Stack              0x200009c4   Data         512  main.o(.bss)
    lCalcVelocity_Task_Stack                 0x20000bc4   Data         512  main.o(.bss)
    rCalcVelocity_Task_Stack                 0x20000dc4   Data         512  main.o(.bss)
    AnalyseCommand_Task_Stack                0x20000fc4   Data         512  main.o(.bss)
    Run_Task_Stack                           0x200011c4   Data        1024  main.o(.bss)
    OLEDShowing_Task_Stack                   0x200015c4   Data        2048  main.o(.bss)
    MetalDetection_Task_Stack                0x20001dc4   Data         512  main.o(.bss)
    AppTaskCreate_TCB                        0x20001fc4   Data          84  main.o(.bss)
    LED_Task_TCB                             0x20002018   Data          84  main.o(.bss)
    ListeningSensors_Task_TCB                0x2000206c   Data          84  main.o(.bss)
    lCalcVelocity_Task_TCB                   0x200020c0   Data          84  main.o(.bss)
    rCalcVelocity_Task_TCB                   0x20002114   Data          84  main.o(.bss)
    AnalyseCommand_Task_TCB                  0x20002168   Data          84  main.o(.bss)
    Run_Task_TCB                             0x200021bc   Data          84  main.o(.bss)
    OLEDShowing_Task_TCB                     0x20002210   Data          84  main.o(.bss)
    MetalDetection_Task_TCB                  0x20002264   Data          84  main.o(.bss)
    vSensorLCount_Structure                  0x200022b8   Data          72  main.o(.bss)
    vSensorRCount_Structure                  0x20002300   Data          72  main.o(.bss)
    ReplaceV_Structure                       0x20002348   Data          72  main.o(.bss)
    wirelessCommand_Structure                0x20002390   Data          72  main.o(.bss)
    .bss                                     0x200023d8   Section       32  oled.o(.bss)
    buffer                                   0x200023d8   Data          32  oled.o(.bss)
    .bss                                     0x200023f8   Section      400  usart.o(.bss)
    .bss                                     0x20002588   Section      200  tasks.o(.bss)
    pxReadyTasksLists                        0x20002588   Data         100  tasks.o(.bss)
    xDelayedTaskList1                        0x200025ec   Data          20  tasks.o(.bss)
    xDelayedTaskList2                        0x20002600   Data          20  tasks.o(.bss)
    xPendingReadyList                        0x20002614   Data          20  tasks.o(.bss)
    xTasksWaitingTermination                 0x20002628   Data          20  tasks.o(.bss)
    xSuspendedTaskList                       0x2000263c   Data          20  tasks.o(.bss)
    .bss                                     0x20002650   Section     1024  u8g2_d_memory.o(.bss)
    buf                                      0x20002650   Data        1024  u8g2_d_memory.o(.bss)
    HEAP                                     0x20002a50   Section      512  startup_stm32f10x_md.o(HEAP)
    STACK                                    0x20002c50   Section     4096  startup_stm32f10x_md.o(STACK)

    Global Symbols

    Symbol Name                              Value     Ov Type        Size  Object(Section)

    BuildAttributes$$THM_ISAv4$P$D$K$B$S$PE$A:L22UL41UL21$X:L11$S22US41US21$IEEE1$IW$USESV6$~STKCKD$USESV7$~SHL$OTIME$ROPI$EBA8$MICROLIB$REQ8$PRES8$EABIv2 0x00000000   Number         0  anon$$obj.o ABSOLUTE
    __ARM_use_no_argv                        0x00000000   Number         0  main.o ABSOLUTE
    __use_no_errno                           0x00000000   Number         0  useno.o ABSOLUTE
    __use_no_exception_handling              0x00000000   Number         0  useno.o ABSOLUTE
    __use_no_fp                              0x00000000   Number         0  useno.o ABSOLUTE
    __use_no_heap                            0x00000000   Number         0  useno.o ABSOLUTE
    __use_no_heap_region                     0x00000000   Number         0  useno.o ABSOLUTE
    __use_no_semihosting                     0x00000000   Number         0  useno.o ABSOLUTE
    __use_no_semihosting_swi                 0x00000000   Number         0  useno.o ABSOLUTE
    __use_no_signal_handling                 0x00000000   Number         0  useno.o ABSOLUTE
    _printf_a                                0x00000000   Number         0  stubs.o ABSOLUTE
    _printf_c                                0x00000000   Number         0  stubs.o ABSOLUTE
    _printf_charcount                        0x00000000   Number         0  stubs.o ABSOLUTE
    _printf_d                                0x00000000   Number         0  stubs.o ABSOLUTE
    _printf_e                                0x00000000   Number         0  stubs.o ABSOLUTE
    _printf_f                                0x00000000   Number         0  stubs.o ABSOLUTE
    _printf_flags                            0x00000000   Number         0  stubs.o ABSOLUTE
    _printf_fp_dec                           0x00000000   Number         0  stubs.o ABSOLUTE
    _printf_fp_hex                           0x00000000   Number         0  stubs.o ABSOLUTE
    _printf_g                                0x00000000   Number         0  stubs.o ABSOLUTE
    _printf_i                                0x00000000   Number         0  stubs.o ABSOLUTE
    _printf_int_dec                          0x00000000   Number         0  stubs.o ABSOLUTE
    _printf_l                                0x00000000   Number         0  stubs.o ABSOLUTE
    _printf_lc                               0x00000000   Number         0  stubs.o ABSOLUTE
    _printf_ll                               0x00000000   Number         0  stubs.o ABSOLUTE
    _printf_lld                              0x00000000   Number         0  stubs.o ABSOLUTE
    _printf_lli                              0x00000000   Number         0  stubs.o ABSOLUTE
    _printf_llo                              0x00000000   Number         0  stubs.o ABSOLUTE
    _printf_llu                              0x00000000   Number         0  stubs.o ABSOLUTE
    _printf_llx                              0x00000000   Number         0  stubs.o ABSOLUTE
    _printf_longlong_dec                     0x00000000   Number         0  stubs.o ABSOLUTE
    _printf_longlong_hex                     0x00000000   Number         0  stubs.o ABSOLUTE
    _printf_longlong_oct                     0x00000000   Number         0  stubs.o ABSOLUTE
    _printf_ls                               0x00000000   Number         0  stubs.o ABSOLUTE
    _printf_mbtowc                           0x00000000   Number         0  stubs.o ABSOLUTE
    _printf_n                                0x00000000   Number         0  stubs.o ABSOLUTE
    _printf_o                                0x00000000   Number         0  stubs.o ABSOLUTE
    _printf_p                                0x00000000   Number         0  stubs.o ABSOLUTE
    _printf_percent                          0x00000000   Number         0  stubs.o ABSOLUTE
    _printf_pre_padding                      0x00000000   Number         0  stubs.o ABSOLUTE
    _printf_return_value                     0x00000000   Number         0  stubs.o ABSOLUTE
    _printf_s                                0x00000000   Number         0  stubs.o ABSOLUTE
    _printf_sizespec                         0x00000000   Number         0  stubs.o ABSOLUTE
    _printf_str                              0x00000000   Number         0  stubs.o ABSOLUTE
    _printf_truncate_signed                  0x00000000   Number         0  stubs.o ABSOLUTE
    _printf_truncate_unsigned                0x00000000   Number         0  stubs.o ABSOLUTE
    _printf_u                                0x00000000   Number         0  stubs.o ABSOLUTE
    _printf_wc                               0x00000000   Number         0  stubs.o ABSOLUTE
    _printf_wctomb                           0x00000000   Number         0  stubs.o ABSOLUTE
    _printf_widthprec                        0x00000000   Number         0  stubs.o ABSOLUTE
    _printf_x                                0x00000000   Number         0  stubs.o ABSOLUTE
    __arm_fini_                               - Undefined Weak Reference
    __cpp_initialize__aeabi_                  - Undefined Weak Reference
    __cxa_finalize                            - Undefined Weak Reference
    __decompress                              - Undefined Weak Reference
    _clock_init                               - Undefined Weak Reference
    _microlib_exit                            - Undefined Weak Reference
    __Vectors_Size                           0x000000ec   Number         0  startup_stm32f10x_md.o ABSOLUTE
    __Vectors                                0x08000000   Data           4  startup_stm32f10x_md.o(RESET)
    __Vectors_End                            0x080000ec   Data           0  startup_stm32f10x_md.o(RESET)
    __main                                   0x080000ed   Thumb Code     0  entry.o(.ARM.Collect$$$$00000000)
    _main_stk                                0x080000ed   Thumb Code     0  entry2.o(.ARM.Collect$$$$00000001)
    _main_scatterload                        0x080000f1   Thumb Code     0  entry5.o(.ARM.Collect$$$$00000004)
    __main_after_scatterload                 0x080000f5   Thumb Code     0  entry5.o(.ARM.Collect$$$$00000004)
    _main_clock                              0x080000f5   Thumb Code     0  entry7b.o(.ARM.Collect$$$$00000008)
    _main_cpp_init                           0x080000f5   Thumb Code     0  entry8b.o(.ARM.Collect$$$$0000000A)
    _main_init                               0x080000f5   Thumb Code     0  entry9a.o(.ARM.Collect$$$$0000000B)
    __rt_lib_shutdown_fini                   0x080000fd   Thumb Code     0  entry12b.o(.ARM.Collect$$$$0000000E)
    __rt_final_cpp                           0x08000101   Thumb Code     0  entry10a.o(.ARM.Collect$$$$0000000F)
    __rt_final_exit                          0x08000101   Thumb Code     0  entry11a.o(.ARM.Collect$$$$00000011)
    SVC_Handler                              0x08000105   Thumb Code    32  port.o(.emb_text)
    __asm___6_port_c_39a90d8d__prvStartFirstTask 0x08000129   Thumb Code    28  port.o(.emb_text)
    PendSV_Handler                           0x08000149   Thumb Code    72  port.o(.emb_text)
    vPortGetIPSR                             0x08000195   Thumb Code     6  port.o(.emb_text)
    Reset_Handler                            0x0800019d   Thumb Code     8  startup_stm32f10x_md.o(.text)
    ADC1_2_IRQHandler                        0x080001b7   Thumb Code     0  startup_stm32f10x_md.o(.text)
    CAN1_RX1_IRQHandler                      0x080001b7   Thumb Code     0  startup_stm32f10x_md.o(.text)
    CAN1_SCE_IRQHandler                      0x080001b7   Thumb Code     0  startup_stm32f10x_md.o(.text)
    DMA1_Channel1_IRQHandler                 0x080001b7   Thumb Code     0  startup_stm32f10x_md.o(.text)
    DMA1_Channel2_IRQHandler                 0x080001b7   Thumb Code     0  startup_stm32f10x_md.o(.text)
    DMA1_Channel3_IRQHandler                 0x080001b7   Thumb Code     0  startup_stm32f10x_md.o(.text)
    DMA1_Channel4_IRQHandler                 0x080001b7   Thumb Code     0  startup_stm32f10x_md.o(.text)
    DMA1_Channel5_IRQHandler                 0x080001b7   Thumb Code     0  startup_stm32f10x_md.o(.text)
    DMA1_Channel6_IRQHandler                 0x080001b7   Thumb Code     0  startup_stm32f10x_md.o(.text)
    DMA1_Channel7_IRQHandler                 0x080001b7   Thumb Code     0  startup_stm32f10x_md.o(.text)
    EXTI0_IRQHandler                         0x080001b7   Thumb Code     0  startup_stm32f10x_md.o(.text)
    EXTI15_10_IRQHandler                     0x080001b7   Thumb Code     0  startup_stm32f10x_md.o(.text)
    EXTI1_IRQHandler                         0x080001b7   Thumb Code     0  startup_stm32f10x_md.o(.text)
    EXTI2_IRQHandler                         0x080001b7   Thumb Code     0  startup_stm32f10x_md.o(.text)
    EXTI3_IRQHandler                         0x080001b7   Thumb Code     0  startup_stm32f10x_md.o(.text)
    EXTI4_IRQHandler                         0x080001b7   Thumb Code     0  startup_stm32f10x_md.o(.text)
    EXTI9_5_IRQHandler                       0x080001b7   Thumb Code     0  startup_stm32f10x_md.o(.text)
    FLASH_IRQHandler                         0x080001b7   Thumb Code     0  startup_stm32f10x_md.o(.text)
    I2C1_ER_IRQHandler                       0x080001b7   Thumb Code     0  startup_stm32f10x_md.o(.text)
    I2C1_EV_IRQHandler                       0x080001b7   Thumb Code     0  startup_stm32f10x_md.o(.text)
    I2C2_ER_IRQHandler                       0x080001b7   Thumb Code     0  startup_stm32f10x_md.o(.text)
    I2C2_EV_IRQHandler                       0x080001b7   Thumb Code     0  startup_stm32f10x_md.o(.text)
    PVD_IRQHandler                           0x080001b7   Thumb Code     0  startup_stm32f10x_md.o(.text)
    RCC_IRQHandler                           0x080001b7   Thumb Code     0  startup_stm32f10x_md.o(.text)
    RTCAlarm_IRQHandler                      0x080001b7   Thumb Code     0  startup_stm32f10x_md.o(.text)
    RTC_IRQHandler                           0x080001b7   Thumb Code     0  startup_stm32f10x_md.o(.text)
    SPI1_IRQHandler                          0x080001b7   Thumb Code     0  startup_stm32f10x_md.o(.text)
    SPI2_IRQHandler                          0x080001b7   Thumb Code     0  startup_stm32f10x_md.o(.text)
    TAMPER_IRQHandler                        0x080001b7   Thumb Code     0  startup_stm32f10x_md.o(.text)
    TIM1_BRK_IRQHandler                      0x080001b7   Thumb Code     0  startup_stm32f10x_md.o(.text)
    TIM1_TRG_COM_IRQHandler                  0x080001b7   Thumb Code     0  startup_stm32f10x_md.o(.text)
    TIM2_IRQHandler                          0x080001b7   Thumb Code     0  startup_stm32f10x_md.o(.text)
    TIM3_IRQHandler                          0x080001b7   Thumb Code     0  startup_stm32f10x_md.o(.text)
    TIM4_IRQHandler                          0x080001b7   Thumb Code     0  startup_stm32f10x_md.o(.text)
    USART3_IRQHandler                        0x080001b7   Thumb Code     0  startup_stm32f10x_md.o(.text)
    USBWakeUp_IRQHandler                     0x080001b7   Thumb Code     0  startup_stm32f10x_md.o(.text)
    USB_HP_CAN1_TX_IRQHandler                0x080001b7   Thumb Code     0  startup_stm32f10x_md.o(.text)
    USB_LP_CAN1_RX0_IRQHandler               0x080001b7   Thumb Code     0  startup_stm32f10x_md.o(.text)
    WWDG_IRQHandler                          0x080001b7   Thumb Code     0  startup_stm32f10x_md.o(.text)
    __aeabi_uldivmod                         0x080001c1   Thumb Code    98  uldiv.o(.text)
    __aeabi_memcpy                           0x08000223   Thumb Code    36  memcpya.o(.text)
    __aeabi_memcpy4                          0x08000223   Thumb Code     0  memcpya.o(.text)
    __aeabi_memcpy8                          0x08000223   Thumb Code     0  memcpya.o(.text)
    __aeabi_memset                           0x08000247   Thumb Code    14  memseta.o(.text)
    __aeabi_memset4                          0x08000247   Thumb Code     0  memseta.o(.text)
    __aeabi_memset8                          0x08000247   Thumb Code     0  memseta.o(.text)
    __aeabi_memclr                           0x08000255   Thumb Code     4  memseta.o(.text)
    __aeabi_memclr4                          0x08000255   Thumb Code     0  memseta.o(.text)
    __aeabi_memclr8                          0x08000255   Thumb Code     0  memseta.o(.text)
    _memset$wrapper                          0x08000259   Thumb Code    18  memseta.o(.text)
    __aeabi_fadd                             0x0800026b   Thumb Code   164  fadd.o(.text)
    __aeabi_fsub                             0x0800030f   Thumb Code     6  fadd.o(.text)
    __aeabi_frsub                            0x08000315   Thumb Code     6  fadd.o(.text)
    __aeabi_fmul                             0x0800031b   Thumb Code   100  fmul.o(.text)
    __aeabi_fdiv                             0x0800037f   Thumb Code   124  fdiv.o(.text)
    __aeabi_dmul                             0x080003fb   Thumb Code   228  dmul.o(.text)
    __aeabi_ddiv                             0x080004df   Thumb Code   222  ddiv.o(.text)
    __aeabi_i2f                              0x080005bd   Thumb Code    18  fflti.o(.text)
    __aeabi_ui2d                             0x080005cf   Thumb Code    26  dfltui.o(.text)
    __aeabi_f2iz                             0x080005e9   Thumb Code    50  ffixi.o(.text)
    __aeabi_f2d                              0x0800061b   Thumb Code    38  f2d.o(.text)
    __aeabi_d2f                              0x08000641   Thumb Code    56  d2f.o(.text)
    __aeabi_cfcmpeq                          0x08000679   Thumb Code     0  cfcmple.o(.text)
    __aeabi_cfcmple                          0x08000679   Thumb Code    20  cfcmple.o(.text)
    __aeabi_cfrcmple                         0x0800068d   Thumb Code    20  cfrcmple.o(.text)
    __aeabi_uidiv                            0x080006a1   Thumb Code     0  uidiv.o(.text)
    __aeabi_uidivmod                         0x080006a1   Thumb Code    44  uidiv.o(.text)
    __aeabi_llsl                             0x080006cd   Thumb Code    30  llshl.o(.text)
    _ll_shift_l                              0x080006cd   Thumb Code     0  llshl.o(.text)
    __aeabi_llsr                             0x080006eb   Thumb Code    32  llushr.o(.text)
    _ll_ushift_r                             0x080006eb   Thumb Code     0  llushr.o(.text)
    __I$use$fp                               0x0800070b   Thumb Code     0  iusefp.o(.text)
    _float_round                             0x0800070b   Thumb Code    18  fepilogue.o(.text)
    _float_epilogue                          0x0800071d   Thumb Code    92  fepilogue.o(.text)
    _double_round                            0x08000779   Thumb Code    30  depilogue.o(.text)
    _double_epilogue                         0x08000797   Thumb Code   156  depilogue.o(.text)
    __aeabi_dadd                             0x08000833   Thumb Code   322  dadd.o(.text)
    __aeabi_dsub                             0x08000975   Thumb Code     6  dadd.o(.text)
    __aeabi_drsub                            0x0800097b   Thumb Code     6  dadd.o(.text)
    __aeabi_d2ulz                            0x08000981   Thumb Code    48  dfixul.o(.text)
    __aeabi_cdrcmple                         0x080009b1   Thumb Code    48  cdrcmple.o(.text)
    __scatterload                            0x080009e1   Thumb Code    28  init.o(.text)
    __scatterload_rt2                        0x080009e1   Thumb Code     0  init.o(.text)
    __aeabi_lasr                             0x08000a05   Thumb Code    36  llsshr.o(.text)
    _ll_sshift_r                             0x08000a05   Thumb Code     0  llsshr.o(.text)
    BEEP_Init                                0x080013b5   Thumb Code    46  beep.o(i.BEEP_Init)
    Back                                     0x080013e9   Thumb Code    28  motor.o(i.Back)
    BusFault_Handler                         0x08001411   Thumb Code     4  stm32f10x_it.o(i.BusFault_Handler)
    DebugMon_Handler                         0x08001415   Thumb Code     2  stm32f10x_it.o(i.DebugMon_Handler)
    Filter                                   0x08001417   Thumb Code    54  main.o(i.Filter)
    GPIO_Init                                0x0800144d   Thumb Code   278  stm32f10x_gpio.o(i.GPIO_Init)
    GPIO_ReadInputDataBit                    0x08001563   Thumb Code    18  stm32f10x_gpio.o(i.GPIO_ReadInputDataBit)
    GPIO_ResetBits                           0x08001575   Thumb Code     4  stm32f10x_gpio.o(i.GPIO_ResetBits)
    GPIO_SetBits                             0x08001579   Thumb Code     4  stm32f10x_gpio.o(i.GPIO_SetBits)
    Go                                       0x0800157d   Thumb Code    28  motor.o(i.Go)
    HC_SR04_Init                             0x080015a5   Thumb Code    58  hc_sr04.o(i.HC_SR04_Init)
    HardFault_Handler                        0x080015e5   Thumb Code     4  stm32f10x_it.o(i.HardFault_Handler)
    I2C_CheckEvent                           0x080015e9   Thumb Code    42  stm32f10x_i2c.o(i.I2C_CheckEvent)
    I2C_Cmd                                  0x08001613   Thumb Code    24  stm32f10x_i2c.o(i.I2C_Cmd)
    I2C_GenerateSTART                        0x0800162b   Thumb Code    24  stm32f10x_i2c.o(i.I2C_GenerateSTART)
    I2C_GenerateSTOP                         0x08001643   Thumb Code    24  stm32f10x_i2c.o(i.I2C_GenerateSTOP)
    I2C_Init                                 0x0800165d   Thumb Code   222  stm32f10x_i2c.o(i.I2C_Init)
    I2C_Send7bitAddress                      0x08001749   Thumb Code    18  stm32f10x_i2c.o(i.I2C_Send7bitAddress)
    I2C_SendData                             0x0800175b   Thumb Code     4  stm32f10x_i2c.o(i.I2C_SendData)
    IIC_Init                                 0x08001761   Thumb Code   102  iic_hard.o(i.IIC_Init)
    IIC_Send_Address_Write                   0x080017d5   Thumb Code    60  iic_hard.o(i.IIC_Send_Address_Write)
    IIC_Send_Byte                            0x08001819   Thumb Code    58  iic_hard.o(i.IIC_Send_Byte)
    IIC_Start                                0x0800185d   Thumb Code    56  iic_hard.o(i.IIC_Start)
    IIC_Stop                                 0x0800189d   Thumb Code    12  iic_hard.o(i.IIC_Stop)
    LED1_Init                                0x080018ad   Thumb Code    50  led.o(i.LED1_Init)
    LED_Init                                 0x080018e5   Thumb Code    12  led.o(i.LED_Init)
    MTS_Init                                 0x08001ab5   Thumb Code    22  motor.o(i.MTS_Init)
    MT_DirctionIO_Init                       0x08001acd   Thumb Code   146  motor.o(i.MT_DirctionIO_Init)
    MemManage_Handler                        0x08001b69   Thumb Code     4  stm32f10x_it.o(i.MemManage_Handler)
    Metal_Detection_Init                     0x08001c4d   Thumb Code    32  metal_detection.o(i.Metal_Detection_Init)
    NMI_Handler                              0x08001c71   Thumb Code     2  stm32f10x_it.o(i.NMI_Handler)
    NVIC_Init                                0x08001c75   Thumb Code   100  misc.o(i.NVIC_Init)
    NVIC_PriorityGroupConfig                 0x08001ce5   Thumb Code    10  misc.o(i.NVIC_PriorityGroupConfig)
    PID_Position                             0x08001ec1   Thumb Code   196  pid.o(i.PID_Position)
    PID_Position_Create                      0x08001f85   Thumb Code    52  pid.o(i.PID_Position_Create)
    RCC_APB1PeriphClockCmd                   0x08001fb9   Thumb Code    26  stm32f10x_rcc.o(i.RCC_APB1PeriphClockCmd)
    RCC_APB2PeriphClockCmd                   0x08001fd9   Thumb Code    26  stm32f10x_rcc.o(i.RCC_APB2PeriphClockCmd)
    RCC_GetClocksFreq                        0x08001ff9   Thumb Code   192  stm32f10x_rcc.o(i.RCC_GetClocksFreq)
    SysTick_Handler                          0x080025d9   Thumb Code     8  stm32f10x_it.o(i.SysTick_Handler)
    SystemInit                               0x080025e1   Thumb Code    78  system_stm32f10x.o(i.SystemInit)
    TIM1_CC_IRQHandler                       0x08002881   Thumb Code   100  main.o(i.TIM1_CC_IRQHandler)
    TIM1_Init                                0x080028ed   Thumb Code   210  timer.o(i.TIM1_Init)
    TIM1_UP_IRQHandler                       0x080029c9   Thumb Code   536  main.o(i.TIM1_UP_IRQHandler)
    TIM3_PWM_Init                            0x08002c55   Thumb Code   180  timer.o(i.TIM3_PWM_Init)
    TIM_ARRPreloadConfig                     0x08002d11   Thumb Code    24  stm32f10x_tim.o(i.TIM_ARRPreloadConfig)
    TIM_ClearFlag                            0x08002d29   Thumb Code     6  stm32f10x_tim.o(i.TIM_ClearFlag)
    TIM_ClearITPendingBit                    0x08002d2f   Thumb Code     6  stm32f10x_tim.o(i.TIM_ClearITPendingBit)
    TIM_Cmd                                  0x08002d35   Thumb Code    24  stm32f10x_tim.o(i.TIM_Cmd)
    TIM_GetITStatus                          0x08002d4d   Thumb Code    34  stm32f10x_tim.o(i.TIM_GetITStatus)
    TIM_ICInit                               0x08002d71   Thumb Code   150  stm32f10x_tim.o(i.TIM_ICInit)
    TIM_ITConfig                             0x08002e1d   Thumb Code    18  stm32f10x_tim.o(i.TIM_ITConfig)
    TIM_OC1Init                              0x08002e31   Thumb Code   132  stm32f10x_tim.o(i.TIM_OC1Init)
    TIM_OC1PolarityConfig                    0x08002ec9   Thumb Code    18  stm32f10x_tim.o(i.TIM_OC1PolarityConfig)
    TIM_OC1PreloadConfig                     0x08002edb   Thumb Code    18  stm32f10x_tim.o(i.TIM_OC1PreloadConfig)
    TIM_OC2Init                              0x08002eed   Thumb Code   154  stm32f10x_tim.o(i.TIM_OC2Init)
    TIM_OC2PreloadConfig                     0x08002f91   Thumb Code    26  stm32f10x_tim.o(i.TIM_OC2PreloadConfig)
    TIM_SetCompare1                          0x08002fab   Thumb Code     4  stm32f10x_tim.o(i.TIM_SetCompare1)
    TIM_SetCompare2                          0x08002faf   Thumb Code     4  stm32f10x_tim.o(i.TIM_SetCompare2)
    TIM_SetCounter                           0x08002fb3   Thumb Code     4  stm32f10x_tim.o(i.TIM_SetCounter)
    TIM_SetIC1Prescaler                      0x08002fb7   Thumb Code    18  stm32f10x_tim.o(i.TIM_SetIC1Prescaler)
    TIM_SetIC2Prescaler                      0x08002fc9   Thumb Code    26  stm32f10x_tim.o(i.TIM_SetIC2Prescaler)
    TIM_SetIC3Prescaler                      0x08002fe3   Thumb Code    18  stm32f10x_tim.o(i.TIM_SetIC3Prescaler)
    TIM_SetIC4Prescaler                      0x08002ff5   Thumb Code    26  stm32f10x_tim.o(i.TIM_SetIC4Prescaler)
    TIM_TimeBaseInit                         0x08003011   Thumb Code   122  stm32f10x_tim.o(i.TIM_TimeBaseInit)
    TestLED_Init                             0x080030b5   Thumb Code    50  led.o(i.TestLED_Init)
    USART1_IRQHandler                        0x080030ed   Thumb Code    62  main.o(i.USART1_IRQHandler)
    USART1_Init                              0x0800313d   Thumb Code   162  usart.o(i.USART1_Init)
    USART2_IRQHandler                        0x080031e9   Thumb Code    62  main.o(i.USART2_IRQHandler)
    USART2_Init                              0x08003239   Thumb Code   164  usart.o(i.USART2_Init)
    USART_ClearFlag                          0x080032e5   Thumb Code    18  stm32f10x_usart.o(i.USART_ClearFlag)
    USART_Cmd                                0x080032f7   Thumb Code    24  stm32f10x_usart.o(i.USART_Cmd)
    USART_GetITStatus                        0x0800330f   Thumb Code    84  stm32f10x_usart.o(i.USART_GetITStatus)
    USART_ITConfig                           0x08003363   Thumb Code    74  stm32f10x_usart.o(i.USART_ITConfig)
    USART_Init                               0x080033ad   Thumb Code   210  stm32f10x_usart.o(i.USART_Init)
    USART_ReceiveData                        0x08003485   Thumb Code    10  stm32f10x_usart.o(i.USART_ReceiveData)
    UsageFault_Handler                       0x0800348f   Thumb Code     4  stm32f10x_it.o(i.UsageFault_Handler)
    __0printf                                0x08003495   Thumb Code    22  printfa.o(i.__0printf)
    __1printf                                0x08003495   Thumb Code     0  printfa.o(i.__0printf)
    __2printf                                0x08003495   Thumb Code     0  printfa.o(i.__0printf)
    __c89printf                              0x08003495   Thumb Code     0  printfa.o(i.__0printf)
    printf                                   0x08003495   Thumb Code     0  printfa.o(i.__0printf)
    __0sprintf                               0x080034b5   Thumb Code    34  printfa.o(i.__0sprintf)
    __1sprintf                               0x080034b5   Thumb Code     0  printfa.o(i.__0sprintf)
    __2sprintf                               0x080034b5   Thumb Code     0  printfa.o(i.__0sprintf)
    __c89sprintf                             0x080034b5   Thumb Code     0  printfa.o(i.__0sprintf)
    sprintf                                  0x080034b5   Thumb Code     0  printfa.o(i.__0sprintf)
    __scatterload_copy                       0x080034dd   Thumb Code    14  handlers.o(i.__scatterload_copy)
    __scatterload_null                       0x080034eb   Thumb Code     2  handlers.o(i.__scatterload_null)
    __scatterload_zeroinit                   0x080034ed   Thumb Code    14  handlers.o(i.__scatterload_zeroinit)
    dSensorL_Init                            0x08003d91   Thumb Code    32  vsensor.o(i.dSensorL_Init)
    dSensorR_Init                            0x08003db5   Thumb Code    32  vsensor.o(i.dSensorR_Init)
    dSensors_Init                            0x08003dd9   Thumb Code    12  vsensor.o(i.dSensors_Init)
    fputc                                    0x08003de5   Thumb Code    24  usart.o(i.fputc)
    main                                     0x08003ecd   Thumb Code    54  main.o(i.main)
    malloc                                   0x08003f45   Thumb Code    92  malloc.o(i.malloc)
    pvTaskIncrementMutexHeldCount            0x08004519   Thumb Code    26  tasks.o(i.pvTaskIncrementMutexHeldCount)
    pxPortInitialiseStack                    0x08004539   Thumb Code    30  port.o(i.pxPortInitialiseStack)
    track_Init                               0x08004625   Thumb Code    34  track.o(i.track_Init)
    u8g2_ClearBuffer                         0x0800464d   Thumb Code    26  u8g2_buffer.o(i.u8g2_ClearBuffer)
    u8g2_DrawGlyph                           0x08004667   Thumb Code    98  u8g2_font.o(i.u8g2_DrawGlyph)
    u8g2_DrawGlyphX2                         0x080046c9   Thumb Code    42  u8g2_font.o(i.u8g2_DrawGlyphX2)
    u8g2_DrawHVLine                          0x080046f3   Thumb Code   220  u8g2_hvline.o(i.u8g2_DrawHVLine)
    u8g2_DrawStr                             0x080047d1   Thumb Code    32  u8g2_font.o(i.u8g2_DrawStr)
    u8g2_IsIntersection                      0x080047f5   Thumb Code    58  u8g2_intersection.o(i.u8g2_IsIntersection)
    u8g2_SendBuffer                          0x0800482f   Thumb Code    18  u8g2_buffer.o(i.u8g2_SendBuffer)
    u8g2_SetFont                             0x08004841   Thumb Code    32  u8g2_font.o(i.u8g2_SetFont)
    u8g2_SetFontPosBaseline                  0x08004861   Thumb Code     6  u8g2_font.o(i.u8g2_SetFontPosBaseline)
    u8g2_SetMaxClipWindow                    0x0800486d   Thumb Code    32  u8g2_setup.o(i.u8g2_SetMaxClipWindow)
    u8g2_SetupBuffer                         0x0800488d   Thumb Code    90  u8g2_setup.o(i.u8g2_SetupBuffer)
    u8g2_Setup_ssd1306_i2c_128x64_noname_f   0x080048e9   Thumb Code    54  u8g2_d_setup.o(i.u8g2_Setup_ssd1306_i2c_128x64_noname_f)
    u8g2_UpdateRefHeight                     0x0800492d   Thumb Code   136  u8g2_font.o(i.u8g2_UpdateRefHeight)
    u8g2_add_vector_x                        0x080049b5   Thumb Code    42  u8g2_font.o(i.u8g2_add_vector_x)
    u8g2_add_vector_y                        0x080049df   Thumb Code    42  u8g2_font.o(i.u8g2_add_vector_y)
    u8g2_draw_hv_line_2dir                   0x08004acf   Thumb Code    44  u8g2_hvline.o(i.u8g2_draw_hv_line_2dir)
    u8g2_draw_l90_mirrorr_r0                 0x08004afb   Thumb Code    60  u8g2_setup.o(i.u8g2_draw_l90_mirrorr_r0)
    u8g2_draw_l90_r0                         0x08004b37   Thumb Code    36  u8g2_setup.o(i.u8g2_draw_l90_r0)
    u8g2_draw_l90_r1                         0x08004b5b   Thumb Code    68  u8g2_setup.o(i.u8g2_draw_l90_r1)
    u8g2_draw_l90_r2                         0x08004b9f   Thumb Code    86  u8g2_setup.o(i.u8g2_draw_l90_r2)
    u8g2_draw_l90_r3                         0x08004bf5   Thumb Code    80  u8g2_setup.o(i.u8g2_draw_l90_r3)
    u8g2_draw_mirror_vertical_r0             0x08004c45   Thumb Code    60  u8g2_setup.o(i.u8g2_draw_mirror_vertical_r0)
    u8g2_font_2x_decode_glyph                0x08004d11   Thumb Code   242  u8g2_font.o(i.u8g2_font_2x_decode_glyph)
    u8g2_font_2x_decode_len                  0x08004e03   Thumb Code   212  u8g2_font.o(i.u8g2_font_2x_decode_len)
    u8g2_font_calc_vref_font                 0x08004f11   Thumb Code     6  u8g2_font.o(i.u8g2_font_calc_vref_font)
    u8g2_font_decode_get_signed_bits         0x08004f17   Thumb Code    36  u8g2_font.o(i.u8g2_font_decode_get_signed_bits)
    u8g2_font_decode_get_unsigned_bits       0x08004f3b   Thumb Code    66  u8g2_font.o(i.u8g2_font_decode_get_unsigned_bits)
    u8g2_font_decode_glyph                   0x08004f7d   Thumb Code   386  u8g2_font.o(i.u8g2_font_decode_glyph)
    u8g2_font_decode_len                     0x080050ff   Thumb Code   176  u8g2_font.o(i.u8g2_font_decode_len)
    u8g2_font_get_glyph_data                 0x080051f1   Thumb Code   146  u8g2_font.o(i.u8g2_font_get_glyph_data)
    u8g2_is_intersection_decision_tree       0x080052db   Thumb Code    48  u8g2_intersection.o(i.u8g2_is_intersection_decision_tree)
    u8g2_ll_hvline_vertical_top_lsb          0x0800530b   Thumb Code   238  u8g2_ll_hvline.o(i.u8g2_ll_hvline_vertical_top_lsb)
    u8g2_m_16_8_f                            0x080053f9   Thumb Code    10  u8g2_d_memory.o(i.u8g2_m_16_8_f)
    u8g2_read_font_info                      0x08005409   Thumb Code   224  u8g2_font.o(i.u8g2_read_font_info)
    u8g2_update_dimension_r0                 0x080055b5   Thumb Code    12  u8g2_setup.o(i.u8g2_update_dimension_r0)
    u8g2_update_dimension_r1                 0x080055c1   Thumb Code    28  u8g2_setup.o(i.u8g2_update_dimension_r1)
    u8g2_update_dimension_r2                 0x080055dd   Thumb Code    12  u8g2_setup.o(i.u8g2_update_dimension_r2)
    u8g2_update_dimension_r3                 0x080055e9   Thumb Code    28  u8g2_setup.o(i.u8g2_update_dimension_r3)
    u8g2_update_page_win_r0                  0x08005605   Thumb Code    32  u8g2_setup.o(i.u8g2_update_page_win_r0)
    u8g2_update_page_win_r1                  0x08005625   Thumb Code    32  u8g2_setup.o(i.u8g2_update_page_win_r1)
    u8g2_update_page_win_r2                  0x08005645   Thumb Code    60  u8g2_setup.o(i.u8g2_update_page_win_r2)
    u8g2_update_page_win_r3                  0x08005681   Thumb Code    60  u8g2_setup.o(i.u8g2_update_page_win_r3)
    u8x8_DrawTile                            0x080056bd   Thumb Code    50  u8x8_display.o(i.u8x8_DrawTile)
    u8x8_InitDisplay                         0x080056ef   Thumb Code    18  u8x8_display.o(i.u8x8_InitDisplay)
    u8x8_RefreshDisplay                      0x08005701   Thumb Code    18  u8x8_display.o(i.u8x8_RefreshDisplay)
    u8x8_SetPowerSave                        0x08005713   Thumb Code    20  u8x8_display.o(i.u8x8_SetPowerSave)
    u8x8_Setup                               0x08005727   Thumb Code    42  u8x8_setup.o(i.u8x8_Setup)
    u8x8_SetupDefaults                       0x08005751   Thumb Code    38  u8x8_setup.o(i.u8x8_SetupDefaults)
    u8x8_SetupMemory                         0x0800577d   Thumb Code    18  u8x8_display.o(i.u8x8_SetupMemory)
    u8x8_ascii_next                          0x0800578f   Thumb Code    18  u8x8_8x8.o(i.u8x8_ascii_next)
    u8x8_byte_EndTransfer                    0x080057a1   Thumb Code    18  u8x8_byte.o(i.u8x8_byte_EndTransfer)
    u8x8_byte_SendByte                       0x080057b3   Thumb Code    16  u8x8_byte.o(i.u8x8_byte_SendByte)
    u8x8_byte_SendBytes                      0x080057c3   Thumb Code    26  u8x8_byte.o(i.u8x8_byte_SendBytes)
    u8x8_byte_StartTransfer                  0x080057dd   Thumb Code    18  u8x8_byte.o(i.u8x8_byte_StartTransfer)
    u8x8_byte_hw_i2c                         0x080057f1   Thumb Code   140  oled.o(i.u8x8_byte_hw_i2c)
    u8x8_cad_EndTransfer                     0x08005885   Thumb Code    18  u8x8_cad.o(i.u8x8_cad_EndTransfer)
    u8x8_cad_SendArg                         0x08005897   Thumb Code    20  u8x8_cad.o(i.u8x8_cad_SendArg)
    u8x8_cad_SendCmd                         0x080058ab   Thumb Code    20  u8x8_cad.o(i.u8x8_cad_SendCmd)
    u8x8_cad_SendData                        0x080058bf   Thumb Code    26  u8x8_cad.o(i.u8x8_cad_SendData)
    u8x8_cad_SendSequence                    0x080058d9   Thumb Code   124  u8x8_cad.o(i.u8x8_cad_SendSequence)
    u8x8_cad_StartTransfer                   0x08005955   Thumb Code    18  u8x8_cad.o(i.u8x8_cad_StartTransfer)
    u8x8_cad_ssd13xx_fast_i2c                0x08005969   Thumb Code   208  u8x8_cad.o(i.u8x8_cad_ssd13xx_fast_i2c)
    u8x8_d_helper_display_init               0x08005a3d   Thumb Code    96  u8x8_display.o(i.u8x8_d_helper_display_init)
    u8x8_d_helper_display_setup_memory       0x08005a9d   Thumb Code    12  u8x8_display.o(i.u8x8_d_helper_display_setup_memory)
    u8x8_d_ssd1306_128x64_noname             0x08005aa9   Thumb Code    76  u8x8_d_ssd1306_128x64_noname.o(i.u8x8_d_ssd1306_128x64_noname)
    u8x8_dummy_cb                            0x08005c01   Thumb Code     8  u8x8_setup.o(i.u8x8_dummy_cb)
    u8x8_gpio_and_delay                      0x08005c09   Thumb Code    56  oled.o(i.u8x8_gpio_and_delay)
    u8x8_gpio_call                           0x08005c41   Thumb Code    26  u8x8_gpio.o(i.u8x8_gpio_call)
    u8x8_utf8_init                           0x08005c89   Thumb Code     8  u8x8_8x8.o(i.u8x8_utf8_init)
    uxListRemove                             0x08005c91   Thumb Code    40  list.o(i.uxListRemove)
    uxQueueMessagesWaiting                   0x08005cb9   Thumb Code    18  queue.o(i.uxQueueMessagesWaiting)
    vApplicationGetIdleTaskMemory            0x08005ccd   Thumb Code    14  main.o(i.vApplicationGetIdleTaskMemory)
    vListInitialise                          0x08005ce5   Thumb Code    26  list.o(i.vListInitialise)
    vListInitialiseItem                      0x08005cff   Thumb Code     6  list.o(i.vListInitialiseItem)
    vListInsert                              0x08005d05   Thumb Code    52  list.o(i.vListInsert)
    vListInsertEnd                           0x08005d39   Thumb Code    24  list.o(i.vListInsertEnd)
    vPortEnterCritical                       0x08005d51   Thumb Code    30  port.o(i.vPortEnterCritical)
    vPortExitCritical                        0x08005d75   Thumb Code    28  port.o(i.vPortExitCritical)
    vPortFree                                0x08005d95   Thumb Code    64  heap_4.o(i.vPortFree)
    vPortSetupTimerInterrupt                 0x08005ddd   Thumb Code    14  port.o(i.vPortSetupTimerInterrupt)
    vSensorL_Init                            0x08005df1   Thumb Code    32  vsensor.o(i.vSensorL_Init)
    vSensorR_Init                            0x08005e15   Thumb Code    32  vsensor.o(i.vSensorR_Init)
    vSensors_Init                            0x08005e39   Thumb Code    12  vsensor.o(i.vSensors_Init)
    vTaskDelay                               0x08005e45   Thumb Code    46  tasks.o(i.vTaskDelay)
    vTaskDelete                              0x08005e79   Thumb Code   166  tasks.o(i.vTaskDelete)
    vTaskMissedYield                         0x08005f45   Thumb Code     8  tasks.o(i.vTaskMissedYield)
    vTaskPlaceOnEventList                    0x08005f51   Thumb Code    28  tasks.o(i.vTaskPlaceOnEventList)
    vTaskPriorityInherit                     0x08005f71   Thumb Code   164  tasks.o(i.vTaskPriorityInherit)
    vTaskResume                              0x08006021   Thumb Code   104  tasks.o(i.vTaskResume)
    vTaskSetTimeOutState                     0x08006099   Thumb Code    14  tasks.o(i.vTaskSetTimeOutState)
    vTaskStartScheduler                      0x080060b1   Thumb Code   110  tasks.o(i.vTaskStartScheduler)
    vTaskSuspend                             0x0800613d   Thumb Code   160  tasks.o(i.vTaskSuspend)
    vTaskSuspendAll                          0x080061f9   Thumb Code    12  tasks.o(i.vTaskSuspendAll)
    vTaskSwitchContext                       0x08006209   Thumb Code    76  tasks.o(i.vTaskSwitchContext)
    xPortStartScheduler                      0x08006269   Thumb Code    42  port.o(i.xPortStartScheduler)
    xPortSysTickHandler                      0x0800629d   Thumb Code    46  port.o(i.xPortSysTickHandler)
    xQueueCreateCountingSemaphoreStatic      0x080062d1   Thumb Code    34  queue.o(i.xQueueCreateCountingSemaphoreStatic)
    xQueueGenericCreateStatic                0x080062f3   Thumb Code    46  queue.o(i.xQueueGenericCreateStatic)
    xQueueGenericReceive                     0x08006321   Thumb Code   342  queue.o(i.xQueueGenericReceive)
    xQueueGenericReset                       0x0800647d   Thumb Code   122  queue.o(i.xQueueGenericReset)
    xQueueGenericSend                        0x080064fd   Thumb Code   276  queue.o(i.xQueueGenericSend)
    xQueueGenericSendFromISR                 0x08006615   Thumb Code   134  queue.o(i.xQueueGenericSendFromISR)
    xTaskCheckForTimeOut                     0x0800669d   Thumb Code    84  tasks.o(i.xTaskCheckForTimeOut)
    xTaskCreateStatic                        0x080066f9   Thumb Code    78  tasks.o(i.xTaskCreateStatic)
    xTaskIncrementTick                       0x08006749   Thumb Code   238  tasks.o(i.xTaskIncrementTick)
    xTaskPriorityDisinherit                  0x08006865   Thumb Code   122  tasks.o(i.xTaskPriorityDisinherit)
    xTaskRemoveFromEventList                 0x080068e9   Thumb Code   104  tasks.o(i.xTaskRemoveFromEventList)
    xTaskResumeAll                           0x08006969   Thumb Code   196  tasks.o(i.xTaskResumeAll)
    u8g2_font_emoticons21_tr                 0x08006a5c   Data        1133  u8g2_fonts.o(.constdata)
    u8g2_font_8x13O_mf                       0x08006ec9   Data        3069  u8g2_fonts.o(.constdata)
    u8g2_font_streamline_all_t               0x08007ac6   Data       40861  u8g2_fonts.o(.constdata)
    u8g2_font_streamline_building_real_estate_t 0x08011a63   Data        1434  u8g2_fonts.o(.constdata)
    u8g2_font_streamline_business_t          0x08011ffd   Data        1847  u8g2_fonts.o(.constdata)
    u8g2_cb_r0                               0x08012734   Data          12  u8g2_setup.o(.constdata)
    u8g2_cb_r1                               0x08012740   Data          12  u8g2_setup.o(.constdata)
    u8g2_cb_r2                               0x0801274c   Data          12  u8g2_setup.o(.constdata)
    u8g2_cb_r3                               0x08012758   Data          12  u8g2_setup.o(.constdata)
    u8g2_cb_mirror                           0x08012764   Data          12  u8g2_setup.o(.constdata)
    u8g2_cb_mirror_vertical                  0x08012770   Data          12  u8g2_setup.o(.constdata)
    Region$$Table$$Base                      0x080128d4   Number         0  anon$$obj.o(Region$$Table)
    Region$$Table$$Limit                     0x080128f4   Number         0  anon$$obj.o(Region$$Table)
    ReplaceVStorageArea                      0x20000034   Data           2  main.o(.data)
    wirelessCommandStorageArea               0x20000036   Data           7  main.o(.data)
    lVelocity                                0x20000040   Data           4  main.o(.data)
    rVelocity                                0x20000044   Data           4  main.o(.data)
    lPWMVal                                  0x20000048   Data           1  main.o(.data)
    rPWMVal                                  0x20000049   Data           1  main.o(.data)
    lTargetV                                 0x2000004a   Data           1  main.o(.data)
    rTargetV                                 0x2000004b   Data           1  main.o(.data)
    lTime                                    0x2000004c   Data           2  main.o(.data)
    rTime                                    0x2000004e   Data           2  main.o(.data)
    carMode                                  0x20000050   Data           1  main.o(.data)
    exti1WaitTime                            0x20000051   Data           1  main.o(.data)
    metalDiscoveryFlag                       0x20000052   Data           1  main.o(.data)
    coinCounter                              0x20000053   Data           1  main.o(.data)
    carState                                 0x20000054   Data           1  main.o(.data)
    trackingFlag                             0x20000055   Data           1  main.o(.data)
    v1                                       0x20000056   Data           2  main.o(.data)
    v2                                       0x20000058   Data           2  main.o(.data)
    v3                                       0x2000005a   Data           2  main.o(.data)
    v4                                       0x2000005c   Data           2  main.o(.data)
    pwmerr                                   0x2000005e   Data           1  main.o(.data)
    lV                                       0x2000005f   Data           1  main.o(.data)
    rV                                       0x20000060   Data           1  main.o(.data)
    runRoad                                  0x20000061   Data           1  main.o(.data)
    CHANGEROADTIME_MAX                       0x20000062   Data           2  main.o(.data)
    changeRoadTime                           0x20000064   Data           2  main.o(.data)
    AckFlag                                  0x20000066   Data           1  main.o(.data)
    runTime                                  0x20000068   Data           8  main.o(.data)
    runTimeEF                                0x20000070   Data           1  main.o(.data)
    speedUpTime                              0x20000072   Data           2  main.o(.data)
    speedUpTimeEF                            0x20000074   Data           1  main.o(.data)
    keyCD                                    0x20000075   Data           1  main.o(.data)
    TIM1CH1_CAPTURE_STA                      0x20000076   Data           2  main.o(.data)
    distance                                 0x20000078   Data           4  main.o(.data)
    distanceWarningFlag                      0x2000007c   Data           1  main.o(.data)
    followDistance                           0x20000080   Data           4  main.o(.data)
    lightFlag                                0x20000084   Data           1  main.o(.data)
    filterNum                                0x20000088   Data           4  main.o(.data)
    __stdout                                 0x20000094   Data           4  usart.o(.data)
    USART1_RX_STA                            0x20000098   Data           2  usart.o(.data)
    usart1RXTime                             0x2000009a   Data           1  usart.o(.data)
    USART2_RX_STA                            0x2000009c   Data           2  usart.o(.data)
    usart2RXTime                             0x2000009e   Data           1  usart.o(.data)
    pxCurrentTCB                             0x200000d0   Data           4  tasks.o(.data)
    __microlib_freelist                      0x20000114   Data           4  mvars.o(.data)
    __microlib_freelist_initialised          0x20000118   Data           4  mvars.o(.data)
    USART1_RX_BUF                            0x200023f8   Data         200  usart.o(.bss)
    USART2_RX_BUF                            0x200024c0   Data         200  usart.o(.bss)
    __heap_base                              0x20002a50   Data           0  startup_stm32f10x_md.o(HEAP)
    __heap_limit                             0x20002c50   Data           0  startup_stm32f10x_md.o(HEAP)
    __initial_sp                             0x20003c50   Data           0  startup_stm32f10x_md.o(STACK)



==============================================================================

Memory Map of the image

  Image Entry point : 0x0800019d

  Load Region LR_1 (Base: 0x08000000, Size: 0x00012a10, Max: 0xffffffff, ABSOLUTE)

    Execution Region ER_RO (Exec base: 0x08000000, Load base: 0x08000000, Size: 0x000128f4, Max: 0xffffffff, ABSOLUTE)

    Exec Addr    Load Addr    Size         Type   Attr      Idx    E Section Name        Object

    0x08000000   0x08000000   0x000000ec   Data   RO         1002    RESET               startup_stm32f10x_md.o
    0x080000ec   0x080000ec   0x00000000   Code   RO         5842  * .ARM.Collect$$$$00000000  mc_w.l(entry.o)
    0x080000ec   0x080000ec   0x00000004   Code   RO         6166    .ARM.Collect$$$$00000001  mc_w.l(entry2.o)
    0x080000f0   0x080000f0   0x00000004   Code   RO         6169    .ARM.Collect$$$$00000004  mc_w.l(entry5.o)
    0x080000f4   0x080000f4   0x00000000   Code   RO         6171    .ARM.Collect$$$$00000008  mc_w.l(entry7b.o)
    0x080000f4   0x080000f4   0x00000000   Code   RO         6173    .ARM.Collect$$$$0000000A  mc_w.l(entry8b.o)
    0x080000f4   0x080000f4   0x00000008   Code   RO         6174    .ARM.Collect$$$$0000000B  mc_w.l(entry9a.o)
    0x080000fc   0x080000fc   0x00000004   Code   RO         6181    .ARM.Collect$$$$0000000E  mc_w.l(entry12b.o)
    0x08000100   0x08000100   0x00000000   Code   RO         6176    .ARM.Collect$$$$0000000F  mc_w.l(entry10a.o)
    0x08000100   0x08000100   0x00000000   Code   RO         6178    .ARM.Collect$$$$00000011  mc_w.l(entry11a.o)
    0x08000100   0x08000100   0x00000004   Code   RO         6167    .ARM.Collect$$$$00002712  mc_w.l(entry2.o)
    0x08000104   0x08000104   0x00000096   Code   RO         2470    .emb_text           port.o
    0x0800019a   0x0800019a   0x00000002   PAD
    0x0800019c   0x0800019c   0x00000024   Code   RO         1003  * .text               startup_stm32f10x_md.o
    0x080001c0   0x080001c0   0x00000062   Code   RO         5845    .text               mc_w.l(uldiv.o)
    0x08000222   0x08000222   0x00000024   Code   RO         5847    .text               mc_w.l(memcpya.o)
    0x08000246   0x08000246   0x00000024   Code   RO         5849    .text               mc_w.l(memseta.o)
    0x0800026a   0x0800026a   0x000000b0   Code   RO         6142    .text               mf_w.l(fadd.o)
    0x0800031a   0x0800031a   0x00000064   Code   RO         6144    .text               mf_w.l(fmul.o)
    0x0800037e   0x0800037e   0x0000007c   Code   RO         6146    .text               mf_w.l(fdiv.o)
    0x080003fa   0x080003fa   0x000000e4   Code   RO         6148    .text               mf_w.l(dmul.o)
    0x080004de   0x080004de   0x000000de   Code   RO         6150    .text               mf_w.l(ddiv.o)
    0x080005bc   0x080005bc   0x00000012   Code   RO         6152    .text               mf_w.l(fflti.o)
    0x080005ce   0x080005ce   0x0000001a   Code   RO         6154    .text               mf_w.l(dfltui.o)
    0x080005e8   0x080005e8   0x00000032   Code   RO         6156    .text               mf_w.l(ffixi.o)
    0x0800061a   0x0800061a   0x00000026   Code   RO         6158    .text               mf_w.l(f2d.o)
    0x08000640   0x08000640   0x00000038   Code   RO         6160    .text               mf_w.l(d2f.o)
    0x08000678   0x08000678   0x00000014   Code   RO         6162    .text               mf_w.l(cfcmple.o)
    0x0800068c   0x0800068c   0x00000014   Code   RO         6164    .text               mf_w.l(cfrcmple.o)
    0x080006a0   0x080006a0   0x0000002c   Code   RO         6182    .text               mc_w.l(uidiv.o)
    0x080006cc   0x080006cc   0x0000001e   Code   RO         6184    .text               mc_w.l(llshl.o)
    0x080006ea   0x080006ea   0x00000020   Code   RO         6186    .text               mc_w.l(llushr.o)
    0x0800070a   0x0800070a   0x00000000   Code   RO         6190    .text               mc_w.l(iusefp.o)
    0x0800070a   0x0800070a   0x0000006e   Code   RO         6191    .text               mf_w.l(fepilogue.o)
    0x08000778   0x08000778   0x000000ba   Code   RO         6193    .text               mf_w.l(depilogue.o)
    0x08000832   0x08000832   0x0000014e   Code   RO         6195    .text               mf_w.l(dadd.o)
    0x08000980   0x08000980   0x00000030   Code   RO         6197    .text               mf_w.l(dfixul.o)
    0x080009b0   0x080009b0   0x00000030   Code   RO         6199    .text               mf_w.l(cdrcmple.o)
    0x080009e0   0x080009e0   0x00000024   Code   RO         6201    .text               mc_w.l(init.o)
    0x08000a04   0x08000a04   0x00000024   Code   RO         6203    .text               mc_w.l(llsshr.o)
    0x08000a28   0x08000a28   0x00000308   Code   RO            1    i.AnalyseCommand_Task  main.o
    0x08000d30   0x08000d30   0x00000684   Code   RO            2    i.AppTaskCreate     main.o
    0x080013b4   0x080013b4   0x00000034   Code   RO          822    i.BEEP_Init         beep.o
    0x080013e8   0x080013e8   0x00000028   Code   RO          531    i.Back              motor.o
    0x08001410   0x08001410   0x00000004   Code   RO          302    i.BusFault_Handler  stm32f10x_it.o
    0x08001414   0x08001414   0x00000002   Code   RO          303    i.DebugMon_Handler  stm32f10x_it.o
    0x08001416   0x08001416   0x00000036   Code   RO            3    i.Filter            main.o
    0x0800144c   0x0800144c   0x00000116   Code   RO         1049    i.GPIO_Init         stm32f10x_gpio.o
    0x08001562   0x08001562   0x00000012   Code   RO         1053    i.GPIO_ReadInputDataBit  stm32f10x_gpio.o
    0x08001574   0x08001574   0x00000004   Code   RO         1056    i.GPIO_ResetBits    stm32f10x_gpio.o
    0x08001578   0x08001578   0x00000004   Code   RO         1057    i.GPIO_SetBits      stm32f10x_gpio.o
    0x0800157c   0x0800157c   0x00000028   Code   RO          532    i.Go                motor.o
    0x080015a4   0x080015a4   0x00000040   Code   RO          882    i.HC_SR04_Init      hc_sr04.o
    0x080015e4   0x080015e4   0x00000004   Code   RO          304    i.HardFault_Handler  stm32f10x_it.o
    0x080015e8   0x080015e8   0x0000002a   Code   RO         2154    i.I2C_CheckEvent    stm32f10x_i2c.o
    0x08001612   0x08001612   0x00000018   Code   RO         2157    i.I2C_Cmd           stm32f10x_i2c.o
    0x0800162a   0x0800162a   0x00000018   Code   RO         2164    i.I2C_GenerateSTART  stm32f10x_i2c.o
    0x08001642   0x08001642   0x00000018   Code   RO         2165    i.I2C_GenerateSTOP  stm32f10x_i2c.o
    0x0800165a   0x0800165a   0x00000002   PAD
    0x0800165c   0x0800165c   0x000000ec   Code   RO         2171    i.I2C_Init          stm32f10x_i2c.o
    0x08001748   0x08001748   0x00000012   Code   RO         2178    i.I2C_Send7bitAddress  stm32f10x_i2c.o
    0x0800175a   0x0800175a   0x00000004   Code   RO         2179    i.I2C_SendData      stm32f10x_i2c.o
    0x0800175e   0x0800175e   0x00000002   PAD
    0x08001760   0x08001760   0x00000074   Code   RO          774    i.IIC_Init          iic_hard.o
    0x080017d4   0x080017d4   0x00000044   Code   RO          775    i.IIC_Send_Address_Write  iic_hard.o
    0x08001818   0x08001818   0x00000044   Code   RO          776    i.IIC_Send_Byte     iic_hard.o
    0x0800185c   0x0800185c   0x00000040   Code   RO          777    i.IIC_Start         iic_hard.o
    0x0800189c   0x0800189c   0x00000010   Code   RO          778    i.IIC_Stop          iic_hard.o
    0x080018ac   0x080018ac   0x00000038   Code   RO          425    i.LED1_Init         led.o
    0x080018e4   0x080018e4   0x0000000c   Code   RO          426    i.LED_Init          led.o
    0x080018f0   0x080018f0   0x00000038   Code   RO            4    i.LED_Task          main.o
    0x08001928   0x08001928   0x0000018c   Code   RO            5    i.ListeningSensors_Task  main.o
    0x08001ab4   0x08001ab4   0x00000016   Code   RO          533    i.MTS_Init          motor.o
    0x08001aca   0x08001aca   0x00000002   PAD
    0x08001acc   0x08001acc   0x0000009c   Code   RO          534    i.MT_DirctionIO_Init  motor.o
    0x08001b68   0x08001b68   0x00000004   Code   RO          305    i.MemManage_Handler  stm32f10x_it.o
    0x08001b6c   0x08001b6c   0x000000e0   Code   RO            6    i.MetalDetection_Task  main.o
    0x08001c4c   0x08001c4c   0x00000024   Code   RO          810    i.Metal_Detection_Init  metal_detection.o
    0x08001c70   0x08001c70   0x00000002   Code   RO          306    i.NMI_Handler       stm32f10x_it.o
    0x08001c72   0x08001c72   0x00000002   PAD
    0x08001c74   0x08001c74   0x00000070   Code   RO         1007    i.NVIC_Init         misc.o
    0x08001ce4   0x08001ce4   0x00000014   Code   RO         1008    i.NVIC_PriorityGroupConfig  misc.o
    0x08001cf8   0x08001cf8   0x000001c8   Code   RO            7    i.OLEDShowing_Task  main.o
    0x08001ec0   0x08001ec0   0x000000c4   Code   RO         2442    i.PID_Position      pid.o
    0x08001f84   0x08001f84   0x00000034   Code   RO         2443    i.PID_Position_Create  pid.o
    0x08001fb8   0x08001fb8   0x00000020   Code   RO         1183    i.RCC_APB1PeriphClockCmd  stm32f10x_rcc.o
    0x08001fd8   0x08001fd8   0x00000020   Code   RO         1185    i.RCC_APB2PeriphClockCmd  stm32f10x_rcc.o
    0x08001ff8   0x08001ff8   0x000000d4   Code   RO         1193    i.RCC_GetClocksFreq  stm32f10x_rcc.o
    0x080020cc   0x080020cc   0x000003dc   Code   RO            8    i.Run_Task          main.o
    0x080024a8   0x080024a8   0x00000008   Code   RO          391    i.SetSysClock       system_stm32f10x.o
    0x080024b0   0x080024b0   0x000000e0   Code   RO          392    i.SetSysClockTo72   system_stm32f10x.o
    0x08002590   0x08002590   0x00000048   Code   RO            9    i.Setup             main.o
    0x080025d8   0x080025d8   0x00000008   Code   RO          307    i.SysTick_Handler   stm32f10x_it.o
    0x080025e0   0x080025e0   0x00000060   Code   RO          394    i.SystemInit        system_stm32f10x.o
    0x08002640   0x08002640   0x00000080   Code   RO         1603    i.TI1_Config        stm32f10x_tim.o
    0x080026c0   0x080026c0   0x00000098   Code   RO         1604    i.TI2_Config        stm32f10x_tim.o
    0x08002758   0x08002758   0x00000090   Code   RO         1605    i.TI3_Config        stm32f10x_tim.o
    0x080027e8   0x080027e8   0x00000098   Code   RO         1606    i.TI4_Config        stm32f10x_tim.o
    0x08002880   0x08002880   0x0000006c   Code   RO           10    i.TIM1_CC_IRQHandler  main.o
    0x080028ec   0x080028ec   0x000000dc   Code   RO          479    i.TIM1_Init         timer.o
    0x080029c8   0x080029c8   0x0000028c   Code   RO           11    i.TIM1_UP_IRQHandler  main.o
    0x08002c54   0x08002c54   0x000000bc   Code   RO          481    i.TIM3_PWM_Init     timer.o
    0x08002d10   0x08002d10   0x00000018   Code   RO         1607    i.TIM_ARRPreloadConfig  stm32f10x_tim.o
    0x08002d28   0x08002d28   0x00000006   Code   RO         1613    i.TIM_ClearFlag     stm32f10x_tim.o
    0x08002d2e   0x08002d2e   0x00000006   Code   RO         1614    i.TIM_ClearITPendingBit  stm32f10x_tim.o
    0x08002d34   0x08002d34   0x00000018   Code   RO         1619    i.TIM_Cmd           stm32f10x_tim.o
    0x08002d4c   0x08002d4c   0x00000022   Code   RO         1640    i.TIM_GetITStatus   stm32f10x_tim.o
    0x08002d6e   0x08002d6e   0x00000002   PAD
    0x08002d70   0x08002d70   0x000000ac   Code   RO         1642    i.TIM_ICInit        stm32f10x_tim.o
    0x08002e1c   0x08002e1c   0x00000012   Code   RO         1644    i.TIM_ITConfig      stm32f10x_tim.o
    0x08002e2e   0x08002e2e   0x00000002   PAD
    0x08002e30   0x08002e30   0x00000098   Code   RO         1648    i.TIM_OC1Init       stm32f10x_tim.o
    0x08002ec8   0x08002ec8   0x00000012   Code   RO         1650    i.TIM_OC1PolarityConfig  stm32f10x_tim.o
    0x08002eda   0x08002eda   0x00000012   Code   RO         1651    i.TIM_OC1PreloadConfig  stm32f10x_tim.o
    0x08002eec   0x08002eec   0x000000a4   Code   RO         1653    i.TIM_OC2Init       stm32f10x_tim.o
    0x08002f90   0x08002f90   0x0000001a   Code   RO         1656    i.TIM_OC2PreloadConfig  stm32f10x_tim.o
    0x08002faa   0x08002faa   0x00000004   Code   RO         1680    i.TIM_SetCompare1   stm32f10x_tim.o
    0x08002fae   0x08002fae   0x00000004   Code   RO         1681    i.TIM_SetCompare2   stm32f10x_tim.o
    0x08002fb2   0x08002fb2   0x00000004   Code   RO         1684    i.TIM_SetCounter    stm32f10x_tim.o
    0x08002fb6   0x08002fb6   0x00000012   Code   RO         1685    i.TIM_SetIC1Prescaler  stm32f10x_tim.o
    0x08002fc8   0x08002fc8   0x0000001a   Code   RO         1686    i.TIM_SetIC2Prescaler  stm32f10x_tim.o
    0x08002fe2   0x08002fe2   0x00000012   Code   RO         1687    i.TIM_SetIC3Prescaler  stm32f10x_tim.o
    0x08002ff4   0x08002ff4   0x0000001a   Code   RO         1688    i.TIM_SetIC4Prescaler  stm32f10x_tim.o
    0x0800300e   0x0800300e   0x00000002   PAD
    0x08003010   0x08003010   0x000000a4   Code   RO         1690    i.TIM_TimeBaseInit  stm32f10x_tim.o
    0x080030b4   0x080030b4   0x00000038   Code   RO          428    i.TestLED_Init      led.o
    0x080030ec   0x080030ec   0x00000050   Code   RO           12    i.USART1_IRQHandler  main.o
    0x0800313c   0x0800313c   0x000000ac   Code   RO          949    i.USART1_Init       usart.o
    0x080031e8   0x080031e8   0x00000050   Code   RO           13    i.USART2_IRQHandler  main.o
    0x08003238   0x08003238   0x000000ac   Code   RO          950    i.USART2_Init       usart.o
    0x080032e4   0x080032e4   0x00000012   Code   RO         1381    i.USART_ClearFlag   stm32f10x_usart.o
    0x080032f6   0x080032f6   0x00000018   Code   RO         1385    i.USART_Cmd         stm32f10x_usart.o
    0x0800330e   0x0800330e   0x00000054   Code   RO         1389    i.USART_GetITStatus  stm32f10x_usart.o
    0x08003362   0x08003362   0x0000004a   Code   RO         1391    i.USART_ITConfig    stm32f10x_usart.o
    0x080033ac   0x080033ac   0x000000d8   Code   RO         1392    i.USART_Init        stm32f10x_usart.o
    0x08003484   0x08003484   0x0000000a   Code   RO         1399    i.USART_ReceiveData  stm32f10x_usart.o
    0x0800348e   0x0800348e   0x00000004   Code   RO          308    i.UsageFault_Handler  stm32f10x_it.o
    0x08003492   0x08003492   0x00000002   PAD
    0x08003494   0x08003494   0x00000020   Code   RO         6086    i.__0printf         mc_w.l(printfa.o)
    0x080034b4   0x080034b4   0x00000028   Code   RO         6088    i.__0sprintf        mc_w.l(printfa.o)
    0x080034dc   0x080034dc   0x0000000e   Code   RO         6207    i.__scatterload_copy  mc_w.l(handlers.o)
    0x080034ea   0x080034ea   0x00000002   Code   RO         6208    i.__scatterload_null  mc_w.l(handlers.o)
    0x080034ec   0x080034ec   0x0000000e   Code   RO         6209    i.__scatterload_zeroinit  mc_w.l(handlers.o)
    0x080034fa   0x080034fa   0x00000002   PAD
    0x080034fc   0x080034fc   0x00000184   Code   RO         6093    i._fp_digits        mc_w.l(printfa.o)
    0x08003680   0x08003680   0x000006b4   Code   RO         6094    i._printf_core      mc_w.l(printfa.o)
    0x08003d34   0x08003d34   0x00000024   Code   RO         6095    i._printf_post_padding  mc_w.l(printfa.o)
    0x08003d58   0x08003d58   0x0000002e   Code   RO         6096    i._printf_pre_padding  mc_w.l(printfa.o)
    0x08003d86   0x08003d86   0x0000000a   Code   RO         6098    i._sputc            mc_w.l(printfa.o)
    0x08003d90   0x08003d90   0x00000024   Code   RO          561    i.dSensorL_Init     vsensor.o
    0x08003db4   0x08003db4   0x00000024   Code   RO          562    i.dSensorR_Init     vsensor.o
    0x08003dd8   0x08003dd8   0x0000000c   Code   RO          563    i.dSensors_Init     vsensor.o
    0x08003de4   0x08003de4   0x0000001c   Code   RO          952    i.fputc             usart.o
    0x08003e00   0x08003e00   0x000000cc   Code   RO           14    i.lCalcVelocity_Task  main.o
    0x08003ecc   0x08003ecc   0x00000078   Code   RO           15    i.main              main.o
    0x08003f44   0x08003f44   0x0000006c   Code   RO         6115    i.malloc            mc_w.l(malloc.o)
    0x08003fb0   0x08003fb0   0x00000098   Code   RO         2883    i.prvAddCurrentTaskToDelayedList  tasks.o
    0x08004048   0x08004048   0x000000b4   Code   RO         2884    i.prvAddNewTaskToReadyList  tasks.o
    0x080040fc   0x080040fc   0x00000064   Code   RO         2885    i.prvCheckTasksWaitingTermination  tasks.o
    0x08004160   0x08004160   0x0000002a   Code   RO         2724    i.prvCopyDataFromQueue  queue.o
    0x0800418a   0x0800418a   0x0000007c   Code   RO         2725    i.prvCopyDataToQueue  queue.o
    0x08004206   0x08004206   0x00000028   Code   RO         2886    i.prvDeleteTCB      tasks.o
    0x0800422e   0x0800422e   0x00000002   PAD
    0x08004230   0x08004230   0x00000028   Code   RO         2887    i.prvIdleTask       tasks.o
    0x08004258   0x08004258   0x00000026   Code   RO         2727    i.prvInitialiseNewQueue  queue.o
    0x0800427e   0x0800427e   0x00000086   Code   RO         2888    i.prvInitialiseNewTask  tasks.o
    0x08004304   0x08004304   0x00000068   Code   RO         2889    i.prvInitialiseTaskLists  tasks.o
    0x0800436c   0x0800436c   0x00000068   Code   RO         2542    i.prvInsertBlockIntoFreeList  heap_4.o
    0x080043d4   0x080043d4   0x0000001a   Code   RO         2728    i.prvIsQueueEmpty   queue.o
    0x080043ee   0x080043ee   0x0000001e   Code   RO         2729    i.prvIsQueueFull    queue.o
    0x0800440c   0x0800440c   0x00000034   Code   RO         2890    i.prvResetNextTaskUnblockTime  tasks.o
    0x08004440   0x08004440   0x00000016   Code   RO         2471    i.prvTaskExitError  port.o
    0x08004456   0x08004456   0x00000002   PAD
    0x08004458   0x08004458   0x00000040   Code   RO         2891    i.prvTaskIsTaskSuspended  tasks.o
    0x08004498   0x08004498   0x0000007e   Code   RO         2730    i.prvUnlockQueue    queue.o
    0x08004516   0x08004516   0x00000002   PAD
    0x08004518   0x08004518   0x00000020   Code   RO         2892    i.pvTaskIncrementMutexHeldCount  tasks.o
    0x08004538   0x08004538   0x00000024   Code   RO         2472    i.pxPortInitialiseStack  port.o
    0x0800455c   0x0800455c   0x000000c8   Code   RO           16    i.rCalcVelocity_Task  main.o
    0x08004624   0x08004624   0x00000028   Code   RO          834    i.track_Init        track.o
    0x0800464c   0x0800464c   0x0000001a   Code   RO         3892    i.u8g2_ClearBuffer  u8g2_buffer.o
    0x08004666   0x08004666   0x00000062   Code   RO         4101    i.u8g2_DrawGlyph    u8g2_font.o
    0x080046c8   0x080046c8   0x0000002a   Code   RO         4102    i.u8g2_DrawGlyphX2  u8g2_font.o
    0x080046f2   0x080046f2   0x000000dc   Code   RO         4439    i.u8g2_DrawHVLine   u8g2_hvline.o
    0x080047ce   0x080047ce   0x00000002   PAD
    0x080047d0   0x080047d0   0x00000024   Code   RO         4103    i.u8g2_DrawStr      u8g2_font.o
    0x080047f4   0x080047f4   0x0000003a   Code   RO         4500    i.u8g2_IsIntersection  u8g2_intersection.o
    0x0800482e   0x0800482e   0x00000012   Code   RO         3895    i.u8g2_SendBuffer   u8g2_buffer.o
    0x08004840   0x08004840   0x00000020   Code   RO         4120    i.u8g2_SetFont      u8g2_font.o
    0x08004860   0x08004860   0x0000000c   Code   RO         4123    i.u8g2_SetFontPosBaseline  u8g2_font.o
    0x0800486c   0x0800486c   0x00000020   Code   RO         4715    i.u8g2_SetMaxClipWindow  u8g2_setup.o
    0x0800488c   0x0800488c   0x0000005a   Code   RO         4716    i.u8g2_SetupBuffer  u8g2_setup.o
    0x080048e6   0x080048e6   0x00000002   PAD
    0x080048e8   0x080048e8   0x00000044   Code   RO         4087    i.u8g2_Setup_ssd1306_i2c_128x64_noname_f  u8g2_d_setup.o
    0x0800492c   0x0800492c   0x00000088   Code   RO         4130    i.u8g2_UpdateRefHeight  u8g2_font.o
    0x080049b4   0x080049b4   0x0000002a   Code   RO         4131    i.u8g2_add_vector_x  u8g2_font.o
    0x080049de   0x080049de   0x0000002a   Code   RO         4132    i.u8g2_add_vector_y  u8g2_font.o
    0x08004a08   0x08004a08   0x0000007a   Code   RO         4718    i.u8g2_apply_clip_window  u8g2_setup.o
    0x08004a82   0x08004a82   0x0000004c   Code   RO         4443    i.u8g2_clip_intersection2  u8g2_hvline.o
    0x08004ace   0x08004ace   0x0000002c   Code   RO         4444    i.u8g2_draw_hv_line_2dir  u8g2_hvline.o
    0x08004afa   0x08004afa   0x0000003c   Code   RO         4719    i.u8g2_draw_l90_mirrorr_r0  u8g2_setup.o
    0x08004b36   0x08004b36   0x00000024   Code   RO         4720    i.u8g2_draw_l90_r0  u8g2_setup.o
    0x08004b5a   0x08004b5a   0x00000044   Code   RO         4721    i.u8g2_draw_l90_r1  u8g2_setup.o
    0x08004b9e   0x08004b9e   0x00000056   Code   RO         4722    i.u8g2_draw_l90_r2  u8g2_setup.o
    0x08004bf4   0x08004bf4   0x00000050   Code   RO         4723    i.u8g2_draw_l90_r3  u8g2_setup.o
    0x08004c44   0x08004c44   0x0000003c   Code   RO         4724    i.u8g2_draw_mirror_vertical_r0  u8g2_setup.o
    0x08004c80   0x08004c80   0x00000090   Code   RO         4133    i.u8g2_draw_string  u8g2_font.o
    0x08004d10   0x08004d10   0x000000f2   Code   RO         4135    i.u8g2_font_2x_decode_glyph  u8g2_font.o
    0x08004e02   0x08004e02   0x000000d4   Code   RO         4136    i.u8g2_font_2x_decode_len  u8g2_font.o
    0x08004ed6   0x08004ed6   0x0000003a   Code   RO         4137    i.u8g2_font_2x_draw_glyph  u8g2_font.o
    0x08004f10   0x08004f10   0x00000006   Code   RO         4140    i.u8g2_font_calc_vref_font  u8g2_font.o
    0x08004f16   0x08004f16   0x00000024   Code   RO         4142    i.u8g2_font_decode_get_signed_bits  u8g2_font.o
    0x08004f3a   0x08004f3a   0x00000042   Code   RO         4143    i.u8g2_font_decode_get_unsigned_bits  u8g2_font.o
    0x08004f7c   0x08004f7c   0x00000182   Code   RO         4144    i.u8g2_font_decode_glyph  u8g2_font.o
    0x080050fe   0x080050fe   0x000000b0   Code   RO         4145    i.u8g2_font_decode_len  u8g2_font.o
    0x080051ae   0x080051ae   0x0000003a   Code   RO         4146    i.u8g2_font_draw_glyph  u8g2_font.o
    0x080051e8   0x080051e8   0x00000008   Code   RO         4147    i.u8g2_font_get_byte  u8g2_font.o
    0x080051f0   0x080051f0   0x00000092   Code   RO         4148    i.u8g2_font_get_glyph_data  u8g2_font.o
    0x08005282   0x08005282   0x00000018   Code   RO         4149    i.u8g2_font_get_word  u8g2_font.o
    0x0800529a   0x0800529a   0x00000040   Code   RO         4150    i.u8g2_font_setup_decode  u8g2_font.o
    0x080052da   0x080052da   0x00000030   Code   RO         4501    i.u8g2_is_intersection_decision_tree  u8g2_intersection.o
    0x0800530a   0x0800530a   0x000000ee   Code   RO         4549    i.u8g2_ll_hvline_vertical_top_lsb  u8g2_ll_hvline.o
    0x080053f8   0x080053f8   0x00000010   Code   RO         4074    i.u8g2_m_16_8_f     u8g2_d_memory.o
    0x08005408   0x08005408   0x000000e0   Code   RO         4152    i.u8g2_read_font_info  u8g2_font.o
    0x080054e8   0x080054e8   0x00000036   Code   RO         3903    i.u8g2_send_buffer  u8g2_buffer.o
    0x0800551e   0x0800551e   0x00000036   Code   RO         3904    i.u8g2_send_tile_row  u8g2_buffer.o
    0x08005554   0x08005554   0x00000060   Code   RO         4725    i.u8g2_update_dimension_common  u8g2_setup.o
    0x080055b4   0x080055b4   0x0000000c   Code   RO         4726    i.u8g2_update_dimension_r0  u8g2_setup.o
    0x080055c0   0x080055c0   0x0000001c   Code   RO         4727    i.u8g2_update_dimension_r1  u8g2_setup.o
    0x080055dc   0x080055dc   0x0000000c   Code   RO         4728    i.u8g2_update_dimension_r2  u8g2_setup.o
    0x080055e8   0x080055e8   0x0000001c   Code   RO         4729    i.u8g2_update_dimension_r3  u8g2_setup.o
    0x08005604   0x08005604   0x00000020   Code   RO         4730    i.u8g2_update_page_win_r0  u8g2_setup.o
    0x08005624   0x08005624   0x00000020   Code   RO         4731    i.u8g2_update_page_win_r1  u8g2_setup.o
    0x08005644   0x08005644   0x0000003c   Code   RO         4732    i.u8g2_update_page_win_r2  u8g2_setup.o
    0x08005680   0x08005680   0x0000003c   Code   RO         4733    i.u8g2_update_page_win_r3  u8g2_setup.o
    0x080056bc   0x080056bc   0x00000032   Code   RO         5550    i.u8x8_DrawTile     u8x8_display.o
    0x080056ee   0x080056ee   0x00000012   Code   RO         5552    i.u8x8_InitDisplay  u8x8_display.o
    0x08005700   0x08005700   0x00000012   Code   RO         5554    i.u8x8_RefreshDisplay  u8x8_display.o
    0x08005712   0x08005712   0x00000014   Code   RO         5557    i.u8x8_SetPowerSave  u8x8_display.o
    0x08005726   0x08005726   0x0000002a   Code   RO         5728    i.u8x8_Setup        u8x8_setup.o
    0x08005750   0x08005750   0x0000002c   Code   RO         5729    i.u8x8_SetupDefaults  u8x8_setup.o
    0x0800577c   0x0800577c   0x00000012   Code   RO         5558    i.u8x8_SetupMemory  u8x8_display.o
    0x0800578e   0x0800578e   0x00000012   Code   RO         5017    i.u8x8_ascii_next   u8x8_8x8.o
    0x080057a0   0x080057a0   0x00000012   Code   RO         5152    i.u8x8_byte_EndTransfer  u8x8_byte.o
    0x080057b2   0x080057b2   0x00000010   Code   RO         5153    i.u8x8_byte_SendByte  u8x8_byte.o
    0x080057c2   0x080057c2   0x0000001a   Code   RO         5154    i.u8x8_byte_SendBytes  u8x8_byte.o
    0x080057dc   0x080057dc   0x00000012   Code   RO         5156    i.u8x8_byte_StartTransfer  u8x8_byte.o
    0x080057ee   0x080057ee   0x00000002   PAD
    0x080057f0   0x080057f0   0x00000094   Code   RO          686    i.u8x8_byte_hw_i2c  oled.o
    0x08005884   0x08005884   0x00000012   Code   RO         5288    i.u8x8_cad_EndTransfer  u8x8_cad.o
    0x08005896   0x08005896   0x00000014   Code   RO         5289    i.u8x8_cad_SendArg  u8x8_cad.o
    0x080058aa   0x080058aa   0x00000014   Code   RO         5290    i.u8x8_cad_SendCmd  u8x8_cad.o
    0x080058be   0x080058be   0x0000001a   Code   RO         5291    i.u8x8_cad_SendData  u8x8_cad.o
    0x080058d8   0x080058d8   0x0000007c   Code   RO         5293    i.u8x8_cad_SendSequence  u8x8_cad.o
    0x08005954   0x08005954   0x00000012   Code   RO         5294    i.u8x8_cad_StartTransfer  u8x8_cad.o
    0x08005966   0x08005966   0x00000002   PAD
    0x08005968   0x08005968   0x000000d4   Code   RO         5297    i.u8x8_cad_ssd13xx_fast_i2c  u8x8_cad.o
    0x08005a3c   0x08005a3c   0x00000060   Code   RO         5559    i.u8x8_d_helper_display_init  u8x8_display.o
    0x08005a9c   0x08005a9c   0x0000000c   Code   RO         5560    i.u8x8_d_helper_display_setup_memory  u8x8_display.o
    0x08005aa8   0x08005aa8   0x00000054   Code   RO         5474    i.u8x8_d_ssd1306_128x64_noname  u8x8_d_ssd1306_128x64_noname.o
    0x08005afc   0x08005afc   0x00000104   Code   RO         5476    i.u8x8_d_ssd1306_sh1106_generic  u8x8_d_ssd1306_128x64_noname.o
    0x08005c00   0x08005c00   0x00000008   Code   RO         5731    i.u8x8_dummy_cb     u8x8_setup.o
    0x08005c08   0x08005c08   0x00000038   Code   RO          687    i.u8x8_gpio_and_delay  oled.o
    0x08005c40   0x08005c40   0x0000001a   Code   RO         5650    i.u8x8_gpio_call    u8x8_gpio.o
    0x08005c5a   0x08005c5a   0x0000002e   Code   RO         5305    i.u8x8_i2c_data_transfer  u8x8_cad.o
    0x08005c88   0x08005c88   0x00000008   Code   RO         5026    i.u8x8_utf8_init    u8x8_8x8.o
    0x08005c90   0x08005c90   0x00000028   Code   RO         2688    i.uxListRemove      list.o
    0x08005cb8   0x08005cb8   0x00000012   Code   RO         2731    i.uxQueueMessagesWaiting  queue.o
    0x08005cca   0x08005cca   0x00000002   PAD
    0x08005ccc   0x08005ccc   0x00000018   Code   RO           17    i.vApplicationGetIdleTaskMemory  main.o
    0x08005ce4   0x08005ce4   0x0000001a   Code   RO         2689    i.vListInitialise   list.o
    0x08005cfe   0x08005cfe   0x00000006   Code   RO         2690    i.vListInitialiseItem  list.o
    0x08005d04   0x08005d04   0x00000034   Code   RO         2691    i.vListInsert       list.o
    0x08005d38   0x08005d38   0x00000018   Code   RO         2692    i.vListInsertEnd    list.o
    0x08005d50   0x08005d50   0x00000024   Code   RO         2474    i.vPortEnterCritical  port.o
    0x08005d74   0x08005d74   0x00000020   Code   RO         2475    i.vPortExitCritical  port.o
    0x08005d94   0x08005d94   0x00000048   Code   RO         2544    i.vPortFree         heap_4.o
    0x08005ddc   0x08005ddc   0x00000014   Code   RO         2476    i.vPortSetupTimerInterrupt  port.o
    0x08005df0   0x08005df0   0x00000024   Code   RO          564    i.vSensorL_Init     vsensor.o
    0x08005e14   0x08005e14   0x00000024   Code   RO          565    i.vSensorR_Init     vsensor.o
    0x08005e38   0x08005e38   0x0000000c   Code   RO          566    i.vSensors_Init     vsensor.o
    0x08005e44   0x08005e44   0x00000034   Code   RO         2898    i.vTaskDelay        tasks.o
    0x08005e78   0x08005e78   0x000000cc   Code   RO         2900    i.vTaskDelete       tasks.o
    0x08005f44   0x08005f44   0x0000000c   Code   RO         2902    i.vTaskMissedYield  tasks.o
    0x08005f50   0x08005f50   0x00000020   Code   RO         2904    i.vTaskPlaceOnEventList  tasks.o
    0x08005f70   0x08005f70   0x000000b0   Code   RO         2906    i.vTaskPriorityInherit  tasks.o
    0x08006020   0x08006020   0x00000078   Code   RO         2908    i.vTaskResume       tasks.o
    0x08006098   0x08006098   0x00000018   Code   RO         2909    i.vTaskSetTimeOutState  tasks.o
    0x080060b0   0x080060b0   0x0000008c   Code   RO         2910    i.vTaskStartScheduler  tasks.o
    0x0800613c   0x0800613c   0x000000bc   Code   RO         2911    i.vTaskSuspend      tasks.o
    0x080061f8   0x080061f8   0x00000010   Code   RO         2912    i.vTaskSuspendAll   tasks.o
    0x08006208   0x08006208   0x00000060   Code   RO         2913    i.vTaskSwitchContext  tasks.o
    0x08006268   0x08006268   0x00000034   Code   RO         2477    i.xPortStartScheduler  port.o
    0x0800629c   0x0800629c   0x00000034   Code   RO         2478    i.xPortSysTickHandler  port.o
    0x080062d0   0x080062d0   0x00000022   Code   RO         2736    i.xQueueCreateCountingSemaphoreStatic  queue.o
    0x080062f2   0x080062f2   0x0000002e   Code   RO         2740    i.xQueueGenericCreateStatic  queue.o
    0x08006320   0x08006320   0x0000015c   Code   RO         2741    i.xQueueGenericReceive  queue.o
    0x0800647c   0x0800647c   0x00000080   Code   RO         2742    i.xQueueGenericReset  queue.o
    0x080064fc   0x080064fc   0x00000118   Code   RO         2743    i.xQueueGenericSend  queue.o
    0x08006614   0x08006614   0x00000086   Code   RO         2744    i.xQueueGenericSendFromISR  queue.o
    0x0800669a   0x0800669a   0x00000002   PAD
    0x0800669c   0x0800669c   0x0000005c   Code   RO         2914    i.xTaskCheckForTimeOut  tasks.o
    0x080066f8   0x080066f8   0x0000004e   Code   RO         2916    i.xTaskCreateStatic  tasks.o
    0x08006746   0x08006746   0x00000002   PAD
    0x08006748   0x08006748   0x0000011c   Code   RO         2922    i.xTaskIncrementTick  tasks.o
    0x08006864   0x08006864   0x00000084   Code   RO         2925    i.xTaskPriorityDisinherit  tasks.o
    0x080068e8   0x080068e8   0x00000080   Code   RO         2926    i.xTaskRemoveFromEventList  tasks.o
    0x08006968   0x08006968   0x000000e8   Code   RO         2928    i.xTaskResumeAll    tasks.o
    0x08006a50   0x08006a50   0x0000000c   Data   RO           20    .constdata          main.o
    0x08006a5c   0x08006a5c   0x0000bcd8   Data   RO         4425    .constdata          u8g2_fonts.o
    0x08012734   0x08012734   0x00000048   Data   RO         4734    .constdata          u8g2_setup.o
    0x0801277c   0x0801277c   0x00000158   Data   RO         5478    .constdata          u8x8_d_ssd1306_128x64_noname.o
    0x080128d4   0x080128d4   0x00000020   Data   RO         6205    Region$$Table       anon$$obj.o


    Execution Region ER_RW (Exec base: 0x20000000, Load base: 0x080128f4, Size: 0x0000011c, Max: 0xffffffff, ABSOLUTE)

    Exec Addr    Load Addr    Size         Type   Attr      Idx    E Section Name        Object

    0x20000000   0x080128f4   0x00000091   Data   RW           21    .data               main.o
    0x20000091   0x08012985   0x00000001   Data   RW          690    .data               oled.o
    0x20000092   0x08012986   0x00000002   PAD
    0x20000094   0x08012988   0x0000000b   Data   RW          954    .data               usart.o
    0x2000009f   0x08012993   0x00000014   Data   RW         1213    .data               stm32f10x_rcc.o
    0x200000b3   0x080129a7   0x00000001   PAD
    0x200000b4   0x080129a8   0x00000004   Data   RW         2479    .data               port.o
    0x200000b8   0x080129ac   0x00000018   Data   RW         2549    .data               heap_4.o
    0x200000d0   0x080129c4   0x0000003c   Data   RW         2931    .data               tasks.o
    0x2000010c   0x08012a00   0x00000006   Data   RW         5307    .data               u8x8_cad.o
    0x20000112   0x08012a06   0x00000002   PAD
    0x20000114   0x08012a08   0x00000004   Data   RW         6188    .data               mc_w.l(mvars.o)
    0x20000118   0x08012a0c   0x00000004   Data   RW         6189    .data               mc_w.l(mvars.o)


    Execution Region ER_ZI (Exec base: 0x2000011c, Load base: 0x08012a10, Size: 0x00003b34, Max: 0xffffffff, ABSOLUTE)

    Exec Addr    Load Addr    Size         Type   Attr      Idx    E Section Name        Object

    0x2000011c        -       0x000022bc   Zero   RW           19    .bss                main.o
    0x200023d8        -       0x00000020   Zero   RW          688    .bss                oled.o
    0x200023f8        -       0x00000190   Zero   RW          953    .bss                usart.o
    0x20002588        -       0x000000c8   Zero   RW         2930    .bss                tasks.o
    0x20002650        -       0x00000400   Zero   RW         4075    .bss                u8g2_d_memory.o
    0x20002a50        -       0x00000200   Zero   RW         1001    HEAP                startup_stm32f10x_md.o
    0x20002c50        -       0x00001000   Zero   RW         1000    STACK               startup_stm32f10x_md.o


==============================================================================

Image component sizes


      Code (inc. data)   RO Data    RW Data    ZI Data      Debug   Object Name

        52          6          0          0          0        480   beep.o
         0          0          0          0          0      15420   event_groups.o
        64          6          0          0          0        503   hc_sr04.o
       176         16          0         24          0       2388   heap_4.o
       332         44          0          0          0       2759   iic_hard.o
       124         12          0          0          0       2882   led.o
       148          0          0          0          0       3146   list.o
      6158       1856         12        145       8892     454397   main.o
        36          4          0          0          0        539   metal_detection.o
       132         22          0          0          0       1499   misc.o
       258         34          0          0          0       1852   motor.o
       204          8          0          1         32       2129   oled.o
       248          0          0          0          0       1765   pid.o
       400         50          0          4          0       9036   port.o
      1374         16          0          0          0      11822   queue.o
        36          8        236          0       4608        784   startup_stm32f10x_md.o
       304          0          0          0          0       3600   stm32f10x_gpio.o
       372         14          0          0          0       5802   stm32f10x_i2c.o
        28          0          0          0          0       2839   stm32f10x_it.o
       276         32          0         20          0       4370   stm32f10x_rcc.o
      1502        180          0          0          0      15149   stm32f10x_tim.o
       426          6          0          0          0       5476   stm32f10x_usart.o
         0          0          0          0          0         32   sys.o
       328         28          0          0          0       1753   system_stm32f10x.o
      2904        434          0         60        200      36559   tasks.o
       408         18          0          0          0       1564   timer.o
        40          6          0          0          0        481   track.o
       152          0          0          0          0       2753   u8g2_buffer.o
        16          6          0          0       1024        840   u8g2_d_memory.o
        68         14          0          0          0       1061   u8g2_d_setup.o
      2290         10          0          0          0      16873   u8g2_font.o
         0          0      48344          0          0        913   u8g2_fonts.o
       340          0          0          0          0       2599   u8g2_hvline.o
       106          0          0          0          0       1511   u8g2_intersection.o
       238          0          0          0          0       1414   u8g2_ll_hvline.o
       994          0         72          0          0     151795   u8g2_setup.o
        26          0          0          0          0       1039   u8x8_8x8.o
        78          0          0          0          0       2577   u8x8_byte.o
       484         10          0          6          0       8132   u8x8_cad.o
       344         26        344          0          0       3135   u8x8_d_ssd1306_128x64_noname.o
       232          0          0          0          0       4298   u8x8_display.o
        26          0          0          0          0        597   u8x8_gpio.o
        94          6          0          0          0       1858   u8x8_setup.o
       372         22          0         11        400       3940   usart.o
       168         16          0          0          0       2900   vsensor.o

    ----------------------------------------------------------------------
     22396       2910      49040        276      15156     797261   Object Totals
         0          0         32          0          0          0   (incl. Generated)
        38          0          0          5          0          0   (incl. Padding)

    ----------------------------------------------------------------------

      Code (inc. data)   RO Data    RW Data    ZI Data      Debug   Library Member Name

         0          0          0          0          0          0   entry.o
         0          0          0          0          0          0   entry10a.o
         0          0          0          0          0          0   entry11a.o
         4          0          0          0          0          0   entry12b.o
         8          4          0          0          0          0   entry2.o
         4          0          0          0          0          0   entry5.o
         0          0          0          0          0          0   entry7b.o
         0          0          0          0          0          0   entry8b.o
         8          4          0          0          0          0   entry9a.o
        30          0          0          0          0          0   handlers.o
        36          8          0          0          0         68   init.o
         0          0          0          0          0          0   iusefp.o
        30          0          0          0          0         68   llshl.o
        36          0          0          0          0         68   llsshr.o
        32          0          0          0          0         68   llushr.o
       108         16          0          0          0         84   malloc.o
        36          0          0          0          0         68   memcpya.o
        36          0          0          0          0        108   memseta.o
         0          0          0          8          0          0   mvars.o
      2268         96          0          0          0        616   printfa.o
        44          0          0          0          0         80   uidiv.o
        98          0          0          0          0         92   uldiv.o
        48          0          0          0          0         68   cdrcmple.o
        20          0          0          0          0         68   cfcmple.o
        20          0          0          0          0         68   cfrcmple.o
        56          0          0          0          0         88   d2f.o
       334          0          0          0          0        148   dadd.o
       222          0          0          0          0        100   ddiv.o
       186          0          0          0          0        176   depilogue.o
        48          0          0          0          0         68   dfixul.o
        26          0          0          0          0         76   dfltui.o
       228          0          0          0          0         96   dmul.o
        38          0          0          0          0         68   f2d.o
       176          0          0          0          0        140   fadd.o
       124          0          0          0          0         88   fdiv.o
       110          0          0          0          0        168   fepilogue.o
        50          0          0          0          0         68   ffixi.o
        18          0          0          0          0         68   fflti.o
       100          0          0          0          0         76   fmul.o

    ----------------------------------------------------------------------
      4584        128          0          8          0       2952   Library Totals
         2          0          0          0          0          0   (incl. Padding)

    ----------------------------------------------------------------------

      Code (inc. data)   RO Data    RW Data    ZI Data      Debug   Library Name

      2778        128          0          8          0       1320   mc_w.l
      1804          0          0          0          0       1632   mf_w.l

    ----------------------------------------------------------------------
      4584        128          0          8          0       2952   Library Totals

    ----------------------------------------------------------------------

==============================================================================


      Code (inc. data)   RO Data    RW Data    ZI Data      Debug   

     26980       3038      49040        284      15156     786533   Grand Totals
     26980       3038      49040        284      15156     786533   ELF Image Totals
     26980       3038      49040        284          0          0   ROM Totals

==============================================================================

    Total RO  Size (Code + RO Data)                76020 (  74.24kB)
    Total RW  Size (RW Data + ZI Data)             15440 (  15.08kB)
    Total ROM Size (Code + RO Data + RW Data)      76304 (  74.52kB)

==============================================================================

