<html>
<body>
<pre>
<h1>µVision Build Log</h1>
<h2>Tool Versions:</h2>
IDE-Version: ¦ÌVision V5.34.0.0
Copyright (C) 2021 ARM Ltd and ARM Germany GmbH. All rights reserved.
License Information: Steve Roland, Huawei, LIC=PE7DL-0XUWQ-RAQDM-XBM01-CLL2G-U8C7K
 
Tool Versions:
Toolchain:       MDK-ARM Plus  Version: 5.34.0.0
Toolchain Path:  D:\Keil_v5\ARM\ARMCC\Bin
C Compiler:      Armcc.exe V5.06 update 7 (build 960)
Assembler:       Armasm.exe V5.06 update 7 (build 960)
Linker/Locator:  ArmLink.exe V5.06 update 7 (build 960)
Library Manager: ArmAr.exe V5.06 update 7 (build 960)
Hex Converter:   FromElf.exe V5.06 update 7 (build 960)
CPU DLL:         SARMCM3.DLL V5.34.0.0
Dialog DLL:      DCM.DLL V1.17.3.0
Target DLL:      CMSIS_AGDI.dll V1.32.13.0
Dialog DLL:      TCM.DLL V1.48.0.0
 
<h2>Project:</h2>
F:\KeilProjects\STM32F1\STM32F103c8_MiniCar\USER\FreeRtosTemp.uvprojx
Project File Date:  05/20/2023

<h2>Output:</h2>
*** Using Compiler 'V5.06 update 7 (build 960)', folder: 'D:\Keil_v5\ARM\ARMCC\Bin'
Rebuild target 'Template'
compiling stm32f10x_it.c...
compiling main.c...
compiling iwdg.c...
compiling system_stm32f10x.c...
compiling delay.c...
compiling vsensor.c...
compiling led.c...
compiling motor.c...
compiling timer.c...
compiling key.c...
compiling Zigbee.c...
assembling startup_stm32f10x_md.s...
compiling sys.c...
compiling core_cm3.c...
compiling usart.c...
compiling misc.c...
compiling stm32f10x_dbgmcu.c...
compiling stm32f10x_gpio.c...
compiling stm32f10x_iwdg.c...
compiling stm32f10x_rcc.c...
compiling tea.c...
compiling stm32f10x_usart.c...
compiling stm32f10x_tim.c...
compiling PID.c...
compiling port.c...
compiling croutine.c...
compiling heap_4.c...
compiling list.c...
compiling event_groups.c...
compiling timers.c...
compiling queue.c...
compiling tasks.c...
linking...
Program Size: Code=17328 RO-data=268 RW-data=248 ZI-data=8456  
FromELF: creating hex file...
"..\OBJ\LED.axf" - 0 Error(s), 0 Warning(s).

<h2>Software Packages used:</h2>

Package Vendor: Keil
                http://www.keil.com/pack/Keil.STM32F1xx_DFP.2.4.0.pack
                Keil.STM32F1xx_DFP.2.4.0
                STMicroelectronics STM32F1 Series Device Support, Drivers and Examples

<h2>Collection of Component include folders:</h2>
  D:\Keil_v5\ARM\PACK\Keil\STM32F1xx_DFP\2.4.0\Device\Include

<h2>Collection of Component Files used:</h2>
Build Time Elapsed:  00:00:02
</pre>
</body>
</html>
